Component: ARM Compiler 5.05 update 2 (build 169) Tool: armlink [4d0f33]

==============================================================================

Section Cross References

    system_stm32f10x.o(i.SetSysClock) refers to system_stm32f10x.o(i.SetSysClockTo72) for SetSysClockTo72
    system_stm32f10x.o(i.SystemCoreClockUpdate) refers to system_stm32f10x.o(.data) for SystemCoreClock
    system_stm32f10x.o(i.SystemInit) refers to system_stm32f10x.o(i.SetSysClock) for SetSysClock
    stm32f10x_adc.o(i.ADC_DeInit) refers to stm32f10x_rcc.o(i.RCC_APB2PeriphResetCmd) for RCC_APB2PeriphResetCmd
    stm32f10x_bkp.o(i.BKP_DeInit) refers to stm32f10x_rcc.o(i.RCC_BackupResetCmd) for RCC_BackupResetCmd
    stm32f10x_can.o(i.CAN_DeInit) refers to stm32f10x_rcc.o(i.RCC_APB1PeriphResetCmd) for RCC_APB1PeriphResetCmd
    stm32f10x_can.o(i.CAN_GetITStatus) refers to stm32f10x_can.o(i.CheckITStatus) for CheckITStatus
    stm32f10x_cec.o(i.CEC_DeInit) refers to stm32f10x_rcc.o(i.RCC_APB1PeriphResetCmd) for RCC_APB1PeriphResetCmd
    stm32f10x_dac.o(i.DAC_DeInit) refers to stm32f10x_rcc.o(i.RCC_APB1PeriphResetCmd) for RCC_APB1PeriphResetCmd
    stm32f10x_flash.o(i.FLASH_EnableWriteProtection) refers to stm32f10x_flash.o(i.FLASH_WaitForLastOperation) for FLASH_WaitForLastOperation
    stm32f10x_flash.o(i.FLASH_EraseAllBank1Pages) refers to stm32f10x_flash.o(i.FLASH_WaitForLastBank1Operation) for FLASH_WaitForLastBank1Operation
    stm32f10x_flash.o(i.FLASH_EraseAllPages) refers to stm32f10x_flash.o(i.FLASH_WaitForLastOperation) for FLASH_WaitForLastOperation
    stm32f10x_flash.o(i.FLASH_EraseOptionBytes) refers to stm32f10x_flash.o(i.FLASH_GetReadOutProtectionStatus) for FLASH_GetReadOutProtectionStatus
    stm32f10x_flash.o(i.FLASH_EraseOptionBytes) refers to stm32f10x_flash.o(i.FLASH_WaitForLastOperation) for FLASH_WaitForLastOperation
    stm32f10x_flash.o(i.FLASH_ErasePage) refers to stm32f10x_flash.o(i.FLASH_WaitForLastOperation) for FLASH_WaitForLastOperation
    stm32f10x_flash.o(i.FLASH_ProgramHalfWord) refers to stm32f10x_flash.o(i.FLASH_WaitForLastOperation) for FLASH_WaitForLastOperation
    stm32f10x_flash.o(i.FLASH_ProgramOptionByteData) refers to stm32f10x_flash.o(i.FLASH_WaitForLastOperation) for FLASH_WaitForLastOperation
    stm32f10x_flash.o(i.FLASH_ProgramWord) refers to stm32f10x_flash.o(i.FLASH_WaitForLastOperation) for FLASH_WaitForLastOperation
    stm32f10x_flash.o(i.FLASH_ReadOutProtection) refers to stm32f10x_flash.o(i.FLASH_WaitForLastOperation) for FLASH_WaitForLastOperation
    stm32f10x_flash.o(i.FLASH_UserOptionByteConfig) refers to stm32f10x_flash.o(i.FLASH_WaitForLastOperation) for FLASH_WaitForLastOperation
    stm32f10x_flash.o(i.FLASH_WaitForLastBank1Operation) refers to stm32f10x_flash.o(i.FLASH_GetBank1Status) for FLASH_GetBank1Status
    stm32f10x_flash.o(i.FLASH_WaitForLastOperation) refers to stm32f10x_flash.o(i.FLASH_GetBank1Status) for FLASH_GetBank1Status
    stm32f10x_gpio.o(i.GPIO_AFIODeInit) refers to stm32f10x_rcc.o(i.RCC_APB2PeriphResetCmd) for RCC_APB2PeriphResetCmd
    stm32f10x_gpio.o(i.GPIO_DeInit) refers to stm32f10x_rcc.o(i.RCC_APB2PeriphResetCmd) for RCC_APB2PeriphResetCmd
    stm32f10x_i2c.o(i.I2C_DeInit) refers to stm32f10x_rcc.o(i.RCC_APB1PeriphResetCmd) for RCC_APB1PeriphResetCmd
    stm32f10x_i2c.o(i.I2C_Init) refers to stm32f10x_rcc.o(i.RCC_GetClocksFreq) for RCC_GetClocksFreq
    stm32f10x_pwr.o(i.PWR_DeInit) refers to stm32f10x_rcc.o(i.RCC_APB1PeriphResetCmd) for RCC_APB1PeriphResetCmd
    stm32f10x_rcc.o(i.RCC_GetClocksFreq) refers to stm32f10x_rcc.o(.data) for APBAHBPrescTable
    stm32f10x_rcc.o(i.RCC_WaitForHSEStartUp) refers to stm32f10x_rcc.o(i.RCC_GetFlagStatus) for RCC_GetFlagStatus
    stm32f10x_rtc.o(i.RTC_SetAlarm) refers to stm32f10x_rtc.o(i.RTC_EnterConfigMode) for RTC_EnterConfigMode
    stm32f10x_rtc.o(i.RTC_SetAlarm) refers to stm32f10x_rtc.o(i.RTC_ExitConfigMode) for RTC_ExitConfigMode
    stm32f10x_rtc.o(i.RTC_SetCounter) refers to stm32f10x_rtc.o(i.RTC_EnterConfigMode) for RTC_EnterConfigMode
    stm32f10x_rtc.o(i.RTC_SetCounter) refers to stm32f10x_rtc.o(i.RTC_ExitConfigMode) for RTC_ExitConfigMode
    stm32f10x_rtc.o(i.RTC_SetPrescaler) refers to stm32f10x_rtc.o(i.RTC_EnterConfigMode) for RTC_EnterConfigMode
    stm32f10x_rtc.o(i.RTC_SetPrescaler) refers to stm32f10x_rtc.o(i.RTC_ExitConfigMode) for RTC_ExitConfigMode
    stm32f10x_spi.o(i.I2S_Init) refers to stm32f10x_rcc.o(i.RCC_GetClocksFreq) for RCC_GetClocksFreq
    stm32f10x_spi.o(i.SPI_I2S_DeInit) refers to stm32f10x_rcc.o(i.RCC_APB2PeriphResetCmd) for RCC_APB2PeriphResetCmd
    stm32f10x_spi.o(i.SPI_I2S_DeInit) refers to stm32f10x_rcc.o(i.RCC_APB1PeriphResetCmd) for RCC_APB1PeriphResetCmd
    stm32f10x_tim.o(i.TIM_DeInit) refers to stm32f10x_rcc.o(i.RCC_APB2PeriphResetCmd) for RCC_APB2PeriphResetCmd
    stm32f10x_tim.o(i.TIM_DeInit) refers to stm32f10x_rcc.o(i.RCC_APB1PeriphResetCmd) for RCC_APB1PeriphResetCmd
[...]
    Removing ml_math_func.o(i.inv_big8_to_int32), (26 bytes).
    Removing ml_math_func.o(i.inv_biquad_filter_process), (104 bytes).
    Removing ml_math_func.o(i.inv_calc_state_to_match_output), (50 bytes).
    Removing ml_math_func.o(i.inv_checksum), (30 bytes).
    Removing ml_math_func.o(i.inv_compass_angle), (162 bytes).
    Removing ml_math_func.o(i.inv_convert_to_body), (82 bytes).
    Removing ml_math_func.o(i.inv_convert_to_body_with_scale), (114 bytes).
    Removing ml_math_func.o(i.inv_convert_to_chip), (82 bytes).
    Removing ml_math_func.o(i.inv_cosf), (52 bytes).
    Removing ml_math_func.o(i.inv_get_cross_product_vec), (98 bytes).
    Removing ml_math_func.o(i.inv_get_gyro_sum_of_sqr), (28 bytes).
    Removing ml_math_func.o(i.inv_init_biquad_filter), (34 bytes).
    Removing ml_math_func.o(i.inv_int16_to_big8), (12 bytes).
    Removing ml_math_func.o(i.inv_int32_to_big8), (20 bytes).
    Removing ml_math_func.o(i.inv_little8_to_int16), (14 bytes).
    Removing ml_math_func.o(i.inv_matrix_det), (160 bytes).
    Removing ml_math_func.o(i.inv_matrix_det_inc), (100 bytes).
    Removing ml_math_func.o(i.inv_matrix_det_incd), (108 bytes).
    Removing ml_math_func.o(i.inv_matrix_detd), (220 bytes).
    Removing ml_math_func.o(i.inv_orientation_matrix_to_scalar), (40 bytes).
    Removing ml_math_func.o(i.inv_q29_mult), (18 bytes).
    Removing ml_math_func.o(i.inv_q30_div), (40 bytes).
    Removing ml_math_func.o(i.inv_q30_mult), (18 bytes).
    Removing ml_math_func.o(i.inv_q30_to_double), (28 bytes).
    Removing ml_math_func.o(i.inv_q30_to_float), (22 bytes).
    Removing ml_math_func.o(i.inv_q_add), (36 bytes).
    Removing ml_math_func.o(i.inv_q_addf), (50 bytes).
    Removing ml_math_func.o(i.inv_q_invert), (24 bytes).
    Removing ml_math_func.o(i.inv_q_invertf), (30 bytes).
    Removing ml_math_func.o(i.inv_q_mult), (178 bytes).
    Removing ml_math_func.o(i.inv_q_multf), (270 bytes).
    Removing ml_math_func.o(i.inv_q_norm4), (146 bytes).
    Removing ml_math_func.o(i.inv_q_normalize), (14 bytes).
    Removing ml_math_func.o(i.inv_q_normalizef), (366 bytes).
    Removing ml_math_func.o(i.inv_q_rotate), (66 bytes).
    Removing ml_math_func.o(i.inv_q_shift_mult), (32 bytes).
    Removing ml_math_func.o(i.inv_quaternion_to_rotation), (218 bytes).
    Removing ml_math_func.o(i.inv_quaternion_to_rotation_vector), (60 bytes).
    Removing ml_math_func.o(i.inv_row_2_scale), (78 bytes).
    Removing ml_math_func.o(i.inv_sinf), (52 bytes).
    Removing ml_math_func.o(i.inv_vector_norm), (66 bytes).
    Removing ml_math_func.o(i.inv_vector_normalize), (188 bytes).
    Removing ml_math_func.o(i.inv_wrap_angle), (72 bytes).
    Removing ml_math_func.o(i.mlMatrixVectorMult), (62 bytes).
    Removing ml_math_func.o(i.quaternion_to_rotation_angle), (136 bytes).
    Removing ml_math_func.o(.constdata), (1024 bytes).
    Removing storage_manager.o(i.inv_find_entry), (48 bytes).
    Removing storage_manager.o(i.inv_get_mpl_state_size), (16 bytes).
    Removing storage_manager.o(i.inv_init_storage_manager), (24 bytes).
    Removing storage_manager.o(i.inv_load_mpl_states), (176 bytes).
    Removing storage_manager.o(i.inv_register_load_store), (144 bytes).
    Removing storage_manager.o(i.inv_save_mpl_states), (164 bytes).
    Removing storage_manager.o(.bss), (408 bytes).
    Removing results_holder.o(i.inv_enable_results_holder), (32 bytes).
    Removing results_holder.o(i.inv_generate_results), (16 bytes).
    Removing results_holder.o(i.inv_get_6axis_quaternion), (24 bytes).
    Removing results_holder.o(i.inv_get_acc_state), (12 bytes).
    Removing results_holder.o(i.inv_get_accel), (24 bytes).
    Removing results_holder.o(i.inv_get_accel_float), (56 bytes).
    Removing results_holder.o(i.inv_get_compass_bias_error), (16 bytes).
    Removing results_holder.o(i.inv_get_compass_correction), (24 bytes).
    Removing results_holder.o(i.inv_get_compass_state), (12 bytes).
    Removing results_holder.o(i.inv_get_gravity), (96 bytes).
    Removing results_holder.o(i.inv_get_gyro_float), (58 bytes).
    Removing results_holder.o(i.inv_get_heading_confidence_interval), (12 bytes).
    Removing results_holder.o(i.inv_get_large_mag_field), (12 bytes).
    Removing results_holder.o(i.inv_get_linear_accel), (60 bytes).
    Removing results_holder.o(i.inv_get_linear_accel_float), (56 bytes).
    Removing results_holder.o(i.inv_get_local_field), (16 bytes).
    Removing results_holder.o(i.inv_get_mag_scale), (16 bytes).
    Removing results_holder.o(i.inv_get_motion_state), (20 bytes).
    Removing results_holder.o(i.inv_get_quaternion), (60 bytes).
    Removing results_holder.o(i.inv_get_quaternion_float), (50 bytes).
    Removing results_holder.o(i.inv_get_quaternion_set), (68 bytes).
    Removing results_holder.o(i.inv_got_accel_bias), (12 bytes).
    Removing results_holder.o(i.inv_got_compass_bias), (12 bytes).
    Removing results_holder.o(i.inv_init_results_holder), (56 bytes).
    Removing results_holder.o(i.inv_q30_to_float), (22 bytes).
    Removing results_holder.o(i.inv_set_acc_state), (12 bytes).
    Removing results_holder.o(i.inv_set_accel_bias_found), (12 bytes).
    Removing results_holder.o(i.inv_set_compass_bias_error), (20 bytes).
    Removing results_holder.o(i.inv_set_compass_bias_found), (12 bytes).
    Removing results_holder.o(i.inv_set_compass_correction), (36 bytes).
    Removing results_holder.o(i.inv_set_compass_state), (12 bytes).
    Removing results_holder.o(i.inv_set_heading_confidence_interval), (12 bytes).
    Removing results_holder.o(i.inv_set_large_mag_field), (12 bytes).
    Removing results_holder.o(i.inv_set_local_field), (20 bytes).
    Removing results_holder.o(i.inv_set_mag_scale), (20 bytes).
    Removing results_holder.o(i.inv_set_motion_state), (80 bytes).
    Removing results_holder.o(i.inv_start_results_holder), (24 bytes).
    Removing results_holder.o(i.inv_store_gaming_quaternion), (36 bytes).
    Removing results_holder.o(.bss), (136 bytes).
    Removing message_layer.o(i.inv_get_message_level_0), (20 bytes).
    Removing message_layer.o(i.inv_set_message), (28 bytes).
    Removing message_layer.o(.data), (4 bytes).
    Removing start_manager.o(i.inv_execute_mpl_start_notification), (44 bytes).
    Removing start_manager.o(i.inv_init_start_manager), (20 bytes).
    Removing start_manager.o(i.inv_register_mpl_start_notification), (44 bytes).
    Removing start_manager.o(i.inv_unregister_mpl_start_notification), (96 bytes).
    Removing start_manager.o(.bss), (84 bytes).
    Removing fast_no_motion.o(.text), (2548 bytes).
    Removing fast_no_motion.o(.bss), (672 bytes).
    Removing fast_no_motion.o(.constdata), (22 bytes).
    Removing fusion_9axis.o(.text), (1628 bytes).
    Removing fusion_9axis.o(.bss), (312 bytes).
    Removing gyro_tc.o(.text), (1212 bytes).
    Removing gyro_tc.o(.bss), (452 bytes).
    Removing quaternion_supervisor.o(.text), (2368 bytes).
    Removing quaternion_supervisor.o(.bss), (108 bytes).
    Removing mag_disturb.o(.text), (1360 bytes).
    Removing mag_disturb.o(.bss), (184 bytes).
    Removing fadd.o(.text), (176 bytes).
    Removing fmul.o(.text), (100 bytes).
    Removing fdiv.o(.text), (124 bytes).
    Removing fscalb.o(.text), (24 bytes).
    Removing dscalb.o(.text), (46 bytes).
    Removing ffltui.o(.text), (10 bytes).
    Removing ffltl.o(.text), (44 bytes).
    Removing dflti.o(.text), (34 bytes).
    Removing ffixi.o(.text), (50 bytes).
    Removing ffixui.o(.text), (40 bytes).
    Removing ffixl.o(.text), (66 bytes).
    Removing dfixui.o(.text), (50 bytes).
    Removing cdcmple.o(.text), (48 bytes).
    Removing d2f.o(.text), (56 bytes).
    Removing cfcmple.o(.text), (20 bytes).
    Removing cfrcmple.o(.text), (20 bytes).
    Removing fsqrt.o(.text), (94 bytes).
    Removing frnd.o(.text), (60 bytes).
    Removing dsqrt.o(.text), (162 bytes).

893 unused section(s) (total 77557 bytes) removed from the image.

==============================================================================

Image Symbol Table

    Local Symbols

    Symbol Name                              Value     Ov Type        Size  Object(Section)

    ../clib/microlib/division.c              0x00000000   Number         0  uldiv.o ABSOLUTE
    ../clib/microlib/division.c              0x00000000   Number         0  ldiv.o ABSOLUTE
    ../clib/microlib/division.c              0x00000000   Number         0  uidiv.o ABSOLUTE
    ../clib/microlib/errno.c                 0x00000000   Number         0  errno.o ABSOLUTE
    ../clib/microlib/init/entry.s            0x00000000   Number         0  entry8b.o ABSOLUTE
    ../clib/microlib/init/entry.s            0x00000000   Number         0  entry2.o ABSOLUTE
    ../clib/microlib/init/entry.s            0x00000000   Number         0  entry5.o ABSOLUTE
    ../clib/microlib/init/entry.s            0x00000000   Number         0  entry7a.o ABSOLUTE
    ../clib/microlib/init/entry.s            0x00000000   Number         0  entry8a.o ABSOLUTE
    ../clib/microlib/init/entry.s            0x00000000   Number         0  entry.o ABSOLUTE
    ../clib/microlib/init/entry.s            0x00000000   Number         0  entry11b.o ABSOLUTE
    ../clib/microlib/init/entry.s            0x00000000   Number         0  entry9a.o ABSOLUTE
    ../clib/microlib/init/entry.s            0x00000000   Number         0  entry9b.o ABSOLUTE
    ../clib/microlib/init/entry.s            0x00000000   Number         0  entry10a.o ABSOLUTE
    ../clib/microlib/init/entry.s            0x00000000   Number         0  entry10b.o ABSOLUTE
    ../clib/microlib/init/entry.s            0x00000000   Number         0  entry11a.o ABSOLUTE
    ../clib/microlib/init/entry.s            0x00000000   Number         0  entry7b.o ABSOLUTE
    ../clib/microlib/longlong.c              0x00000000   Number         0  llsshr.o ABSOLUTE
    ../clib/microlib/longlong.c              0x00000000   Number         0  llshl.o ABSOLUTE
    ../clib/microlib/longlong.c              0x00000000   Number         0  llushr.o ABSOLUTE
    ../clib/microlib/malloc/malloc.c         0x00000000   Number         0  mallocra.o ABSOLUTE
    ../clib/microlib/malloc/malloc.c         0x00000000   Number         0  malloc.o ABSOLUTE
    ../clib/microlib/malloc/malloc.c         0x00000000   Number         0  malloca.o ABSOLUTE
    ../clib/microlib/malloc/malloc.c         0x00000000   Number         0  mallocr.o ABSOLUTE
    ../clib/microlib/malloc/mvars.c          0x00000000   Number         0  mvars.o ABSOLUTE
    ../clib/microlib/printf/printf.c         0x00000000   Number         0  printfb.o ABSOLUTE
    ../clib/microlib/printf/printf.c         0x00000000   Number         0  printf2.o ABSOLUTE
    ../clib/microlib/printf/printf.c         0x00000000   Number         0  printf3.o ABSOLUTE
    ../clib/microlib/printf/printf.c         0x00000000   Number         0  printf4.o ABSOLUTE
    ../clib/microlib/printf/printf.c         0x00000000   Number         0  printf5.o ABSOLUTE
    ../clib/microlib/printf/printf.c         0x00000000   Number         0  printf6.o ABSOLUTE
    ../clib/microlib/printf/printf.c         0x00000000   Number         0  printf7.o ABSOLUTE
    ../clib/microlib/printf/printf.c         0x00000000   Number         0  printf8.o ABSOLUTE
    ../clib/microlib/printf/printf.c         0x00000000   Number         0  printfa.o ABSOLUTE
    ../clib/microlib/printf/printf.c         0x00000000   Number         0  printf0.o ABSOLUTE
    ../clib/microlib/printf/printf.c         0x00000000   Number         0  printf1.o ABSOLUTE
    ../clib/microlib/printf/stubs.s          0x00000000   Number         0  stubs.o ABSOLUTE
    ../clib/microlib/stdio/fputc.c           0x00000000   Number         0  fputc.o ABSOLUTE
    ../clib/microlib/stdio/semi.s            0x00000000   Number         0  semi.o ABSOLUTE
    ../clib/microlib/stdio/streams.c         0x00000000   Number         0  stdout.o ABSOLUTE
    ../clib/microlib/string/memcmp.c         0x00000000   Number         0  memcmp.o ABSOLUTE
    ../clib/microlib/string/memcpy.c         0x00000000   Number         0  memmovea.o ABSOLUTE
    ../clib/microlib/string/memcpy.c         0x00000000   Number         0  memcpyb.o ABSOLUTE
    ../clib/microlib/string/memcpy.c         0x00000000   Number         0  memmoveb.o ABSOLUTE
    ../clib/microlib/string/memcpy.c         0x00000000   Number         0  memcpya.o ABSOLUTE
    ../clib/microlib/string/memset.c         0x00000000   Number         0  memseta.o ABSOLUTE
    ../clib/microlib/stubs.s                 0x00000000   Number         0  iusefp.o ABSOLUTE
    ../clib/microlib/stubs.s                 0x00000000   Number         0  iusesemip.o ABSOLUTE
    ../fplib/microlib/d2f.c                  0x00000000   Number         0  d2f.o ABSOLUTE
    ../fplib/microlib/f2d.c                  0x00000000   Number         0  f2d.o ABSOLUTE
    ../fplib/microlib/fpadd.c                0x00000000   Number         0  fadd.o ABSOLUTE
    ../fplib/microlib/fpadd.c                0x00000000   Number         0  dadd.o ABSOLUTE
    ../fplib/microlib/fpdiv.c                0x00000000   Number         0  ddiv.o ABSOLUTE
    ../fplib/microlib/fpdiv.c                0x00000000   Number         0  fdiv.o ABSOLUTE
    ../fplib/microlib/fpepilogue.c           0x00000000   Number         0  fepilogue.o ABSOLUTE
    ../fplib/microlib/fpepilogue.c           0x00000000   Number         0  depilogue.o ABSOLUTE
    ../fplib/microlib/fpfix.c                0x00000000   Number         0  ffixl.o ABSOLUTE
    ../fplib/microlib/fpfix.c                0x00000000   Number         0  dfixi.o ABSOLUTE
    ../fplib/microlib/fpfix.c                0x00000000   Number         0  ffixui.o ABSOLUTE
    ../fplib/microlib/fpfix.c                0x00000000   Number         0  dfixul.o ABSOLUTE
    ../fplib/microlib/fpfix.c                0x00000000   Number         0  dfixui.o ABSOLUTE
    ../fplib/microlib/fpfix.c                0x00000000   Number         0  ffixi.o ABSOLUTE
    ../fplib/microlib/fpflt.c                0x00000000   Number         0  fflti.o ABSOLUTE
    ../fplib/microlib/fpflt.c                0x00000000   Number         0  ffltl.o ABSOLUTE
    ../fplib/microlib/fpflt.c                0x00000000   Number         0  dflti.o ABSOLUTE
    ../fplib/microlib/fpflt.c                0x00000000   Number         0  ffltui.o ABSOLUTE
    ../fplib/microlib/fpflt.c                0x00000000   Number         0  dfltui.o ABSOLUTE
    ../fplib/microlib/fpmul.c                0x00000000   Number         0  fmul.o ABSOLUTE
    ../fplib/microlib/fpmul.c                0x00000000   Number         0  dmul.o ABSOLUTE
    ../fplib/microlib/fprnd.c                0x00000000   Number         0  frnd.o ABSOLUTE
    ../fplib/microlib/fpscalb.c              0x00000000   Number         0  fscalb.o ABSOLUTE
    ../fplib/microlib/fpscalb.c              0x00000000   Number         0  dscalb.o ABSOLUTE
    ../fplib/microlib/fpsqrt.c               0x00000000   Number         0  fsqrt.o ABSOLUTE
    ../fplib/microlib/fpsqrt.c               0x00000000   Number         0  dsqrt.o ABSOLUTE
    ../mathlib/acos.c                        0x00000000   Number         0  acos_x.o ABSOLUTE
    ../mathlib/acos.c                        0x00000000   Number         0  acos.o ABSOLUTE
    ../mathlib/acosf.c                       0x00000000   Number         0  acosf_x.o ABSOLUTE
    ../mathlib/acosf.c                       0x00000000   Number         0  acosf.o ABSOLUTE
    ../mathlib/asinf.c                       0x00000000   Number         0  asinf.o ABSOLUTE
    ../mathlib/asinf.c                       0x00000000   Number         0  asinf_x.o ABSOLUTE
    ../mathlib/atan2f.c                      0x00000000   Number         0  atan2f_x.o ABSOLUTE
    ../mathlib/atan2f.c                      0x00000000   Number         0  atan2f.o ABSOLUTE
    ../mathlib/cosf.c                        0x00000000   Number         0  cosf_x.o ABSOLUTE
    ../mathlib/cosf.c                        0x00000000   Number         0  cosf.o ABSOLUTE
    ../mathlib/dunder.c                      0x00000000   Number         0  dunder.o ABSOLUTE
    ../mathlib/fpclassifyf.c                 0x00000000   Number         0  fpclassifyf.o ABSOLUTE
    ../mathlib/funder.c                      0x00000000   Number         0  funder.o ABSOLUTE
    ../mathlib/poly.c                        0x00000000   Number         0  poly.o ABSOLUTE
    ../mathlib/rredf.c                       0x00000000   Number         0  rredf.o ABSOLUTE
    ../mathlib/sinf.c                        0x00000000   Number         0  sinf.o ABSOLUTE
    ../mathlib/sinf.c                        0x00000000   Number         0  sinf_x.o ABSOLUTE
    ../mathlib/sqrt.c                        0x00000000   Number         0  sqrt_x.o ABSOLUTE
    ../mathlib/sqrt.c                        0x00000000   Number         0  sqrt.o ABSOLUTE
    ../mathlib/sqrtf.c                       0x00000000   Number         0  sqrtf_x.o ABSOLUTE
    ../mathlib/sqrtf.c                       0x00000000   Number         0  sqrtf.o ABSOLUTE
    ..\Libraries\ADC\bsp_adc.c               0x00000000   Number         0  bsp_adc.o ABSOLUTE
    ..\Libraries\CMSIS\core_cm3.c            0x00000000   Number         0  core_cm3.o ABSOLUTE
    ..\Libraries\CMSIS\startup\startup_stm32f10x_md.s 0x00000000   Number         0  startup_stm32f10x_md.o ABSOLUTE
    ..\Libraries\CMSIS\system_stm32f10x.c    0x00000000   Number         0  system_stm32f10x.o ABSOLUTE
    ..\Libraries\EXTI\bsp_exti.c             0x00000000   Number         0  bsp_exti.o ABSOLUTE
    ..\Libraries\FWlib\src\misc.c            0x00000000   Number         0  misc.o ABSOLUTE
    ..\Libraries\FWlib\src\stm32f10x_adc.c   0x00000000   Number         0  stm32f10x_adc.o ABSOLUTE
    ..\Libraries\FWlib\src\stm32f10x_bkp.c   0x00000000   Number         0  stm32f10x_bkp.o ABSOLUTE
    ..\Libraries\FWlib\src\stm32f10x_can.c   0x00000000   Number         0  stm32f10x_can.o ABSOLUTE
    ..\Libraries\FWlib\src\stm32f10x_cec.c   0x00000000   Number         0  stm32f10x_cec.o ABSOLUTE
    ..\Libraries\FWlib\src\stm32f10x_crc.c   0x00000000   Number         0  stm32f10x_crc.o ABSOLUTE
    ..\Libraries\FWlib\src\stm32f10x_dac.c   0x00000000   Number         0  stm32f10x_dac.o ABSOLUTE
    ..\Libraries\FWlib\src\stm32f10x_dbgmcu.c 0x00000000   Number         0  stm32f10x_dbgmcu.o ABSOLUTE
    ..\Libraries\FWlib\src\stm32f10x_dma.c   0x00000000   Number         0  stm32f10x_dma.o ABSOLUTE
    ..\Libraries\FWlib\src\stm32f10x_exti.c  0x00000000   Number         0  stm32f10x_exti.o ABSOLUTE
    ..\Libraries\FWlib\src\stm32f10x_flash.c 0x00000000   Number         0  stm32f10x_flash.o ABSOLUTE
    ..\Libraries\FWlib\src\stm32f10x_fsmc.c  0x00000000   Number         0  stm32f10x_fsmc.o ABSOLUTE
    ..\Libraries\FWlib\src\stm32f10x_gpio.c  0x00000000   Number         0  stm32f10x_gpio.o ABSOLUTE
    ..\Libraries\FWlib\src\stm32f10x_i2c.c   0x00000000   Number         0  stm32f10x_i2c.o ABSOLUTE
    ..\Libraries\FWlib\src\stm32f10x_iwdg.c  0x00000000   Number         0  stm32f10x_iwdg.o ABSOLUTE
    ..\Libraries\FWlib\src\stm32f10x_pwr.c   0x00000000   Number         0  stm32f10x_pwr.o ABSOLUTE
    ..\Libraries\FWlib\src\stm32f10x_rcc.c   0x00000000   Number         0  stm32f10x_rcc.o ABSOLUTE
    ..\Libraries\FWlib\src\stm32f10x_rtc.c   0x00000000   Number         0  stm32f10x_rtc.o ABSOLUTE
    ..\Libraries\FWlib\src\stm32f10x_sdio.c  0x00000000   Number         0  stm32f10x_sdio.o ABSOLUTE
    ..\Libraries\FWlib\src\stm32f10x_spi.c   0x00000000   Number         0  stm32f10x_spi.o ABSOLUTE
    ..\Libraries\FWlib\src\stm32f10x_tim.c   0x00000000   Number         0  stm32f10x_tim.o ABSOLUTE
    ..\Libraries\FWlib\src\stm32f10x_usart.c 0x00000000   Number         0  stm32f10x_usart.o ABSOLUTE
    ..\Libraries\FWlib\src\stm32f10x_wwdg.c  0x00000000   Number         0  stm32f10x_wwdg.o ABSOLUTE
    ..\Libraries\GPIO\bsp_gpio.c             0x00000000   Number         0  bsp_gpio.o ABSOLUTE
    ..\Libraries\HC_SR04\bsp_hc_sr04.c       0x00000000   Number         0  bsp_hc_sr04.o ABSOLUTE
    ..\Libraries\IIC\bsp_hard_i2c.c          0x00000000   Number         0  bsp_hard_i2c.o ABSOLUTE
    ..\Libraries\IIC\bsp_iic.c               0x00000000   Number         0  bsp_iic.o ABSOLUTE
    ..\Libraries\IIC\bsp_soft_i2c.c          0x00000000   Number         0  bsp_soft_i2c.o ABSOLUTE
    ..\Libraries\KEY\bsp_key.c               0x00000000   Number         0  bsp_key.o ABSOLUTE
    ..\Libraries\LED\bsp_led.c               0x00000000   Number         0  bsp_led.o ABSOLUTE
    ..\Libraries\MOTOR\bsp_520Motor.c        0x00000000   Number         0  bsp_520motor.o ABSOLUTE
    ..\Libraries\MOTOR\bsp_control.c         0x00000000   Number         0  bsp_control.o ABSOLUTE
    ..\Libraries\MPU6050\Middlewares\driver\eMPL\inv_mpu.c 0x00000000   Number         0  inv_mpu.o ABSOLUTE
    ..\Libraries\MPU6050\Middlewares\driver\eMPL\inv_mpu_dmp_motion_driver.c 0x00000000   Number         0  inv_mpu_dmp_motion_driver.o ABSOLUTE
    ..\Libraries\MPU6050\Middlewares\driver\stm32L\log_stm32.c 0x00000000   Number         0  log_stm32.o ABSOLUTE
    ..\Libraries\MPU6050\Middlewares\eMPL-hal\eMPL_outputs.c 0x00000000   Number         0  empl_outputs.o ABSOLUTE
    ..\Libraries\MPU6050\Middlewares\mllite\data_builder.c 0x00000000   Number         0  data_builder.o ABSOLUTE
    ..\Libraries\MPU6050\Middlewares\mllite\hal_outputs.c 0x00000000   Number         0  hal_outputs.o ABSOLUTE
    ..\Libraries\MPU6050\Middlewares\mllite\message_layer.c 0x00000000   Number         0  message_layer.o ABSOLUTE
    ..\Libraries\MPU6050\Middlewares\mllite\ml_math_func.c 0x00000000   Number         0  ml_math_func.o ABSOLUTE
    ..\Libraries\MPU6050\Middlewares\mllite\mpl.c 0x00000000   Number         0  mpl.o ABSOLUTE
    ..\Libraries\MPU6050\Middlewares\mllite\results_holder.c 0x00000000   Number         0  results_holder.o ABSOLUTE
    ..\Libraries\MPU6050\Middlewares\mllite\start_manager.c 0x00000000   Number         0  start_manager.o ABSOLUTE
    ..\Libraries\MPU6050\Middlewares\mllite\storage_manager.c 0x00000000   Number         0  storage_manager.o ABSOLUTE
    ..\Libraries\MPU6050\Middlewares\porting\mpu6050_SL.c 0x00000000   Number         0  mpu6050_sl.o ABSOLUTE
    ..\Libraries\MPU6050\mpu6050.c           0x00000000   Number         0  mpu6050.o ABSOLUTE
    ..\Libraries\NRF24L01P\nrf24l01p.c       0x00000000   Number         0  nrf24l01p.o ABSOLUTE
    ..\Libraries\NRF_CONTROLLER\controller_decode.c 0x00000000   Number         0  controller_decode.o ABSOLUTE
    ..\Libraries\NRF_CONTROLLER\nrf_controller.c 0x00000000   Number         0  nrf_controller.o ABSOLUTE
    ..\Libraries\OLED\bsp_TFT_Font.c         0x00000000   Number         0  bsp_tft_font.o ABSOLUTE
    ..\Libraries\OLED\oled.c                 0x00000000   Number         0  oled.o ABSOLUTE
    ..\Libraries\SPI\bsp_spi.c               0x00000000   Number         0  bsp_spi.o ABSOLUTE
    ..\Libraries\SysTick\bsp_SysTick.c       0x00000000   Number         0  bsp_systick.o ABSOLUTE
    ..\Libraries\TIM\bsp_encoder.c           0x00000000   Number         0  bsp_encoder.o ABSOLUTE
    ..\Libraries\TIM\bsp_pwm.c               0x00000000   Number         0  bsp_pwm.o ABSOLUTE
    ..\Libraries\TIM\bsp_tim.c               0x00000000   Number         0  bsp_tim.o ABSOLUTE
    ..\Libraries\TIM\bsp_time.c              0x00000000   Number         0  bsp_time.o ABSOLUTE
    ..\Libraries\UART\bsp_usart.c            0x00000000   Number         0  bsp_usart.o ABSOLUTE
    ..\User\main.c                           0x00000000   Number         0  main.o ABSOLUTE
    ..\User\stm32f10x_it.c                   0x00000000   Number         0  stm32f10x_it.o ABSOLUTE
    ..\\Libraries\\CMSIS\\core_cm3.c         0x00000000   Number         0  core_cm3.o ABSOLUTE
    MPL_LIB\mpl\fast_no_motion.c             0x00000000   Number         0  fast_no_motion.o ABSOLUTE
    MPL_LIB\mpl\fusion_9axis.c               0x00000000   Number         0  fusion_9axis.o ABSOLUTE
    MPL_LIB\mpl\gyro_tc.c                    0x00000000   Number         0  gyro_tc.o ABSOLUTE
    MPL_LIB\mpl\mag_disturb.c                0x00000000   Number         0  mag_disturb.o ABSOLUTE
    MPL_LIB\mpl\quaternion_supervisor.c      0x00000000   Number         0  quaternion_supervisor.o ABSOLUTE
    cdcmple.s                                0x00000000   Number         0  cdcmple.o ABSOLUTE
    cdrcmple.s                               0x00000000   Number         0  cdrcmple.o ABSOLUTE
    cfcmple.s                                0x00000000   Number         0  cfcmple.o ABSOLUTE
    cfrcmple.s                               0x00000000   Number         0  cfrcmple.o ABSOLUTE
    dc.s                                     0x00000000   Number         0  dc.o ABSOLUTE
    handlers.s                               0x00000000   Number         0  handlers.o ABSOLUTE
    init.s                                   0x00000000   Number         0  init.o ABSOLUTE
    RESET                                    0x08000000   Section      236  startup_stm32f10x_md.o(RESET)
    .ARM.Collect$$$$00000000                 0x080000ec   Section        0  entry.o(.ARM.Collect$$$$00000000)
    .ARM.Collect$$$$00000001                 0x080000ec   Section        4  entry2.o(.ARM.Collect$$$$00000001)
    .ARM.Collect$$$$00000004                 0x080000f0   Section        4  entry5.o(.ARM.Collect$$$$00000004)
    .ARM.Collect$$$$00000008                 0x080000f4   Section        0  entry7b.o(.ARM.Collect$$$$00000008)
    .ARM.Collect$$$$0000000A                 0x080000f4   Section        0  entry8b.o(.ARM.Collect$$$$0000000A)
    .ARM.Collect$$$$0000000B                 0x080000f4   Section        8  entry9a.o(.ARM.Collect$$$$0000000B)
    .ARM.Collect$$$$0000000D                 0x080000fc   Section        0  entry10a.o(.ARM.Collect$$$$0000000D)
    .ARM.Collect$$$$0000000F                 0x080000fc   Section        0  entry11a.o(.ARM.Collect$$$$0000000F)
    .ARM.Collect$$$$00002712                 0x080000fc   Section        4  entry2.o(.ARM.Collect$$$$00002712)
    __lit__00000000                          0x080000fc   Data           4  entry2.o(.ARM.Collect$$$$00002712)
    .text                                    0x08000100   Section       36  startup_stm32f10x_md.o(.text)
    .text                                    0x08000124   Section        0  llshl.o(.text)
    .text                                    0x08000142   Section        0  llsshr.o(.text)
    .text                                    0x08000166   Section        0  memmovea.o(.text)
    .text                                    0x080001a6   Section        0  dadd.o(.text)
    .text                                    0x080002f4   Section        0  dmul.o(.text)
    .text                                    0x080003d8   Section        0  ddiv.o(.text)
    .text                                    0x080004b6   Section        0  fflti.o(.text)
    .text                                    0x080004c8   Section        0  dfltui.o(.text)
    .text                                    0x080004e2   Section        0  dfixi.o(.text)
    .text                                    0x08000520   Section        0  f2d.o(.text)
    .text                                    0x08000548   Section       48  cdrcmple.o(.text)
    .text                                    0x08000578   Section        0  uidiv.o(.text)
    .text                                    0x080005a4   Section        0  uldiv.o(.text)
    .text                                    0x08000606   Section        0  llushr.o(.text)
    .text                                    0x08000626   Section        0  fepilogue.o(.text)
    .text                                    0x08000626   Section        0  iusefp.o(.text)
    .text                                    0x08000694   Section        0  depilogue.o(.text)
    .text                                    0x0800074e   Section        0  dfixul.o(.text)
    .text                                    0x08000780   Section       36  init.o(.text)
    i.ADC1_DMA_Config                        0x080007a4   Section        0  bsp_adc.o(i.ADC1_DMA_Config)
    i.ADC_Cmd                                0x08000810   Section        0  stm32f10x_adc.o(i.ADC_Cmd)
    i.ADC_DMACmd                             0x08000826   Section        0  stm32f10x_adc.o(i.ADC_DMACmd)
    i.ADC_ExternalTrigConvCmd                0x0800083c   Section        0  stm32f10x_adc.o(i.ADC_ExternalTrigConvCmd)
    i.ADC_GetCalibrationStatus               0x08000852   Section        0  stm32f10x_adc.o(i.ADC_GetCalibrationStatus)
    i.ADC_GetResetCalibrationStatus          0x08000866   Section        0  stm32f10x_adc.o(i.ADC_GetResetCalibrationStatus)
    i.ADC_Get_CHx_Data                       0x0800087c   Section        0  bsp_adc.o(i.ADC_Get_CHx_Data)
    i.ADC_Init                               0x0800088c   Section        0  stm32f10x_adc.o(i.ADC_Init)
    i.ADC_RegularChannelConfig               0x080008dc   Section        0  stm32f10x_adc.o(i.ADC_RegularChannelConfig)
    i.ADC_ResetCalibration                   0x08000994   Section        0  stm32f10x_adc.o(i.ADC_ResetCalibration)
    i.ADC_START                              0x080009a0   Section        0  bsp_adc.o(i.ADC_START)
    i.ADC_SoftwareStartConvCmd               0x08000a58   Section        0  stm32f10x_adc.o(i.ADC_SoftwareStartConvCmd)
    i.ADC_StartCalibration                   0x08000a6e   Section        0  stm32f10x_adc.o(i.ADC_StartCalibration)
    i.ADCx_CHx_IndependentCongfig            0x08000a78   Section        0  bsp_adc.o(i.ADCx_CHx_IndependentCongfig)
    i.BSP_GPIO_Config                        0x08000b70   Section        0  bsp_gpio.o(i.BSP_GPIO_Config)
    i.BSP_KEY_Button_Register                0x08000c00   Section        0  bsp_key.o(i.BSP_KEY_Button_Register)
    i.BSP_KEY_Button_StructInit              0x08000c50   Section        0  bsp_key.o(i.BSP_KEY_Button_StructInit)
    i.BSP_KEY_COMB_StructInit                0x08000c80   Section        0  bsp_key.o(i.BSP_KEY_COMB_StructInit)
    i.BSP_KEY_ClearButton                    0x08000d28   Section        0  bsp_key.o(i.BSP_KEY_ClearButton)
    i.BSP_KEY_CmpDiff                        0x08000d88   Section        0  bsp_key.o(i.BSP_KEY_CmpDiff)
    BSP_KEY_CmpDiff                          0x08000d89   Thumb Code    34  bsp_key.o(i.BSP_KEY_CmpDiff)
    i.BSP_KEY_Comb_Register                  0x08000dac   Section        0  bsp_key.o(i.BSP_KEY_Comb_Register)
    i.BSP_KEY_GpioConfig                     0x08000dfc   Section        0  bsp_key.o(i.BSP_KEY_GpioConfig)
    i.BSP_KEY_InitParam                      0x08000eac   Section        0  bsp_key.o(i.BSP_KEY_InitParam)
    i.BSP_KEY_Pot_Register                   0x08000f58   Section        0  bsp_key.o(i.BSP_KEY_Pot_Register)
    i.BSP_KEY_UsageDemo                      0x08000f8c   Section        0  bsp_key.o(i.BSP_KEY_UsageDemo)
    i.BSP_USARTxStructInit                   0x08001324   Section        0  bsp_usart.o(i.BSP_USARTxStructInit)
    i.BSP_USARTx_Init                        0x0800134c   Section        0  bsp_usart.o(i.BSP_USARTx_Init)
    i.BusFault_Handler                       0x08001448   Section        0  stm32f10x_it.o(i.BusFault_Handler)
    i.C8_6T6_Test                            0x0800144c   Section        0  main.o(i.C8_6T6_Test)
    i.DMA1_Channel2_IRQHandler               0x0800144e   Section        0  stm32f10x_it.o(i.DMA1_Channel2_IRQHandler)
    i.DMA1_Channel3_IRQHandler               0x08001450   Section        0  stm32f10x_it.o(i.DMA1_Channel3_IRQHandler)
    i.DMA_ClearFlag                          0x08001454   Section        0  stm32f10x_dma.o(i.DMA_ClearFlag)
    i.DMA_Cmd                                0x08001470   Section        0  stm32f10x_dma.o(i.DMA_Cmd)
    i.DMA_DeInit                             0x08001488   Section        0  stm32f10x_dma.o(i.DMA_DeInit)
    i.DMA_Init                               0x080015d4   Section        0  stm32f10x_dma.o(i.DMA_Init)
    i.DebugMon_Handler                       0x08001610   Section        0  stm32f10x_it.o(i.DebugMon_Handler)
    i.EXTI0_IRQHandler                       0x08001612   Section        0  stm32f10x_it.o(i.EXTI0_IRQHandler)
    i.EXTI15_10_IRQHandler                   0x08001622   Section        0  stm32f10x_it.o(i.EXTI15_10_IRQHandler)
    i.EXTI2_IRQHandler                       0x08001624   Section        0  stm32f10x_it.o(i.EXTI2_IRQHandler)
    i.EXTI9_5_IRQHandler                     0x08001626   Section        0  stm32f10x_it.o(i.EXTI9_5_IRQHandler)
    i.EXTI_ClearITPendingBit                 0x08001628   Section        0  stm32f10x_exti.o(i.EXTI_ClearITPendingBit)
    i.EXTI_GetITStatus                       0x08001634   Section        0  stm32f10x_exti.o(i.EXTI_GetITStatus)
    i.GPIO_Init                              0x0800165c   Section        0  stm32f10x_gpio.o(i.GPIO_Init)
    i.GPIO_PinRemapConfig                    0x08001774   Section        0  stm32f10x_gpio.o(i.GPIO_PinRemapConfig)
    i.GPIO_ResetBits                         0x08001804   Section        0  stm32f10x_gpio.o(i.GPIO_ResetBits)
    i.GPIO_SetBits                           0x08001808   Section        0  stm32f10x_gpio.o(i.GPIO_SetBits)
    i.HardFault_Handler                      0x0800180c   Section        0  stm32f10x_it.o(i.HardFault_Handler)
    i.Hardware_Init                          0x08001810   Section        0  main.o(i.Hardware_Init)
    i.KEY_Pot_StructInit                     0x080018f0   Section        0  bsp_key.o(i.KEY_Pot_StructInit)
    i.KEY_calPotPct                          0x08001918   Section        0  bsp_key.o(i.KEY_calPotPct)
    KEY_calPotPct                            0x08001919   Thumb Code   208  bsp_key.o(i.KEY_calPotPct)
    i.KEY_getPotVal                          0x080019f0   Section        0  bsp_key.o(i.KEY_getPotVal)
    KEY_getPotVal                            0x080019f1   Thumb Code    18  bsp_key.o(i.KEY_getPotVal)
    i.KeyDetectButton                        0x08001a04   Section        0  bsp_key.o(i.KeyDetectButton)
    i.KeyDetectPot                           0x08001b1c   Section        0  bsp_key.o(i.KeyDetectPot)
    i.KeyGetFIFOFlag                         0x08001bbc   Section        0  bsp_key.o(i.KeyGetFIFOFlag)
    i.KeyReadFIFO                            0x08001be0   Section        0  bsp_key.o(i.KeyReadFIFO)
    i.KeyUpdataButtonSta                     0x08001c1c   Section        0  bsp_key.o(i.KeyUpdataButtonSta)
    KeyUpdataButtonSta                       0x08001c1d   Thumb Code   256  bsp_key.o(i.KeyUpdataButtonSta)
    i.KeyWriteFIFO                           0x08001d1c   Section        0  bsp_key.o(i.KeyWriteFIFO)
    i.Key_GetTime                            0x08001d70   Section        0  bsp_key.o(i.Key_GetTime)
    i.Key_TickTask                           0x08001d7c   Section        0  bsp_key.o(i.Key_TickTask)
    i.LED_NEW_STA                            0x08001da8   Section        0  bsp_led.o(i.LED_NEW_STA)
    i.LED_OFF                                0x08001e1c   Section        0  bsp_led.o(i.LED_OFF)
    i.LED_ON                                 0x08001e2a   Section        0  bsp_led.o(i.LED_ON)
    i.LED_Register                           0x08001e38   Section        0  bsp_led.o(i.LED_Register)
    i.MemManage_Handler                      0x08001ea0   Section        0  stm32f10x_it.o(i.MemManage_Handler)
    i.Modify_LED_List                        0x08001ea4   Section        0  bsp_led.o(i.Modify_LED_List)
    Modify_LED_List                          0x08001ea5   Thumb Code   106  bsp_led.o(i.Modify_LED_List)
    i.NMI_Handler                            0x08001f24   Section        0  stm32f10x_it.o(i.NMI_Handler)
    i.NVIC_Init                              0x08001f28   Section        0  misc.o(i.NVIC_Init)
    i.NVIC_PriorityGroupConfig               0x08001f98   Section        0  misc.o(i.NVIC_PriorityGroupConfig)
    i.PendSV_Handler                         0x08001fac   Section        0  stm32f10x_it.o(i.PendSV_Handler)
    i.RCC_ADCCLKConfig                       0x08001fb0   Section        0  stm32f10x_rcc.o(i.RCC_ADCCLKConfig)
    i.RCC_AHBPeriphClockCmd                  0x08001fc8   Section        0  stm32f10x_rcc.o(i.RCC_AHBPeriphClockCmd)
    i.RCC_APB1PeriphClockCmd                 0x08001fe8   Section        0  stm32f10x_rcc.o(i.RCC_APB1PeriphClockCmd)
    i.RCC_APB2PeriphClockCmd                 0x08002008   Section        0  stm32f10x_rcc.o(i.RCC_APB2PeriphClockCmd)
    i.RCC_GetClocksFreq                      0x08002028   Section        0  stm32f10x_rcc.o(i.RCC_GetClocksFreq)
    i.SVC_Handler                            0x080020fc   Section        0  stm32f10x_it.o(i.SVC_Handler)
    i.SetSysClock                            0x080020fe   Section        0  system_stm32f10x.o(i.SetSysClock)
    SetSysClock                              0x080020ff   Thumb Code     8  system_stm32f10x.o(i.SetSysClock)
    i.SetSysClockTo72                        0x08002108   Section        0  system_stm32f10x.o(i.SetSysClockTo72)
    SetSysClockTo72                          0x08002109   Thumb Code   214  system_stm32f10x.o(i.SetSysClockTo72)
    i.SysTick_Handler                        0x080021e8   Section        0  stm32f10x_it.o(i.SysTick_Handler)
    i.SysTick_Init                           0x080021f4   Section        0  bsp_systick.o(i.SysTick_Init)
    i.SysTick_delay                          0x0800226c   Section        0  bsp_systick.o(i.SysTick_delay)
    i.SystemInit                             0x08002280   Section        0  system_stm32f10x.o(i.SystemInit)
    i.TIM3_IRQHandler                        0x080022e0   Section        0  stm32f10x_it.o(i.TIM3_IRQHandler)
    i.TimeStamp_Increment                    0x080022e4   Section        0  bsp_systick.o(i.TimeStamp_Increment)
    i.TimingDelay_Decrement                  0x080022f4   Section        0  bsp_systick.o(i.TimingDelay_Decrement)
    i.USART1_IRQHandler                      0x0800230c   Section        0  stm32f10x_it.o(i.USART1_IRQHandler)
    i.USART2_IRQHandler                      0x08002314   Section        0  stm32f10x_it.o(i.USART2_IRQHandler)
    i.USART_Cmd                              0x0800231c   Section        0  stm32f10x_usart.o(i.USART_Cmd)
    i.USART_GetFlagStatus                    0x08002334   Section        0  stm32f10x_usart.o(i.USART_GetFlagStatus)
    i.USART_GetITStatus                      0x0800234e   Section        0  stm32f10x_usart.o(i.USART_GetITStatus)
    i.USART_ITConfig                         0x080023a2   Section        0  stm32f10x_usart.o(i.USART_ITConfig)
    i.USART_Init                             0x080023ec   Section        0  stm32f10x_usart.o(i.USART_Init)
    i.USART_ReceiveData                      0x080024c4   Section        0  stm32f10x_usart.o(i.USART_ReceiveData)
    i.USART_SendData                         0x080024ce   Section        0  stm32f10x_usart.o(i.USART_SendData)
    i.UpdataButtonIOLevel                    0x080024d8   Section        0  bsp_key.o(i.UpdataButtonIOLevel)
    UpdataButtonIOLevel                      0x080024d9   Thumb Code    88  bsp_key.o(i.UpdataButtonIOLevel)
    i.UsageFault_Handler                     0x08002534   Section        0  stm32f10x_it.o(i.UsageFault_Handler)
    i.UsartPrintf                            0x08002538   Section        0  bsp_usart.o(i.UsartPrintf)
    i.UsartRecv                              0x08002580   Section        0  bsp_usart.o(i.UsartRecv)
    i.UsartSend                              0x080025f8   Section        0  bsp_usart.o(i.UsartSend)
    i.__0vsnprintf                           0x0800262c   Section        0  printfa.o(i.__0vsnprintf)
    i.__scatterload_copy                     0x08002650   Section       14  handlers.o(i.__scatterload_copy)
    i.__scatterload_null                     0x0800265e   Section        2  handlers.o(i.__scatterload_null)
    i.__scatterload_zeroinit                 0x08002660   Section       14  handlers.o(i.__scatterload_zeroinit)
    i._fp_digits                             0x08002670   Section        0  printfa.o(i._fp_digits)
    _fp_digits                               0x08002671   Thumb Code   334  printfa.o(i._fp_digits)
    i._printf_core                           0x080027d4   Section        0  printfa.o(i._printf_core)
    _printf_core                             0x080027d5   Thumb Code  1744  printfa.o(i._printf_core)
    i._printf_post_padding                   0x08002eb0   Section        0  printfa.o(i._printf_post_padding)
    _printf_post_padding                     0x08002eb1   Thumb Code    36  printfa.o(i._printf_post_padding)
    i._printf_pre_padding                    0x08002ed4   Section        0  printfa.o(i._printf_pre_padding)
    _printf_pre_padding                      0x08002ed5   Thumb Code    46  printfa.o(i._printf_pre_padding)
    i._snputc                                0x08002f02   Section        0  printfa.o(i._snputc)
    _snputc                                  0x08002f03   Thumb Code    22  printfa.o(i._snputc)
    i.free                                   0x08002f18   Section        0  malloc.o(i.free)
    i.get_tick_count                         0x08002f68   Section        0  bsp_systick.o(i.get_tick_count)
    i.main                                   0x08002f78   Section        0  main.o(i.main)
    i.malloc                                 0x08002fc8   Section        0  malloc.o(i.malloc)
    i.vUSART1_IRQHandler                     0x08003034   Section        0  bsp_usart.o(i.vUSART1_IRQHandler)
    i.vUSART2_IRQHandler                     0x0800310c   Section        0  bsp_usart.o(i.vUSART2_IRQHandler)
    .conststring                             0x080031c4   Section      147  bsp_key.o(.conststring)
    .data                                    0x20000000   Section       20  system_stm32f10x.o(.data)
    .data                                    0x20000014   Section       20  stm32f10x_rcc.o(.data)
    APBAHBPrescTable                         0x20000014   Data          16  stm32f10x_rcc.o(.data)
    ADCPrescTable                            0x20000024   Data           4  stm32f10x_rcc.o(.data)
    .data                                    0x20000028   Section       11  bsp_led.o(.data)
    .data                                    0x20000034   Section       32  bsp_key.o(.data)
    SG_KEY_Registered_Button_Count           0x20000034   Data           1  bsp_key.o(.data)
    SG_KEY_Registered_Comb_Count             0x20000035   Data           1  bsp_key.o(.data)
    SG_KEY_ButtonStruct_List                 0x20000038   Data           4  bsp_key.o(.data)
    SG_KEY_CombStruct_List                   0x2000003c   Data           4  bsp_key.o(.data)
    SG_KEY_ButtonPressFlag                   0x20000040   Data           4  bsp_key.o(.data)
    SG_KEY_CombPressFlag                     0x20000044   Data           4  bsp_key.o(.data)
    SG_KeyFifoRW_Obj                         0x20000048   Data           3  bsp_key.o(.data)
    SG_KEY_Registered_Pot_Count              0x2000004c   Data           1  bsp_key.o(.data)
    SG_KeyPotStruct_List                     0x20000050   Data           4  bsp_key.o(.data)
    .data                                    0x20000054   Section        4  bsp_usart.o(.data)
    .data                                    0x20000058   Section        8  bsp_systick.o(.data)
    TimingDelay                              0x2000005c   Data           4  bsp_systick.o(.data)
    .data                                    0x20000060   Section        4  mvars.o(.data)
    .data                                    0x20000064   Section        4  mvars.o(.data)
    .bss                                     0x20000068   Section       30  bsp_led.o(.bss)
    .bss                                     0x20000088   Section       32  bsp_key.o(.bss)
    SG_KeyCBFlagFIFO                         0x20000088   Data          32  bsp_key.o(.bss)
    .bss                                     0x200000a8   Section      400  bsp_usart.o(.bss)
    .bss                                     0x20000238   Section       60  bsp_adc.o(.bss)
    HEAP                                     0x20000278   Section      512  startup_stm32f10x_md.o(HEAP)
    STACK                                    0x20000478   Section     1024  startup_stm32f10x_md.o(STACK)

    Global Symbols

    Symbol Name                              Value     Ov Type        Size  Object(Section)

    BuildAttributes$$THM_ISAv4$P$D$K$B$S$PE$A:L22UL41UL21$X:L11$S22US41US21$IEEE1$IW$USESV6$~STKCKD$USESV7$~SHL$OTIME$ROPI$IEEEX$EBA8$MICROLIB$REQ8$PRES8$EABIv2 0x00000000   Number         0  anon$$obj.o ABSOLUTE
    __ARM_use_no_argv                        0x00000000   Number         0  main.o ABSOLUTE
    _printf_a                                0x00000000   Number         0  stubs.o ABSOLUTE
    _printf_c                                0x00000000   Number         0  stubs.o ABSOLUTE
    _printf_charcount                        0x00000000   Number         0  stubs.o ABSOLUTE
    _printf_d                                0x00000000   Number         0  stubs.o ABSOLUTE
    _printf_e                                0x00000000   Number         0  stubs.o ABSOLUTE
    _printf_f                                0x00000000   Number         0  stubs.o ABSOLUTE
    _printf_flags                            0x00000000   Number         0  stubs.o ABSOLUTE
    _printf_fp_dec                           0x00000000   Number         0  stubs.o ABSOLUTE
    _printf_fp_hex                           0x00000000   Number         0  stubs.o ABSOLUTE
    _printf_g                                0x00000000   Number         0  stubs.o ABSOLUTE
    _printf_i                                0x00000000   Number         0  stubs.o ABSOLUTE
    _printf_int_dec                          0x00000000   Number         0  stubs.o ABSOLUTE
    _printf_l                                0x00000000   Number         0  stubs.o ABSOLUTE
    _printf_lc                               0x00000000   Number         0  stubs.o ABSOLUTE
    _printf_ll                               0x00000000   Number         0  stubs.o ABSOLUTE
    _printf_lld                              0x00000000   Number         0  stubs.o ABSOLUTE
    _printf_lli                              0x00000000   Number         0  stubs.o ABSOLUTE
    _printf_llo                              0x00000000   Number         0  stubs.o ABSOLUTE
    _printf_llu                              0x00000000   Number         0  stubs.o ABSOLUTE
    _printf_llx                              0x00000000   Number         0  stubs.o ABSOLUTE
    _printf_longlong_dec                     0x00000000   Number         0  stubs.o ABSOLUTE
    _printf_longlong_hex                     0x00000000   Number         0  stubs.o ABSOLUTE
    _printf_longlong_oct                     0x00000000   Number         0  stubs.o ABSOLUTE
    _printf_ls                               0x00000000   Number         0  stubs.o ABSOLUTE
    _printf_mbtowc                           0x00000000   Number         0  stubs.o ABSOLUTE
    _printf_n                                0x00000000   Number         0  stubs.o ABSOLUTE
    _printf_o                                0x00000000   Number         0  stubs.o ABSOLUTE
    _printf_p                                0x00000000   Number         0  stubs.o ABSOLUTE
    _printf_percent                          0x00000000   Number         0  stubs.o ABSOLUTE
    _printf_pre_padding                      0x00000000   Number         0  stubs.o ABSOLUTE
    _printf_return_value                     0x00000000   Number         0  stubs.o ABSOLUTE
    _printf_s                                0x00000000   Number         0  stubs.o ABSOLUTE
    _printf_sizespec                         0x00000000   Number         0  stubs.o ABSOLUTE
    _printf_str                              0x00000000   Number         0  stubs.o ABSOLUTE
    _printf_truncate_signed                  0x00000000   Number         0  stubs.o ABSOLUTE
    _printf_truncate_unsigned                0x00000000   Number         0  stubs.o ABSOLUTE
    _printf_u                                0x00000000   Number         0  stubs.o ABSOLUTE
    _printf_wc                               0x00000000   Number         0  stubs.o ABSOLUTE
    _printf_wctomb                           0x00000000   Number         0  stubs.o ABSOLUTE
    _printf_widthprec                        0x00000000   Number         0  stubs.o ABSOLUTE
    _printf_x                                0x00000000   Number         0  stubs.o ABSOLUTE
    __cpp_initialize__aeabi_                  - Undefined Weak Reference
    __cxa_finalize                            - Undefined Weak Reference
    __decompress                              - Undefined Weak Reference
    _clock_init                               - Undefined Weak Reference
    _microlib_exit                            - Undefined Weak Reference
    __Vectors_Size                           0x000000ec   Number         0  startup_stm32f10x_md.o ABSOLUTE
    __Vectors                                0x08000000   Data           4  startup_stm32f10x_md.o(RESET)
    __Vectors_End                            0x080000ec   Data           0  startup_stm32f10x_md.o(RESET)
    __main                                   0x080000ed   Thumb Code     0  entry.o(.ARM.Collect$$$$00000000)
    _main_stk                                0x080000ed   Thumb Code     0  entry2.o(.ARM.Collect$$$$00000001)
    _main_scatterload                        0x080000f1   Thumb Code     0  entry5.o(.ARM.Collect$$$$00000004)
    __main_after_scatterload                 0x080000f5   Thumb Code     0  entry5.o(.ARM.Collect$$$$00000004)
    _main_clock                              0x080000f5   Thumb Code     0  entry7b.o(.ARM.Collect$$$$00000008)
    _main_cpp_init                           0x080000f5   Thumb Code     0  entry8b.o(.ARM.Collect$$$$0000000A)
    _main_init                               0x080000f5   Thumb Code     0  entry9a.o(.ARM.Collect$$$$0000000B)
    __rt_final_cpp                           0x080000fd   Thumb Code     0  entry10a.o(.ARM.Collect$$$$0000000D)
    __rt_final_exit                          0x080000fd   Thumb Code     0  entry11a.o(.ARM.Collect$$$$0000000F)
    Reset_Handler                            0x08000101   Thumb Code     8  startup_stm32f10x_md.o(.text)
    ADC1_2_IRQHandler                        0x0800011b   Thumb Code     0  startup_stm32f10x_md.o(.text)
    CAN1_RX1_IRQHandler                      0x0800011b   Thumb Code     0  startup_stm32f10x_md.o(.text)
    CAN1_SCE_IRQHandler                      0x0800011b   Thumb Code     0  startup_stm32f10x_md.o(.text)
    DMA1_Channel1_IRQHandler                 0x0800011b   Thumb Code     0  startup_stm32f10x_md.o(.text)
    DMA1_Channel4_IRQHandler                 0x0800011b   Thumb Code     0  startup_stm32f10x_md.o(.text)
    DMA1_Channel5_IRQHandler                 0x0800011b   Thumb Code     0  startup_stm32f10x_md.o(.text)
    DMA1_Channel6_IRQHandler                 0x0800011b   Thumb Code     0  startup_stm32f10x_md.o(.text)
    DMA1_Channel7_IRQHandler                 0x0800011b   Thumb Code     0  startup_stm32f10x_md.o(.text)
    EXTI1_IRQHandler                         0x0800011b   Thumb Code     0  startup_stm32f10x_md.o(.text)
    EXTI3_IRQHandler                         0x0800011b   Thumb Code     0  startup_stm32f10x_md.o(.text)
    EXTI4_IRQHandler                         0x0800011b   Thumb Code     0  startup_stm32f10x_md.o(.text)
    FLASH_IRQHandler                         0x0800011b   Thumb Code     0  startup_stm32f10x_md.o(.text)
    I2C1_ER_IRQHandler                       0x0800011b   Thumb Code     0  startup_stm32f10x_md.o(.text)
    I2C1_EV_IRQHandler                       0x0800011b   Thumb Code     0  startup_stm32f10x_md.o(.text)
    I2C2_ER_IRQHandler                       0x0800011b   Thumb Code     0  startup_stm32f10x_md.o(.text)
    I2C2_EV_IRQHandler                       0x0800011b   Thumb Code     0  startup_stm32f10x_md.o(.text)
    PVD_IRQHandler                           0x0800011b   Thumb Code     0  startup_stm32f10x_md.o(.text)
    RCC_IRQHandler                           0x0800011b   Thumb Code     0  startup_stm32f10x_md.o(.text)
    RTCAlarm_IRQHandler                      0x0800011b   Thumb Code     0  startup_stm32f10x_md.o(.text)
    RTC_IRQHandler                           0x0800011b   Thumb Code     0  startup_stm32f10x_md.o(.text)
    SPI1_IRQHandler                          0x0800011b   Thumb Code     0  startup_stm32f10x_md.o(.text)
    SPI2_IRQHandler                          0x0800011b   Thumb Code     0  startup_stm32f10x_md.o(.text)
    TAMPER_IRQHandler                        0x0800011b   Thumb Code     0  startup_stm32f10x_md.o(.text)
    TIM1_BRK_IRQHandler                      0x0800011b   Thumb Code     0  startup_stm32f10x_md.o(.text)
    TIM1_CC_IRQHandler                       0x0800011b   Thumb Code     0  startup_stm32f10x_md.o(.text)
    TIM1_TRG_COM_IRQHandler                  0x0800011b   Thumb Code     0  startup_stm32f10x_md.o(.text)
    TIM1_UP_IRQHandler                       0x0800011b   Thumb Code     0  startup_stm32f10x_md.o(.text)
    TIM2_IRQHandler                          0x0800011b   Thumb Code     0  startup_stm32f10x_md.o(.text)
    TIM4_IRQHandler                          0x0800011b   Thumb Code     0  startup_stm32f10x_md.o(.text)
    USART3_IRQHandler                        0x0800011b   Thumb Code     0  startup_stm32f10x_md.o(.text)
    USBWakeUp_IRQHandler                     0x0800011b   Thumb Code     0  startup_stm32f10x_md.o(.text)
    USB_HP_CAN1_TX_IRQHandler                0x0800011b   Thumb Code     0  startup_stm32f10x_md.o(.text)
    USB_LP_CAN1_RX0_IRQHandler               0x0800011b   Thumb Code     0  startup_stm32f10x_md.o(.text)
    WWDG_IRQHandler                          0x0800011b   Thumb Code     0  startup_stm32f10x_md.o(.text)
    __aeabi_llsl                             0x08000125   Thumb Code    30  llshl.o(.text)
    _ll_shift_l                              0x08000125   Thumb Code     0  llshl.o(.text)
    __aeabi_lasr                             0x08000143   Thumb Code    36  llsshr.o(.text)
    _ll_sshift_r                             0x08000143   Thumb Code     0  llsshr.o(.text)
    ___aeabi_memcpy8$move                    0x08000167   Thumb Code     0  memmovea.o(.text)
    __aeabi_memcpy                           0x08000167   Thumb Code    64  memmovea.o(.text)
    __aeabi_memcpy4                          0x08000167   Thumb Code     0  memmovea.o(.text)
    __aeabi_memmove                          0x08000167   Thumb Code     0  memmovea.o(.text)
    __aeabi_memmove4                         0x08000167   Thumb Code     0  memmovea.o(.text)
    __aeabi_memmove8                         0x08000167   Thumb Code     0  memmovea.o(.text)
    __aeabi_dadd                             0x080001a7   Thumb Code   322  dadd.o(.text)
    __aeabi_dsub                             0x080002e9   Thumb Code     6  dadd.o(.text)
    __aeabi_drsub                            0x080002ef   Thumb Code     6  dadd.o(.text)
    __aeabi_dmul                             0x080002f5   Thumb Code   228  dmul.o(.text)
    __aeabi_ddiv                             0x080003d9   Thumb Code   222  ddiv.o(.text)
    __aeabi_i2f                              0x080004b7   Thumb Code    18  fflti.o(.text)
    __aeabi_ui2d                             0x080004c9   Thumb Code    26  dfltui.o(.text)
    __aeabi_d2iz                             0x080004e3   Thumb Code    62  dfixi.o(.text)
    __aeabi_f2d                              0x08000521   Thumb Code    38  f2d.o(.text)
    __aeabi_cdrcmple                         0x08000549   Thumb Code    48  cdrcmple.o(.text)
    __aeabi_uidiv                            0x08000579   Thumb Code     0  uidiv.o(.text)
    __aeabi_uidivmod                         0x08000579   Thumb Code    44  uidiv.o(.text)
    __aeabi_uldivmod                         0x080005a5   Thumb Code    98  uldiv.o(.text)
    __aeabi_llsr                             0x08000607   Thumb Code    32  llushr.o(.text)
    _ll_ushift_r                             0x08000607   Thumb Code     0  llushr.o(.text)
    __I$use$fp                               0x08000627   Thumb Code     0  iusefp.o(.text)
    _float_round                             0x08000627   Thumb Code    18  fepilogue.o(.text)
    _float_epilogue                          0x08000639   Thumb Code    92  fepilogue.o(.text)
    _double_round                            0x08000695   Thumb Code    30  depilogue.o(.text)
    _double_epilogue                         0x080006b3   Thumb Code   156  depilogue.o(.text)
    __aeabi_d2ulz                            0x0800074f   Thumb Code    48  dfixul.o(.text)
    __scatterload                            0x08000781   Thumb Code    28  init.o(.text)
    __scatterload_rt2                        0x08000781   Thumb Code     0  init.o(.text)
    ADC1_DMA_Config                          0x080007a5   Thumb Code    98  bsp_adc.o(i.ADC1_DMA_Config)
    ADC_Cmd                                  0x08000811   Thumb Code    22  stm32f10x_adc.o(i.ADC_Cmd)
    ADC_DMACmd                               0x08000827   Thumb Code    22  stm32f10x_adc.o(i.ADC_DMACmd)
    ADC_ExternalTrigConvCmd                  0x0800083d   Thumb Code    22  stm32f10x_adc.o(i.ADC_ExternalTrigConvCmd)
    ADC_GetCalibrationStatus                 0x08000853   Thumb Code    20  stm32f10x_adc.o(i.ADC_GetCalibrationStatus)
    ADC_GetResetCalibrationStatus            0x08000867   Thumb Code    20  stm32f10x_adc.o(i.ADC_GetResetCalibrationStatus)
    ADC_Get_CHx_Data                         0x0800087d   Thumb Code    10  bsp_adc.o(i.ADC_Get_CHx_Data)
    ADC_Init                                 0x0800088d   Thumb Code    70  stm32f10x_adc.o(i.ADC_Init)
    ADC_RegularChannelConfig                 0x080008dd   Thumb Code   184  stm32f10x_adc.o(i.ADC_RegularChannelConfig)
    ADC_ResetCalibration                     0x08000995   Thumb Code    10  stm32f10x_adc.o(i.ADC_ResetCalibration)
    ADC_START                                0x080009a1   Thumb Code   174  bsp_adc.o(i.ADC_START)
    ADC_SoftwareStartConvCmd                 0x08000a59   Thumb Code    22  stm32f10x_adc.o(i.ADC_SoftwareStartConvCmd)
    ADC_StartCalibration                     0x08000a6f   Thumb Code    10  stm32f10x_adc.o(i.ADC_StartCalibration)
    ADCx_CHx_IndependentCongfig              0x08000a79   Thumb Code   230  bsp_adc.o(i.ADCx_CHx_IndependentCongfig)
    BSP_GPIO_Config                          0x08000b71   Thumb Code   132  bsp_gpio.o(i.BSP_GPIO_Config)
    BSP_KEY_Button_Register                  0x08000c01   Thumb Code    62  bsp_key.o(i.BSP_KEY_Button_Register)
    BSP_KEY_Button_StructInit                0x08000c51   Thumb Code    46  bsp_key.o(i.BSP_KEY_Button_StructInit)
    BSP_KEY_COMB_StructInit                  0x08000c81   Thumb Code   110  bsp_key.o(i.BSP_KEY_COMB_StructInit)
    BSP_KEY_ClearButton                      0x08000d29   Thumb Code    72  bsp_key.o(i.BSP_KEY_ClearButton)
    BSP_KEY_Comb_Register                    0x08000dad   Thumb Code    62  bsp_key.o(i.BSP_KEY_Comb_Register)
    BSP_KEY_GpioConfig                       0x08000dfd   Thumb Code   160  bsp_key.o(i.BSP_KEY_GpioConfig)
    BSP_KEY_InitParam                        0x08000ead   Thumb Code   100  bsp_key.o(i.BSP_KEY_InitParam)
    BSP_KEY_Pot_Register                     0x08000f59   Thumb Code    42  bsp_key.o(i.BSP_KEY_Pot_Register)
    BSP_KEY_UsageDemo                        0x08000f8d   Thumb Code   692  bsp_key.o(i.BSP_KEY_UsageDemo)
    BSP_USARTxStructInit                     0x08001325   Thumb Code    38  bsp_usart.o(i.BSP_USARTxStructInit)
    BSP_USARTx_Init                          0x0800134d   Thumb Code   224  bsp_usart.o(i.BSP_USARTx_Init)
    BusFault_Handler                         0x08001449   Thumb Code     4  stm32f10x_it.o(i.BusFault_Handler)
    C8_6T6_Test                              0x0800144d   Thumb Code     2  main.o(i.C8_6T6_Test)
    DMA1_Channel2_IRQHandler                 0x0800144f   Thumb Code     2  stm32f10x_it.o(i.DMA1_Channel2_IRQHandler)
    DMA1_Channel3_IRQHandler                 0x08001451   Thumb Code     2  stm32f10x_it.o(i.DMA1_Channel3_IRQHandler)
    DMA_ClearFlag                            0x08001455   Thumb Code    18  stm32f10x_dma.o(i.DMA_ClearFlag)
    DMA_Cmd                                  0x08001471   Thumb Code    24  stm32f10x_dma.o(i.DMA_Cmd)
    DMA_DeInit                               0x08001489   Thumb Code   324  stm32f10x_dma.o(i.DMA_DeInit)
    DMA_Init                                 0x080015d5   Thumb Code    60  stm32f10x_dma.o(i.DMA_Init)
    DebugMon_Handler                         0x08001611   Thumb Code     2  stm32f10x_it.o(i.DebugMon_Handler)
    EXTI0_IRQHandler                         0x08001613   Thumb Code    16  stm32f10x_it.o(i.EXTI0_IRQHandler)
    EXTI15_10_IRQHandler                     0x08001623   Thumb Code     2  stm32f10x_it.o(i.EXTI15_10_IRQHandler)
    EXTI2_IRQHandler                         0x08001625   Thumb Code     2  stm32f10x_it.o(i.EXTI2_IRQHandler)
    EXTI9_5_IRQHandler                       0x08001627   Thumb Code     2  stm32f10x_it.o(i.EXTI9_5_IRQHandler)
    EXTI_ClearITPendingBit                   0x08001629   Thumb Code     6  stm32f10x_exti.o(i.EXTI_ClearITPendingBit)
    EXTI_GetITStatus                         0x08001635   Thumb Code    34  stm32f10x_exti.o(i.EXTI_GetITStatus)
    GPIO_Init                                0x0800165d   Thumb Code   278  stm32f10x_gpio.o(i.GPIO_Init)
    GPIO_PinRemapConfig                      0x08001775   Thumb Code   138  stm32f10x_gpio.o(i.GPIO_PinRemapConfig)
    GPIO_ResetBits                           0x08001805   Thumb Code     4  stm32f10x_gpio.o(i.GPIO_ResetBits)
    GPIO_SetBits                             0x08001809   Thumb Code     4  stm32f10x_gpio.o(i.GPIO_SetBits)
    HardFault_Handler                        0x0800180d   Thumb Code     4  stm32f10x_it.o(i.HardFault_Handler)
    Hardware_Init                            0x08001811   Thumb Code   118  main.o(i.Hardware_Init)
    KEY_Pot_StructInit                       0x080018f1   Thumb Code    40  bsp_key.o(i.KEY_Pot_StructInit)
    KeyDetectButton                          0x08001a05   Thumb Code   256  bsp_key.o(i.KeyDetectButton)
    KeyDetectPot                             0x08001b1d   Thumb Code   152  bsp_key.o(i.KeyDetectPot)
    KeyGetFIFOFlag                           0x08001bbd   Thumb Code    36  bsp_key.o(i.KeyGetFIFOFlag)
    KeyReadFIFO                              0x08001be1   Thumb Code    52  bsp_key.o(i.KeyReadFIFO)
    KeyWriteFIFO                             0x08001d1d   Thumb Code    76  bsp_key.o(i.KeyWriteFIFO)
    Key_GetTime                              0x08001d71   Thumb Code    12  bsp_key.o(i.Key_GetTime)
    Key_TickTask                             0x08001d7d   Thumb Code    34  bsp_key.o(i.Key_TickTask)
    LED_NEW_STA                              0x08001da9   Thumb Code    96  bsp_led.o(i.LED_NEW_STA)
    LED_OFF                                  0x08001e1d   Thumb Code    14  bsp_led.o(i.LED_OFF)
    LED_ON                                   0x08001e2b   Thumb Code    14  bsp_led.o(i.LED_ON)
    LED_Register                             0x08001e39   Thumb Code   104  bsp_led.o(i.LED_Register)
    MemManage_Handler                        0x08001ea1   Thumb Code     4  stm32f10x_it.o(i.MemManage_Handler)
    NMI_Handler                              0x08001f25   Thumb Code     2  stm32f10x_it.o(i.NMI_Handler)
    NVIC_Init                                0x08001f29   Thumb Code   100  misc.o(i.NVIC_Init)
    NVIC_PriorityGroupConfig                 0x08001f99   Thumb Code    10  misc.o(i.NVIC_PriorityGroupConfig)
    PendSV_Handler                           0x08001fad   Thumb Code     2  stm32f10x_it.o(i.PendSV_Handler)
    RCC_ADCCLKConfig                         0x08001fb1   Thumb Code    18  stm32f10x_rcc.o(i.RCC_ADCCLKConfig)
    RCC_AHBPeriphClockCmd                    0x08001fc9   Thumb Code    26  stm32f10x_rcc.o(i.RCC_AHBPeriphClockCmd)
    RCC_APB1PeriphClockCmd                   0x08001fe9   Thumb Code    26  stm32f10x_rcc.o(i.RCC_APB1PeriphClockCmd)
    RCC_APB2PeriphClockCmd                   0x08002009   Thumb Code    26  stm32f10x_rcc.o(i.RCC_APB2PeriphClockCmd)
    RCC_GetClocksFreq                        0x08002029   Thumb Code   192  stm32f10x_rcc.o(i.RCC_GetClocksFreq)
    SVC_Handler                              0x080020fd   Thumb Code     2  stm32f10x_it.o(i.SVC_Handler)
    SysTick_Handler                          0x080021e9   Thumb Code    12  stm32f10x_it.o(i.SysTick_Handler)
    SysTick_Init                             0x080021f5   Thumb Code   108  bsp_systick.o(i.SysTick_Init)
    SysTick_delay                            0x0800226d   Thumb Code    16  bsp_systick.o(i.SysTick_delay)
    SystemInit                               0x08002281   Thumb Code    78  system_stm32f10x.o(i.SystemInit)
    TIM3_IRQHandler                          0x080022e1   Thumb Code     2  stm32f10x_it.o(i.TIM3_IRQHandler)
    TimeStamp_Increment                      0x080022e5   Thumb Code    12  bsp_systick.o(i.TimeStamp_Increment)
    TimingDelay_Decrement                    0x080022f5   Thumb Code    18  bsp_systick.o(i.TimingDelay_Decrement)
    USART1_IRQHandler                        0x0800230d   Thumb Code     8  stm32f10x_it.o(i.USART1_IRQHandler)
    USART2_IRQHandler                        0x08002315   Thumb Code     8  stm32f10x_it.o(i.USART2_IRQHandler)
    USART_Cmd                                0x0800231d   Thumb Code    24  stm32f10x_usart.o(i.USART_Cmd)
    USART_GetFlagStatus                      0x08002335   Thumb Code    26  stm32f10x_usart.o(i.USART_GetFlagStatus)
    USART_GetITStatus                        0x0800234f   Thumb Code    84  stm32f10x_usart.o(i.USART_GetITStatus)
    USART_ITConfig                           0x080023a3   Thumb Code    74  stm32f10x_usart.o(i.USART_ITConfig)
    USART_Init                               0x080023ed   Thumb Code   210  stm32f10x_usart.o(i.USART_Init)
    USART_ReceiveData                        0x080024c5   Thumb Code    10  stm32f10x_usart.o(i.USART_ReceiveData)
    USART_SendData                           0x080024cf   Thumb Code     8  stm32f10x_usart.o(i.USART_SendData)
    UsageFault_Handler                       0x08002535   Thumb Code     4  stm32f10x_it.o(i.UsageFault_Handler)
    UsartPrintf                              0x08002539   Thumb Code    72  bsp_usart.o(i.UsartPrintf)
    UsartRecv                                0x08002581   Thumb Code    96  bsp_usart.o(i.UsartRecv)
    UsartSend                                0x080025f9   Thumb Code    50  bsp_usart.o(i.UsartSend)
    __0vsnprintf                             0x0800262d   Thumb Code    32  printfa.o(i.__0vsnprintf)
    __1vsnprintf                             0x0800262d   Thumb Code     0  printfa.o(i.__0vsnprintf)
    __2vsnprintf                             0x0800262d   Thumb Code     0  printfa.o(i.__0vsnprintf)
    __c89vsnprintf                           0x0800262d   Thumb Code     0  printfa.o(i.__0vsnprintf)
    vsnprintf                                0x0800262d   Thumb Code     0  printfa.o(i.__0vsnprintf)
    __scatterload_copy                       0x08002651   Thumb Code    14  handlers.o(i.__scatterload_copy)
    __scatterload_null                       0x0800265f   Thumb Code     2  handlers.o(i.__scatterload_null)
    __scatterload_zeroinit                   0x08002661   Thumb Code    14  handlers.o(i.__scatterload_zeroinit)
    free                                     0x08002f19   Thumb Code    76  malloc.o(i.free)
    get_tick_count                           0x08002f69   Thumb Code    12  bsp_systick.o(i.get_tick_count)
    main                                     0x08002f79   Thumb Code    80  main.o(i.main)
    malloc                                   0x08002fc9   Thumb Code    92  malloc.o(i.malloc)
    vUSART1_IRQHandler                       0x08003035   Thumb Code   204  bsp_usart.o(i.vUSART1_IRQHandler)
    vUSART2_IRQHandler                       0x0800310d   Thumb Code   170  bsp_usart.o(i.vUSART2_IRQHandler)
    Region$$Table$$Base                      0x08003258   Number         0  anon$$obj.o(Region$$Table)
    Region$$Table$$Limit                     0x08003278   Number         0  anon$$obj.o(Region$$Table)
    SystemCoreClock                          0x20000000   Data           4  system_stm32f10x.o(.data)
    AHBPrescTable                            0x20000004   Data          16  system_stm32f10x.o(.data)
    Registered_LED_Count                     0x20000028   Data           1  bsp_led.o(.data)
    LED_NUM_List                             0x20000029   Data           5  bsp_led.o(.data)
    LED_Trigger_Level_List                   0x2000002e   Data           5  bsp_led.o(.data)
    G_key_TesksTick                          0x2000004b   Data           1  bsp_key.o(.data)
    USART_RX_STA1                            0x20000054   Data           2  bsp_usart.o(.data)
    USART_RX_STA2                            0x20000056   Data           2  bsp_usart.o(.data)
    g_ul_ms_ticks                            0x20000058   Data           4  bsp_systick.o(.data)
    __microlib_freelist                      0x20000060   Data           4  mvars.o(.data)
    __microlib_freelist_initialised          0x20000064   Data           4  mvars.o(.data)
    LED_GPIO_POTRx_List                      0x20000068   Data          20  bsp_led.o(.bss)
    LED_GPIO_PINx_List                       0x2000007c   Data          10  bsp_led.o(.bss)
    USART_RX_BUF1                            0x200000a8   Data         200  bsp_usart.o(.bss)
    USART_RX_BUF2                            0x20000170   Data         200  bsp_usart.o(.bss)
    ADCx_Independent_DMA_MemoryBaseAddr      0x20000238   Data          20  bsp_adc.o(.bss)
    ADCx_RegSimult_DMA_MemoryBaseAddr        0x2000024c   Data          40  bsp_adc.o(.bss)
    __heap_base                              0x20000278   Data           0  startup_stm32f10x_md.o(HEAP)
    __heap_limit                             0x20000478   Data           0  startup_stm32f10x_md.o(HEAP)
    __initial_sp                             0x20000878   Data           0  startup_stm32f10x_md.o(STACK)



==============================================================================

Memory Map of the image

  Image Entry point : 0x080000ed

  Load Region LR_IROM1 (Base: 0x08000000, Size: 0x000032e0, Max: 0x00010000, ABSOLUTE)

    Execution Region ER_IROM1 (Exec base: 0x08000000, Load base: 0x08000000, Size: 0x00003278, Max: 0x00010000, ABSOLUTE)

    Exec Addr    Load Addr    Size         Type   Attr      Idx    E Section Name        Object

    0x08000000   0x08000000   0x000000ec   Data   RO         4494    RESET               startup_stm32f10x_md.o
    0x080000ec   0x080000ec   0x00000000   Code   RO         6700  * .ARM.Collect$$$$00000000  mc_w.l(entry.o)
    0x080000ec   0x080000ec   0x00000004   Code   RO         7093    .ARM.Collect$$$$00000001  mc_w.l(entry2.o)
    0x080000f0   0x080000f0   0x00000004   Code   RO         7096    .ARM.Collect$$$$00000004  mc_w.l(entry5.o)
    0x080000f4   0x080000f4   0x00000000   Code   RO         7098    .ARM.Collect$$$$00000008  mc_w.l(entry7b.o)
    0x080000f4   0x080000f4   0x00000000   Code   RO         7100    .ARM.Collect$$$$0000000A  mc_w.l(entry8b.o)
    0x080000f4   0x080000f4   0x00000008   Code   RO         7101    .ARM.Collect$$$$0000000B  mc_w.l(entry9a.o)
    0x080000fc   0x080000fc   0x00000000   Code   RO         7103    .ARM.Collect$$$$0000000D  mc_w.l(entry10a.o)
    0x080000fc   0x080000fc   0x00000000   Code   RO         7105    .ARM.Collect$$$$0000000F  mc_w.l(entry11a.o)
    0x080000fc   0x080000fc   0x00000004   Code   RO         7094    .ARM.Collect$$$$00002712  mc_w.l(entry2.o)
    0x08000100   0x08000100   0x00000024   Code   RO         4495    .text               startup_stm32f10x_md.o
    0x08000124   0x08000124   0x0000001e   Code   RO         6705    .text               mc_w.l(llshl.o)
    0x08000142   0x08000142   0x00000024   Code   RO         6707    .text               mc_w.l(llsshr.o)
    0x08000166   0x08000166   0x00000040   Code   RO         6711    .text               mc_w.l(memmovea.o)
    0x080001a6   0x080001a6   0x0000014e   Code   RO         7018    .text               mf_w.l(dadd.o)
    0x080002f4   0x080002f4   0x000000e4   Code   RO         7020    .text               mf_w.l(dmul.o)
    0x080003d8   0x080003d8   0x000000de   Code   RO         7022    .text               mf_w.l(ddiv.o)
    0x080004b6   0x080004b6   0x00000012   Code   RO         7026    .text               mf_w.l(fflti.o)
    0x080004c8   0x080004c8   0x0000001a   Code   RO         7034    .text               mf_w.l(dfltui.o)
    0x080004e2   0x080004e2   0x0000003e   Code   RO         7042    .text               mf_w.l(dfixi.o)
    0x08000520   0x08000520   0x00000026   Code   RO         7046    .text               mf_w.l(f2d.o)
    0x08000546   0x08000546   0x00000002   PAD
    0x08000548   0x08000548   0x00000030   Code   RO         7050    .text               mf_w.l(cdrcmple.o)
    0x08000578   0x08000578   0x0000002c   Code   RO         7110    .text               mc_w.l(uidiv.o)
    0x080005a4   0x080005a4   0x00000062   Code   RO         7112    .text               mc_w.l(uldiv.o)
    0x08000606   0x08000606   0x00000020   Code   RO         7114    .text               mc_w.l(llushr.o)
    0x08000626   0x08000626   0x00000000   Code   RO         7125    .text               mc_w.l(iusefp.o)
    0x08000626   0x08000626   0x0000006e   Code   RO         7126    .text               mf_w.l(fepilogue.o)
    0x08000694   0x08000694   0x000000ba   Code   RO         7132    .text               mf_w.l(depilogue.o)
    0x0800074e   0x0800074e   0x00000030   Code   RO         7136    .text               mf_w.l(dfixul.o)
    0x0800077e   0x0800077e   0x00000002   PAD
    0x08000780   0x08000780   0x00000024   Code   RO         7138    .text               mc_w.l(init.o)
    0x080007a4   0x080007a4   0x0000006c   Code   RO         4394    i.ADC1_DMA_Config   bsp_adc.o
    0x08000810   0x08000810   0x00000016   Code   RO          176    i.ADC_Cmd           stm32f10x_adc.o
    0x08000826   0x08000826   0x00000016   Code   RO          177    i.ADC_DMACmd        stm32f10x_adc.o
    0x0800083c   0x0800083c   0x00000016   Code   RO          181    i.ADC_ExternalTrigConvCmd  stm32f10x_adc.o
    0x08000852   0x08000852   0x00000014   Code   RO          184    i.ADC_GetCalibrationStatus  stm32f10x_adc.o
    0x08000866   0x08000866   0x00000014   Code   RO          190    i.ADC_GetResetCalibrationStatus  stm32f10x_adc.o
    0x0800087a   0x0800087a   0x00000002   PAD
    0x0800087c   0x0800087c   0x00000010   Code   RO         4395    i.ADC_Get_CHx_Data  bsp_adc.o
    0x0800088c   0x0800088c   0x00000050   Code   RO          194    i.ADC_Init          stm32f10x_adc.o
    0x080008dc   0x080008dc   0x000000b8   Code   RO          198    i.ADC_RegularChannelConfig  stm32f10x_adc.o
    0x08000994   0x08000994   0x0000000a   Code   RO          199    i.ADC_ResetCalibration  stm32f10x_adc.o
    0x0800099e   0x0800099e   0x00000002   PAD
    0x080009a0   0x080009a0   0x000000b8   Code   RO         4396    i.ADC_START         bsp_adc.o
    0x08000a58   0x08000a58   0x00000016   Code   RO          201    i.ADC_SoftwareStartConvCmd  stm32f10x_adc.o
    0x08000a6e   0x08000a6e   0x0000000a   Code   RO          203    i.ADC_StartCalibration  stm32f10x_adc.o
    0x08000a78   0x08000a78   0x000000f8   Code   RO         4398    i.ADCx_CHx_IndependentCongfig  bsp_adc.o
    0x08000b70   0x08000b70   0x00000090   Code   RO         4033    i.BSP_GPIO_Config   bsp_gpio.o
    0x08000c00   0x08000c00   0x00000050   Code   RO         3318    i.BSP_KEY_Button_Register  bsp_key.o
    0x08000c50   0x08000c50   0x0000002e   Code   RO         3319    i.BSP_KEY_Button_StructInit  bsp_key.o
    0x08000c7e   0x08000c7e   0x00000002   PAD
    0x08000c80   0x08000c80   0x000000a8   Code   RO         3320    i.BSP_KEY_COMB_StructInit  bsp_key.o
    0x08000d28   0x08000d28   0x00000060   Code   RO         3321    i.BSP_KEY_ClearButton  bsp_key.o
    0x08000d88   0x08000d88   0x00000022   Code   RO         3322    i.BSP_KEY_CmpDiff   bsp_key.o
    0x08000daa   0x08000daa   0x00000002   PAD
    0x08000dac   0x08000dac   0x00000050   Code   RO         3323    i.BSP_KEY_Comb_Register  bsp_key.o
    0x08000dfc   0x08000dfc   0x000000b0   Code   RO         3324    i.BSP_KEY_GpioConfig  bsp_key.o
    0x08000eac   0x08000eac   0x000000ac   Code   RO         3325    i.BSP_KEY_InitParam  bsp_key.o
    0x08000f58   0x08000f58   0x00000034   Code   RO         3326    i.BSP_KEY_Pot_Register  bsp_key.o
    0x08000f8c   0x08000f8c   0x00000398   Code   RO         3327    i.BSP_KEY_UsageDemo  bsp_key.o
    0x08001324   0x08001324   0x00000026   Code   RO         3470    i.BSP_USARTxStructInit  bsp_usart.o
    0x0800134a   0x0800134a   0x00000002   PAD
    0x0800134c   0x0800134c   0x000000fc   Code   RO         3471    i.BSP_USARTx_Init   bsp_usart.o
    0x08001448   0x08001448   0x00000004   Code   RO         3155    i.BusFault_Handler  stm32f10x_it.o
    0x0800144c   0x0800144c   0x00000002   Code   RO         3101    i.C8_6T6_Test       main.o
    0x0800144e   0x0800144e   0x00000002   Code   RO         3156    i.DMA1_Channel2_IRQHandler  stm32f10x_it.o
    0x08001450   0x08001450   0x00000002   Code   RO         3157    i.DMA1_Channel3_IRQHandler  stm32f10x_it.o
    0x08001452   0x08001452   0x00000002   PAD
    0x08001454   0x08001454   0x0000001c   Code   RO          859    i.DMA_ClearFlag     stm32f10x_dma.o
    0x08001470   0x08001470   0x00000018   Code   RO          861    i.DMA_Cmd           stm32f10x_dma.o
    0x08001488   0x08001488   0x0000014c   Code   RO          862    i.DMA_DeInit        stm32f10x_dma.o
    0x080015d4   0x080015d4   0x0000003c   Code   RO          867    i.DMA_Init          stm32f10x_dma.o
    0x08001610   0x08001610   0x00000002   Code   RO         3158    i.DebugMon_Handler  stm32f10x_it.o
    0x08001612   0x08001612   0x00000010   Code   RO         3159    i.EXTI0_IRQHandler  stm32f10x_it.o
    0x08001622   0x08001622   0x00000002   Code   RO         3160    i.EXTI15_10_IRQHandler  stm32f10x_it.o
    0x08001624   0x08001624   0x00000002   Code   RO         3161    i.EXTI2_IRQHandler  stm32f10x_it.o
    0x08001626   0x08001626   0x00000002   Code   RO         3162    i.EXTI9_5_IRQHandler  stm32f10x_it.o
    0x08001628   0x08001628   0x0000000c   Code   RO          932    i.EXTI_ClearITPendingBit  stm32f10x_exti.o
    0x08001634   0x08001634   0x00000028   Code   RO          936    i.EXTI_GetITStatus  stm32f10x_exti.o
    0x0800165c   0x0800165c   0x00000116   Code   RO         1285    i.GPIO_Init         stm32f10x_gpio.o
    0x08001772   0x08001772   0x00000002   PAD
    0x08001774   0x08001774   0x00000090   Code   RO         1287    i.GPIO_PinRemapConfig  stm32f10x_gpio.o
    0x08001804   0x08001804   0x00000004   Code   RO         1292    i.GPIO_ResetBits    stm32f10x_gpio.o
    0x08001808   0x08001808   0x00000004   Code   RO         1293    i.GPIO_SetBits      stm32f10x_gpio.o
    0x0800180c   0x0800180c   0x00000004   Code   RO         3163    i.HardFault_Handler  stm32f10x_it.o
    0x08001810   0x08001810   0x000000e0   Code   RO         3102    i.Hardware_Init     main.o
    0x080018f0   0x080018f0   0x00000028   Code   RO         3328    i.KEY_Pot_StructInit  bsp_key.o
    0x08001918   0x08001918   0x000000d8   Code   RO         3329    i.KEY_calPotPct     bsp_key.o
    0x080019f0   0x080019f0   0x00000012   Code   RO         3330    i.KEY_getPotVal     bsp_key.o
    0x08001a02   0x08001a02   0x00000002   PAD
    0x08001a04   0x08001a04   0x00000118   Code   RO         3332    i.KeyDetectButton   bsp_key.o
    0x08001b1c   0x08001b1c   0x000000a0   Code   RO         3333    i.KeyDetectPot      bsp_key.o
    0x08001bbc   0x08001bbc   0x00000024   Code   RO         3334    i.KeyGetFIFOFlag    bsp_key.o
    0x08001be0   0x08001be0   0x0000003c   Code   RO         3335    i.KeyReadFIFO       bsp_key.o
    0x08001c1c   0x08001c1c   0x00000100   Code   RO         3336    i.KeyUpdataButtonSta  bsp_key.o
    0x08001d1c   0x08001d1c   0x00000054   Code   RO         3337    i.KeyWriteFIFO      bsp_key.o
    0x08001d70   0x08001d70   0x0000000c   Code   RO         3338    i.Key_GetTime       bsp_key.o
    0x08001d7c   0x08001d7c   0x0000002c   Code   RO         3339    i.Key_TickTask      bsp_key.o
    0x08001da8   0x08001da8   0x00000074   Code   RO         3279    i.LED_NEW_STA       bsp_led.o
    0x08001e1c   0x08001e1c   0x0000000e   Code   RO         3280    i.LED_OFF           bsp_led.o
    0x08001e2a   0x08001e2a   0x0000000e   Code   RO         3281    i.LED_ON            bsp_led.o
    0x08001e38   0x08001e38   0x00000068   Code   RO         3282    i.LED_Register      bsp_led.o
    0x08001ea0   0x08001ea0   0x00000004   Code   RO         3164    i.MemManage_Handler  stm32f10x_it.o
    0x08001ea4   0x08001ea4   0x00000080   Code   RO         3283    i.Modify_LED_List   bsp_led.o
    0x08001f24   0x08001f24   0x00000002   Code   RO         3165    i.NMI_Handler       stm32f10x_it.o
    0x08001f26   0x08001f26   0x00000002   PAD
    0x08001f28   0x08001f28   0x00000070   Code   RO          130    i.NVIC_Init         misc.o
    0x08001f98   0x08001f98   0x00000014   Code   RO          131    i.NVIC_PriorityGroupConfig  misc.o
    0x08001fac   0x08001fac   0x00000002   Code   RO         3166    i.PendSV_Handler    stm32f10x_it.o
    0x08001fae   0x08001fae   0x00000002   PAD
    0x08001fb0   0x08001fb0   0x00000018   Code   RO         1699    i.RCC_ADCCLKConfig  stm32f10x_rcc.o
    0x08001fc8   0x08001fc8   0x00000020   Code   RO         1700    i.RCC_AHBPeriphClockCmd  stm32f10x_rcc.o
    0x08001fe8   0x08001fe8   0x00000020   Code   RO         1701    i.RCC_APB1PeriphClockCmd  stm32f10x_rcc.o
    0x08002008   0x08002008   0x00000020   Code   RO         1703    i.RCC_APB2PeriphClockCmd  stm32f10x_rcc.o
    0x08002028   0x08002028   0x000000d4   Code   RO         1711    i.RCC_GetClocksFreq  stm32f10x_rcc.o
    0x080020fc   0x080020fc   0x00000002   Code   RO         3167    i.SVC_Handler       stm32f10x_it.o
    0x080020fe   0x080020fe   0x00000008   Code   RO           17    i.SetSysClock       system_stm32f10x.o
    0x08002106   0x08002106   0x00000002   PAD
    0x08002108   0x08002108   0x000000e0   Code   RO           18    i.SetSysClockTo72   system_stm32f10x.o
    0x080021e8   0x080021e8   0x0000000c   Code   RO         3168    i.SysTick_Handler   stm32f10x_it.o
    0x080021f4   0x080021f4   0x00000078   Code   RO         3678    i.SysTick_Init      bsp_systick.o
    0x0800226c   0x0800226c   0x00000014   Code   RO         3679    i.SysTick_delay     bsp_systick.o
    0x08002280   0x08002280   0x00000060   Code   RO           20    i.SystemInit        system_stm32f10x.o
    0x080022e0   0x080022e0   0x00000002   Code   RO         3169    i.TIM3_IRQHandler   stm32f10x_it.o
    0x080022e2   0x080022e2   0x00000002   PAD
    0x080022e4   0x080022e4   0x00000010   Code   RO         3680    i.TimeStamp_Increment  bsp_systick.o
    0x080022f4   0x080022f4   0x00000018   Code   RO         3681    i.TimingDelay_Decrement  bsp_systick.o
    0x0800230c   0x0800230c   0x00000008   Code   RO         3170    i.USART1_IRQHandler  stm32f10x_it.o
    0x08002314   0x08002314   0x00000008   Code   RO         3171    i.USART2_IRQHandler  stm32f10x_it.o
    0x0800231c   0x0800231c   0x00000018   Code   RO         2871    i.USART_Cmd         stm32f10x_usart.o
    0x08002334   0x08002334   0x0000001a   Code   RO         2874    i.USART_GetFlagStatus  stm32f10x_usart.o
    0x0800234e   0x0800234e   0x00000054   Code   RO         2875    i.USART_GetITStatus  stm32f10x_usart.o
    0x080023a2   0x080023a2   0x0000004a   Code   RO         2877    i.USART_ITConfig    stm32f10x_usart.o
    0x080023ec   0x080023ec   0x000000d8   Code   RO         2878    i.USART_Init        stm32f10x_usart.o
    0x080024c4   0x080024c4   0x0000000a   Code   RO         2885    i.USART_ReceiveData  stm32f10x_usart.o
    0x080024ce   0x080024ce   0x00000008   Code   RO         2888    i.USART_SendData    stm32f10x_usart.o
    0x080024d6   0x080024d6   0x00000002   PAD
    0x080024d8   0x080024d8   0x0000005c   Code   RO         3340    i.UpdataButtonIOLevel  bsp_key.o
    0x08002534   0x08002534   0x00000004   Code   RO         3172    i.UsageFault_Handler  stm32f10x_it.o
    0x08002538   0x08002538   0x00000048   Code   RO         3472    i.UsartPrintf       bsp_usart.o
    0x08002580   0x08002580   0x00000078   Code   RO         3473    i.UsartRecv         bsp_usart.o
    0x080025f8   0x080025f8   0x00000032   Code   RO         3474    i.UsartSend         bsp_usart.o
    0x0800262a   0x0800262a   0x00000002   PAD
    0x0800262c   0x0800262c   0x00000024   Code   RO         6959    i.__0vsnprintf      mc_w.l(printfa.o)
    0x08002650   0x08002650   0x0000000e   Code   RO         7144    i.__scatterload_copy  mc_w.l(handlers.o)
    0x0800265e   0x0800265e   0x00000002   Code   RO         7145    i.__scatterload_null  mc_w.l(handlers.o)
    0x08002660   0x08002660   0x0000000e   Code   RO         7146    i.__scatterload_zeroinit  mc_w.l(handlers.o)
    0x0800266e   0x0800266e   0x00000002   PAD
    0x08002670   0x08002670   0x00000164   Code   RO         6961    i._fp_digits        mc_w.l(printfa.o)
    0x080027d4   0x080027d4   0x000006dc   Code   RO         6962    i._printf_core      mc_w.l(printfa.o)
    0x08002eb0   0x08002eb0   0x00000024   Code   RO         6963    i._printf_post_padding  mc_w.l(printfa.o)
    0x08002ed4   0x08002ed4   0x0000002e   Code   RO         6964    i._printf_pre_padding  mc_w.l(printfa.o)
    0x08002f02   0x08002f02   0x00000016   Code   RO         6965    i._snputc           mc_w.l(printfa.o)
    0x08002f18   0x08002f18   0x00000050   Code   RO         6982    i.free              mc_w.l(malloc.o)
    0x08002f68   0x08002f68   0x00000010   Code   RO         3683    i.get_tick_count    bsp_systick.o
    0x08002f78   0x08002f78   0x00000050   Code   RO         3103    i.main              main.o
    0x08002fc8   0x08002fc8   0x0000006c   Code   RO         6983    i.malloc            mc_w.l(malloc.o)
    0x08003034   0x08003034   0x000000d8   Code   RO         3475    i.vUSART1_IRQHandler  bsp_usart.o
    0x0800310c   0x0800310c   0x000000b8   Code   RO         3476    i.vUSART2_IRQHandler  bsp_usart.o
    0x080031c4   0x080031c4   0x00000093   Data   RO         3342    .conststring        bsp_key.o
    0x08003257   0x08003257   0x00000001   PAD
    0x08003258   0x08003258   0x00000020   Data   RO         7142    Region$$Table       anon$$obj.o


    Execution Region RW_IRAM1 (Exec base: 0x20000000, Load base: 0x08003278, Size: 0x00000878, Max: 0x00005000, ABSOLUTE)

    Exec Addr    Load Addr    Size         Type   Attr      Idx    E Section Name        Object

    0x20000000   0x08003278   0x00000014   Data   RW           21    .data               system_stm32f10x.o
    0x20000014   0x0800328c   0x00000014   Data   RW         1731    .data               stm32f10x_rcc.o
    0x20000028   0x080032a0   0x0000000b   Data   RW         3285    .data               bsp_led.o
    0x20000033   0x080032ab   0x00000001   PAD
    0x20000034   0x080032ac   0x00000020   Data   RW         3343    .data               bsp_key.o
    0x20000054   0x080032cc   0x00000004   Data   RW         3478    .data               bsp_usart.o
    0x20000058   0x080032d0   0x00000008   Data   RW         3684    .data               bsp_systick.o
    0x20000060   0x080032d8   0x00000004   Data   RW         7116    .data               mc_w.l(mvars.o)
    0x20000064   0x080032dc   0x00000004   Data   RW         7117    .data               mc_w.l(mvars.o)
    0x20000068        -       0x0000001e   Zero   RW         3284    .bss                bsp_led.o
    0x20000086   0x080032e0   0x00000002   PAD
    0x20000088        -       0x00000020   Zero   RW         3341    .bss                bsp_key.o
    0x200000a8        -       0x00000190   Zero   RW         3477    .bss                bsp_usart.o
    0x20000238        -       0x0000003c   Zero   RW         4400    .bss                bsp_adc.o
    0x20000274   0x080032e0   0x00000004   PAD
    0x20000278        -       0x00000200   Zero   RW         4493    HEAP                startup_stm32f10x_md.o
    0x20000478        -       0x00000400   Zero   RW         4492    STACK               startup_stm32f10x_md.o


==============================================================================

Image component sizes


      Code (inc. data)   RO Data    RW Data    ZI Data      Debug   Object Name

       556         44          0          0         60       3839   bsp_adc.o
       144         12          0          0          0       1166   bsp_gpio.o
      3122        520        147         32         32      15917   bsp_key.o
       376         42          0         11         30       3962   bsp_led.o
       196         30          0          8          0      18425   bsp_systick.o
       932         78          0          4        400       6651   bsp_usart.o
         0          0          0          0          0       4536   core_cm3.o
       306        106          0          0          0       4313   main.o
       132         22          0          0          0       1603   misc.o
        36          8        236          0       1536        820   startup_stm32f10x_md.o
       412         10          0          0          0       7839   stm32f10x_adc.o
       444         18          0          0          0       3970   stm32f10x_dma.o
        52         12          0          0          0       1084   stm32f10x_exti.o
       430          6          0          0          0       3890   stm32f10x_gpio.o
        80          0          0          0          0       7612   stm32f10x_it.o
       332         44          0         20          0       5545   stm32f10x_rcc.o
       442          6          0          0          0       6101   stm32f10x_usart.o
       328         28          0         20          0     247725   system_stm32f10x.o

    ----------------------------------------------------------------------
      8348        986        416         96       2064     344998   Object Totals
         0          0         32          0          0          0   (incl. Generated)
        28          0          1          1          6          0   (incl. Padding)

    ----------------------------------------------------------------------

      Code (inc. data)   RO Data    RW Data    ZI Data      Debug   Library Member Name

         0          0          0          0          0          0   entry.o
         0          0          0          0          0          0   entry10a.o
         0          0          0          0          0          0   entry11a.o
         8          4          0          0          0          0   entry2.o
         4          0          0          0          0          0   entry5.o
         0          0          0          0          0          0   entry7b.o
         0          0          0          0          0          0   entry8b.o
         8          4          0          0          0          0   entry9a.o
        30          0          0          0          0          0   handlers.o
        36          8          0          0          0         68   init.o
         0          0          0          0          0          0   iusefp.o
        30          0          0          0          0         68   llshl.o
        36          0          0          0          0         68   llsshr.o
        32          0          0          0          0         68   llushr.o
       188         20          0          0          0        160   malloc.o
        64          0          0          0          0         76   memmovea.o
         0          0          0          8          0          0   mvars.o
      2252         84          0          0          0        508   printfa.o
        44          0          0          0          0         80   uidiv.o
        98          0          0          0          0         92   uldiv.o
        48          0          0          0          0         68   cdrcmple.o
       334          0          0          0          0        148   dadd.o
       222          0          0          0          0        100   ddiv.o
       186          0          0          0          0        176   depilogue.o
        62          0          0          0          0         80   dfixi.o
        48          0          0          0          0         68   dfixul.o
        26          0          0          0          0         76   dfltui.o
       228          0          0          0          0         96   dmul.o
        38          0          0          0          0         68   f2d.o
       110          0          0          0          0        168   fepilogue.o
        18          0          0          0          0         68   fflti.o

    ----------------------------------------------------------------------
      4156        120          0          8          0       2304   Library Totals
         6          0          0          0          0          0   (incl. Padding)

    ----------------------------------------------------------------------

      Code (inc. data)   RO Data    RW Data    ZI Data      Debug   Library Name

      2830        120          0          8          0       1188   mc_w.l
      1320          0          0          0          0       1116   mf_w.l

    ----------------------------------------------------------------------
      4156        120          0          8          0       2304   Library Totals

    ----------------------------------------------------------------------

==============================================================================


      Code (inc. data)   RO Data    RW Data    ZI Data      Debug   

     12504       1106        416        104       2064     341110   Grand Totals
     12504       1106        416        104       2064     341110   ELF Image Totals
     12504       1106        416        104          0          0   ROM Totals

==============================================================================

    Total RO  Size (Code + RO Data)                12920 (  12.62kB)
    Total RW  Size (RW Data + ZI Data)              2168 (   2.12kB)
    Total ROM Size (Code + RO Data + RW Data)      13024 (  12.72kB)

==============================================================================

