Component: ARM Compiler 5.05 update 2 (build 169) Tool: armlink [4d0f33]

==============================================================================

Section Cross References

    system_stm32f10x.o(i.SetSysClock) refers to system_stm32f10x.o(i.SetSysClockTo72) for SetSysClockTo72
    system_stm32f10x.o(i.SystemCoreClockUpdate) refers to system_stm32f10x.o(.data) for SystemCoreClock
    system_stm32f10x.o(i.SystemInit) refers to system_stm32f10x.o(i.SetSysClock) for SetSysClock
    stm32f10x_adc.o(i.ADC_DeInit) refers to stm32f10x_rcc.o(i.RCC_APB2PeriphResetCmd) for RCC_APB2PeriphResetCmd
    stm32f10x_bkp.o(i.BKP_DeInit) refers to stm32f10x_rcc.o(i.RCC_BackupResetCmd) for RCC_BackupResetCmd
    stm32f10x_can.o(i.CAN_DeInit) refers to stm32f10x_rcc.o(i.RCC_APB1PeriphResetCmd) for RCC_APB1PeriphResetCmd
    stm32f10x_can.o(i.CAN_GetITStatus) refers to stm32f10x_can.o(i.CheckITStatus) for CheckITStatus
    stm32f10x_cec.o(i.CEC_DeInit) refers to stm32f10x_rcc.o(i.RCC_APB1PeriphResetCmd) for RCC_APB1PeriphResetCmd
    stm32f10x_dac.o(i.DAC_DeInit) refers to stm32f10x_rcc.o(i.RCC_APB1PeriphResetCmd) for RCC_APB1PeriphResetCmd
    stm32f10x_flash.o(i.FLASH_EnableWriteProtection) refers to stm32f10x_flash.o(i.FLASH_WaitForLastOperation) for FLASH_WaitForLastOperation
    stm32f10x_flash.o(i.FLASH_EraseAllBank1Pages) refers to stm32f10x_flash.o(i.FLASH_WaitForLastBank1Operation) for FLASH_WaitForLastBank1Operation
    stm32f10x_flash.o(i.FLASH_EraseAllPages) refers to stm32f10x_flash.o(i.FLASH_WaitForLastOperation) for FLASH_WaitForLastOperation
    stm32f10x_flash.o(i.FLASH_EraseOptionBytes) refers to stm32f10x_flash.o(i.FLASH_GetReadOutProtectionStatus) for FLASH_GetReadOutProtectionStatus
    stm32f10x_flash.o(i.FLASH_EraseOptionBytes) refers to stm32f10x_flash.o(i.FLASH_WaitForLastOperation) for FLASH_WaitForLastOperation
    stm32f10x_flash.o(i.FLASH_ErasePage) refers to stm32f10x_flash.o(i.FLASH_WaitForLastOperation) for FLASH_WaitForLastOperation
    stm32f10x_flash.o(i.FLASH_ProgramHalfWord) refers to stm32f10x_flash.o(i.FLASH_WaitForLastOperation) for FLASH_WaitForLastOperation
    stm32f10x_flash.o(i.FLASH_ProgramOptionByteData) refers to stm32f10x_flash.o(i.FLASH_WaitForLastOperation) for FLASH_WaitForLastOperation
    stm32f10x_flash.o(i.FLASH_ProgramWord) refers to stm32f10x_flash.o(i.FLASH_WaitForLastOperation) for FLASH_WaitForLastOperation
    stm32f10x_flash.o(i.FLASH_ReadOutProtection) refers to stm32f10x_flash.o(i.FLASH_WaitForLastOperation) for FLASH_WaitForLastOperation
    stm32f10x_flash.o(i.FLASH_UserOptionByteConfig) refers to stm32f10x_flash.o(i.FLASH_WaitForLastOperation) for FLASH_WaitForLastOperation
    stm32f10x_flash.o(i.FLASH_WaitForLastBank1Operation) refers to stm32f10x_flash.o(i.FLASH_GetBank1Status) for FLASH_GetBank1Status
    stm32f10x_flash.o(i.FLASH_WaitForLastOperation) refers to stm32f10x_flash.o(i.FLASH_GetBank1Status) for FLASH_GetBank1Status
    stm32f10x_gpio.o(i.GPIO_AFIODeInit) refers to stm32f10x_rcc.o(i.RCC_APB2PeriphResetCmd) for RCC_APB2PeriphResetCmd
    stm32f10x_gpio.o(i.GPIO_DeInit) refers to stm32f10x_rcc.o(i.RCC_APB2PeriphResetCmd) for RCC_APB2PeriphResetCmd
    stm32f10x_i2c.o(i.I2C_DeInit) refers to stm32f10x_rcc.o(i.RCC_APB1PeriphResetCmd) for RCC_APB1PeriphResetCmd
    stm32f10x_i2c.o(i.I2C_Init) refers to stm32f10x_rcc.o(i.RCC_GetClocksFreq) for RCC_GetClocksFreq
    stm32f10x_pwr.o(i.PWR_DeInit) refers to stm32f10x_rcc.o(i.RCC_APB1PeriphResetCmd) for RCC_APB1PeriphResetCmd
    stm32f10x_rcc.o(i.RCC_GetClocksFreq) refers to stm32f10x_rcc.o(.data) for APBAHBPrescTable
    stm32f10x_rcc.o(i.RCC_WaitForHSEStartUp) refers to stm32f10x_rcc.o(i.RCC_GetFlagStatus) for RCC_GetFlagStatus
    stm32f10x_rtc.o(i.RTC_SetAlarm) refers to stm32f10x_rtc.o(i.RTC_EnterConfigMode) for RTC_EnterConfigMode
    stm32f10x_rtc.o(i.RTC_SetAlarm) refers to stm32f10x_rtc.o(i.RTC_ExitConfigMode) for RTC_ExitConfigMode
    stm32f10x_rtc.o(i.RTC_SetCounter) refers to stm32f10x_rtc.o(i.RTC_EnterConfigMode) for RTC_EnterConfigMode
    stm32f10x_rtc.o(i.RTC_SetCounter) refers to stm32f10x_rtc.o(i.RTC_ExitConfigMode) for RTC_ExitConfigMode
    stm32f10x_rtc.o(i.RTC_SetPrescaler) refers to stm32f10x_rtc.o(i.RTC_EnterConfigMode) for RTC_EnterConfigMode
    stm32f10x_rtc.o(i.RTC_SetPrescaler) refers to stm32f10x_rtc.o(i.RTC_ExitConfigMode) for RTC_ExitConfigMode
    stm32f10x_spi.o(i.I2S_Init) refers to stm32f10x_rcc.o(i.RCC_GetClocksFreq) for RCC_GetClocksFreq
    stm32f10x_spi.o(i.SPI_I2S_DeInit) refers to stm32f10x_rcc.o(i.RCC_APB2PeriphResetCmd) for RCC_APB2PeriphResetCmd
    stm32f10x_spi.o(i.SPI_I2S_DeInit) refers to stm32f10x_rcc.o(i.RCC_APB1PeriphResetCmd) for RCC_APB1PeriphResetCmd
    stm32f10x_tim.o(i.TIM_DeInit) refers to stm32f10x_rcc.o(i.RCC_APB2PeriphResetCmd) for RCC_APB2PeriphResetCmd
    stm32f10x_tim.o(i.TIM_DeInit) refers to stm32f10x_rcc.o(i.RCC_APB1PeriphResetCmd) for RCC_APB1PeriphResetCmd
[...]
    EXTI0_IRQHandler                         0x080038fd   Thumb Code    12  stm32f10x_it.o(i.EXTI0_IRQHandler)
    EXTI15_10_IRQHandler                     0x0800390d   Thumb Code    30  stm32f10x_it.o(i.EXTI15_10_IRQHandler)
    EXTI2_IRQHandler                         0x0800392b   Thumb Code     2  stm32f10x_it.o(i.EXTI2_IRQHandler)
    EXTI9_5_IRQHandler                       0x0800392d   Thumb Code     2  stm32f10x_it.o(i.EXTI9_5_IRQHandler)
    EXTI_ClearITPendingBit                   0x08003931   Thumb Code     6  stm32f10x_exti.o(i.EXTI_ClearITPendingBit)
    EXTI_GetITStatus                         0x0800393d   Thumb Code    34  stm32f10x_exti.o(i.EXTI_GetITStatus)
    EXTI_Init                                0x08003965   Thumb Code   142  stm32f10x_exti.o(i.EXTI_Init)
    GPIO_EXTILineConfig                      0x080039f9   Thumb Code    60  stm32f10x_gpio.o(i.GPIO_EXTILineConfig)
    GPIO_Init                                0x08003a39   Thumb Code   278  stm32f10x_gpio.o(i.GPIO_Init)
    GPIO_PinRemapConfig                      0x08003b51   Thumb Code   138  stm32f10x_gpio.o(i.GPIO_PinRemapConfig)
    GPIO_ResetBits                           0x08003be1   Thumb Code     4  stm32f10x_gpio.o(i.GPIO_ResetBits)
    GPIO_SetBits                             0x08003be5   Thumb Code     4  stm32f10x_gpio.o(i.GPIO_SetBits)
    Get_Encoder_Count                        0x08003be9   Thumb Code    24  bsp_encoder.o(i.Get_Encoder_Count)
    HardFault_Handler                        0x08003c01   Thumb Code     4  stm32f10x_it.o(i.HardFault_Handler)
    Hardware_Init                            0x08003c05   Thumb Code   270  main.o(i.Hardware_Init)
    KEY_EXTI_Register                        0x08003dbf   Thumb Code   194  bsp_exti.o(i.KEY_EXTI_Register)
    LED_NEW_STA                              0x08003e81   Thumb Code    96  bsp_led.o(i.LED_NEW_STA)
    LED_OFF                                  0x08003ef5   Thumb Code    14  bsp_led.o(i.LED_OFF)
    LED_ON                                   0x08003f03   Thumb Code    14  bsp_led.o(i.LED_ON)
    LED_Register                             0x08003f11   Thumb Code   104  bsp_led.o(i.LED_Register)
    MPU6050ReadID                            0x08003f79   Thumb Code    42  mpu6050.o(i.MPU6050ReadID)
    MPU6050_Init                             0x08003fa5   Thumb Code   106  mpu6050.o(i.MPU6050_Init)
    MPU6050_ReadData                         0x08004019   Thumb Code   124  mpu6050.o(i.MPU6050_ReadData)
    MPU6050_WriteReg                         0x08004095   Thumb Code   100  mpu6050.o(i.MPU6050_WriteReg)
    MPU6050_config                           0x080040f9   Thumb Code   262  mpu6050_sl.o(i.MPU6050_config)
    MPU6050_data_ready_cb                    0x08004259   Thumb Code     8  mpu6050_sl.o(i.MPU6050_data_ready_cb)
    MPU6050_mpl_init                         0x08004265   Thumb Code    18  mpu6050_sl.o(i.MPU6050_mpl_init)
    MPU6050_mpu_init                         0x08004277   Thumb Code    20  mpu6050_sl.o(i.MPU6050_mpu_init)
    MPU_INT_Init                             0x0800428d   Thumb Code    80  mpu6050.o(i.MPU_INT_Init)
    MemManage_Handler                        0x080042e1   Thumb Code     4  stm32f10x_it.o(i.MemManage_Handler)
    NMI_Handler                              0x08004365   Thumb Code     2  stm32f10x_it.o(i.NMI_Handler)
    NRF24L01P_Init                           0x08004369   Thumb Code   198  nrf24l01p.o(i.NRF24L01P_Init)
    NRF24L01_Check                           0x08004489   Thumb Code   152  nrf24l01p.o(i.NRF24L01_Check)
    NRF24L01_GetTime                         0x08004589   Thumb Code    12  nrf24l01p.o(i.NRF24L01_GetTime)
    NRF24L01_IRQ_Handler                     0x08004595   Thumb Code    44  nrf24l01p.o(i.NRF24L01_IRQ_Handler)
    NRF24L01_RX_ModeConfig                   0x080045c1   Thumb Code   194  nrf24l01p.o(i.NRF24L01_RX_ModeConfig)
    NRF24L01_RxPacket                        0x0800468d   Thumb Code   246  nrf24l01p.o(i.NRF24L01_RxPacket)
    NRF24L01_TX_ModeConfig                   0x080047bd   Thumb Code   194  nrf24l01p.o(i.NRF24L01_TX_ModeConfig)
    NRFCTR_GetTime                           0x08004889   Thumb Code    12  nrf_controller.o(i.NRFCTR_GetTime)
    NRF_CTRL_PrintMsg                        0x08004895   Thumb Code   134  nrf_controller.o(i.NRF_CTRL_PrintMsg)
    NRF_CTRL_RecvMsg                         0x080049d9   Thumb Code    46  nrf_controller.o(i.NRF_CTRL_RecvMsg)
    NRF_Controller_Config                    0x08004a11   Thumb Code    76  nrf_controller.o(i.NRF_Controller_Config)
    NRF_Controller_Run                       0x08004aa5   Thumb Code    52  nrf_controller.o(i.NRF_Controller_Run)
    NRF_HardStruct_Init                      0x08004ad9   Thumb Code    94  nrf24l01p.o(i.NRF_HardStruct_Init)
    NRF_R_Reg                                0x08004b37   Thumb Code    58  nrf24l01p.o(i.NRF_R_Reg)
    NRF_R_nByte                              0x08004b71   Thumb Code   100  nrf24l01p.o(i.NRF_R_nByte)
    NRF_W_Reg                                0x08004bd5   Thumb Code    46  nrf24l01p.o(i.NRF_W_Reg)
    NRF_W_nByte                              0x08004c03   Thumb Code    88  nrf24l01p.o(i.NRF_W_nByte)
    NVIC_Init                                0x08004c81   Thumb Code   100  misc.o(i.NVIC_Init)
    NVIC_PriorityGroupConfig                 0x08004cf1   Thumb Code    10  misc.o(i.NVIC_PriorityGroupConfig)
    PWM_SetCompare                           0x08004d05   Thumb Code    62  bsp_pwm.o(i.PWM_SetCompare)
    PWM_SetSta                               0x08004d43   Thumb Code    34  bsp_pwm.o(i.PWM_SetSta)
    PendSV_Handler                           0x08004d65   Thumb Code     2  stm32f10x_it.o(i.PendSV_Handler)
    RCC_APB1PeriphClockCmd                   0x08004d69   Thumb Code    26  stm32f10x_rcc.o(i.RCC_APB1PeriphClockCmd)
    RCC_APB1PeriphResetCmd                   0x08004d89   Thumb Code    26  stm32f10x_rcc.o(i.RCC_APB1PeriphResetCmd)
    RCC_APB2PeriphClockCmd                   0x08004da9   Thumb Code    26  stm32f10x_rcc.o(i.RCC_APB2PeriphClockCmd)
    RCC_APB2PeriphResetCmd                   0x08004dc9   Thumb Code    26  stm32f10x_rcc.o(i.RCC_APB2PeriphResetCmd)
    RCC_GetClocksFreq                        0x08004de9   Thumb Code   192  stm32f10x_rcc.o(i.RCC_GetClocksFreq)
    SPI_BiDirectionalLineConfig              0x08004ebd   Thumb Code    28  stm32f10x_spi.o(i.SPI_BiDirectionalLineConfig)
    SPI_Cmd                                  0x08004ed9   Thumb Code    24  stm32f10x_spi.o(i.SPI_Cmd)
    SPI_I2S_GetFlagStatus                    0x08004ef1   Thumb Code    18  stm32f10x_spi.o(i.SPI_I2S_GetFlagStatus)
    SPI_I2S_ReceiveData                      0x08004f03   Thumb Code     6  stm32f10x_spi.o(i.SPI_I2S_ReceiveData)
    SPI_I2S_SendData                         0x08004f09   Thumb Code     4  stm32f10x_spi.o(i.SPI_I2S_SendData)
    SPI_Init                                 0x08004f0d   Thumb Code    60  stm32f10x_spi.o(i.SPI_Init)
    SPIx_2Line_RWBytes                       0x08004f49   Thumb Code   110  bsp_spi.o(i.SPIx_2Line_RWBytes)
    SVC_Handler                              0x08004fb7   Thumb Code     2  stm32f10x_it.o(i.SVC_Handler)
    SysTick_Handler                          0x080050a1   Thumb Code    12  stm32f10x_it.o(i.SysTick_Handler)
    SysTick_Init                             0x080050ad   Thumb Code   108  bsp_systick.o(i.SysTick_Init)
    SysTick_delay                            0x08005125   Thumb Code    16  bsp_systick.o(i.SysTick_delay)
    SystemInit                               0x08005139   Thumb Code    78  system_stm32f10x.o(i.SystemInit)
    TIM3_IRQHandler                          0x080053d9   Thumb Code     2  stm32f10x_it.o(i.TIM3_IRQHandler)
    TIM_ARRPreloadConfig                     0x080053db   Thumb Code    24  stm32f10x_tim.o(i.TIM_ARRPreloadConfig)
    TIM_CCxCmd                               0x080053f3   Thumb Code    30  stm32f10x_tim.o(i.TIM_CCxCmd)
    TIM_Cmd                                  0x08005411   Thumb Code    24  stm32f10x_tim.o(i.TIM_Cmd)
    TIM_CtrlPWMOutputs                       0x08005429   Thumb Code    30  stm32f10x_tim.o(i.TIM_CtrlPWMOutputs)
    TIM_DeInit                               0x08005449   Thumb Code   424  stm32f10x_tim.o(i.TIM_DeInit)
    TIM_EncoderInterfaceConfig               0x08005631   Thumb Code    66  stm32f10x_tim.o(i.TIM_EncoderInterfaceConfig)
    TIM_GetCounter                           0x08005673   Thumb Code     6  stm32f10x_tim.o(i.TIM_GetCounter)
    TIM_ICInit                               0x08005679   Thumb Code   150  stm32f10x_tim.o(i.TIM_ICInit)
    TIM_ICStructInit                         0x08005725   Thumb Code    18  stm32f10x_tim.o(i.TIM_ICStructInit)
    TIM_OC1Init                              0x08005739   Thumb Code   132  stm32f10x_tim.o(i.TIM_OC1Init)
    TIM_OC1PreloadConfig                     0x080057d1   Thumb Code    18  stm32f10x_tim.o(i.TIM_OC1PreloadConfig)
    TIM_OC2Init                              0x080057e5   Thumb Code   154  stm32f10x_tim.o(i.TIM_OC2Init)
    TIM_OC2PreloadConfig                     0x08005889   Thumb Code    26  stm32f10x_tim.o(i.TIM_OC2PreloadConfig)
    TIM_OC3Init                              0x080058a5   Thumb Code   150  stm32f10x_tim.o(i.TIM_OC3Init)
    TIM_OC3PreloadConfig                     0x08005945   Thumb Code    18  stm32f10x_tim.o(i.TIM_OC3PreloadConfig)
    TIM_OC4Init                              0x08005959   Thumb Code   114  stm32f10x_tim.o(i.TIM_OC4Init)
    TIM_OC4PreloadConfig                     0x080059d5   Thumb Code    26  stm32f10x_tim.o(i.TIM_OC4PreloadConfig)
    TIM_OCStructInit                         0x080059ef   Thumb Code    20  stm32f10x_tim.o(i.TIM_OCStructInit)
    TIM_SetCompare1                          0x08005a03   Thumb Code     4  stm32f10x_tim.o(i.TIM_SetCompare1)
    TIM_SetCompare2                          0x08005a07   Thumb Code     4  stm32f10x_tim.o(i.TIM_SetCompare2)
    TIM_SetCompare3                          0x08005a0b   Thumb Code     4  stm32f10x_tim.o(i.TIM_SetCompare3)
    TIM_SetCompare4                          0x08005a0f   Thumb Code     6  stm32f10x_tim.o(i.TIM_SetCompare4)
    TIM_SetCounter                           0x08005a15   Thumb Code     4  stm32f10x_tim.o(i.TIM_SetCounter)
    TIM_SetIC1Prescaler                      0x08005a19   Thumb Code    18  stm32f10x_tim.o(i.TIM_SetIC1Prescaler)
    TIM_SetIC2Prescaler                      0x08005a2b   Thumb Code    26  stm32f10x_tim.o(i.TIM_SetIC2Prescaler)
    TIM_SetIC3Prescaler                      0x08005a45   Thumb Code    18  stm32f10x_tim.o(i.TIM_SetIC3Prescaler)
    TIM_SetIC4Prescaler                      0x08005a57   Thumb Code    26  stm32f10x_tim.o(i.TIM_SetIC4Prescaler)
    TIM_TimeBaseInit                         0x08005a71   Thumb Code   122  stm32f10x_tim.o(i.TIM_TimeBaseInit)
    TIM_TimeBaseStructInit                   0x08005b15   Thumb Code    18  stm32f10x_tim.o(i.TIM_TimeBaseStructInit)
    TIMx_CHx_ENCODER_Init                    0x08005b29   Thumb Code   822  bsp_encoder.o(i.TIMx_CHx_ENCODER_Init)
    TIMx_CHx_PWM_IO_Config                   0x08005ecd   Thumb Code   556  bsp_pwm.o(i.TIMx_CHx_PWM_IO_Config)
    TIMx_CHx_PWM_Init                        0x08006131   Thumb Code    78  bsp_pwm.o(i.TIMx_CHx_PWM_Init)
    TIMx_CHx_PWM_OCx_Config                  0x08006185   Thumb Code   274  bsp_pwm.o(i.TIMx_CHx_PWM_OCx_Config)
    TIMx_CHx_PWM_TIMEBASE_Config             0x080062c5   Thumb Code    54  bsp_pwm.o(i.TIMx_CHx_PWM_TIMEBASE_Config)
    TimeStamp_Increment                      0x080062fd   Thumb Code    12  bsp_systick.o(i.TimeStamp_Increment)
    TimingDelay_Decrement                    0x0800630d   Thumb Code    18  bsp_systick.o(i.TimingDelay_Decrement)
    Turn_Loop                                0x08006325   Thumb Code    56  bsp_control.o(i.Turn_Loop)
    USART1_IRQHandler                        0x08006365   Thumb Code     8  stm32f10x_it.o(i.USART1_IRQHandler)
    USART2_IRQHandler                        0x0800636d   Thumb Code     8  stm32f10x_it.o(i.USART2_IRQHandler)
    USART_Cmd                                0x08006375   Thumb Code    24  stm32f10x_usart.o(i.USART_Cmd)
    USART_GetFlagStatus                      0x0800638d   Thumb Code    26  stm32f10x_usart.o(i.USART_GetFlagStatus)
    USART_GetITStatus                        0x080063a7   Thumb Code    84  stm32f10x_usart.o(i.USART_GetITStatus)
    USART_ITConfig                           0x080063fb   Thumb Code    74  stm32f10x_usart.o(i.USART_ITConfig)
    USART_Init                               0x08006445   Thumb Code   210  stm32f10x_usart.o(i.USART_Init)
    USART_ReceiveData                        0x0800651d   Thumb Code    10  stm32f10x_usart.o(i.USART_ReceiveData)
    USART_SendData                           0x08006527   Thumb Code     8  stm32f10x_usart.o(i.USART_SendData)
    UsageFault_Handler                       0x0800652f   Thumb Code     4  stm32f10x_it.o(i.UsageFault_Handler)
    UsartPrintf                              0x08006533   Thumb Code    72  bsp_usart.o(i.UsartPrintf)
    UsartRecv                                0x0800657d   Thumb Code    96  bsp_usart.o(i.UsartRecv)
    UsartSend                                0x080065f5   Thumb Code    50  bsp_usart.o(i.UsartSend)
    Velocity_Loop                            0x08006629   Thumb Code   190  bsp_control.o(i.Velocity_Loop)
    Vertical_Loop                            0x08006705   Thumb Code    88  bsp_control.o(i.Vertical_Loop)
    _MLPrintLog                              0x08006769   Thumb Code   202  log_stm32.o(i._MLPrintLog)
    __0printf                                0x08006839   Thumb Code    22  printfa.o(i.__0printf)
    __1printf                                0x08006839   Thumb Code     0  printfa.o(i.__0printf)
    __2printf                                0x08006839   Thumb Code     0  printfa.o(i.__0printf)
    __c89printf                              0x08006839   Thumb Code     0  printfa.o(i.__0printf)
    printf                                   0x08006839   Thumb Code     0  printfa.o(i.__0printf)
    __0vsnprintf                             0x08006859   Thumb Code    32  printfa.o(i.__0vsnprintf)
    __1vsnprintf                             0x08006859   Thumb Code     0  printfa.o(i.__0vsnprintf)
    __2vsnprintf                             0x08006859   Thumb Code     0  printfa.o(i.__0vsnprintf)
    __c89vsnprintf                           0x08006859   Thumb Code     0  printfa.o(i.__0vsnprintf)
    vsnprintf                                0x08006859   Thumb Code     0  printfa.o(i.__0vsnprintf)
    __0vsprintf                              0x0800687d   Thumb Code    30  printfa.o(i.__0vsprintf)
    __1vsprintf                              0x0800687d   Thumb Code     0  printfa.o(i.__0vsprintf)
    __2vsprintf                              0x0800687d   Thumb Code     0  printfa.o(i.__0vsprintf)
    __c89vsprintf                            0x0800687d   Thumb Code     0  printfa.o(i.__0vsprintf)
    vsprintf                                 0x0800687d   Thumb Code     0  printfa.o(i.__0vsprintf)
    __ARM_fpclassifyf                        0x080068a1   Thumb Code    38  fpclassifyf.o(i.__ARM_fpclassifyf)
    __mathlib_flt_infnan                     0x080068c7   Thumb Code     6  funder.o(i.__mathlib_flt_infnan)
    __mathlib_flt_infnan2                    0x080068cd   Thumb Code     4  funder.o(i.__mathlib_flt_infnan2)
    __mathlib_flt_invalid                    0x080068d1   Thumb Code     8  funder.o(i.__mathlib_flt_invalid)
    __mathlib_flt_underflow                  0x080068d9   Thumb Code    10  funder.o(i.__mathlib_flt_underflow)
    __mathlib_rredf2                         0x080068e5   Thumb Code   344  rredf.o(i.__mathlib_rredf2)
    __scatterload_copy                       0x08006a81   Thumb Code    14  handlers.o(i.__scatterload_copy)
    __scatterload_null                       0x08006a8f   Thumb Code     2  handlers.o(i.__scatterload_null)
    __scatterload_zeroinit                   0x08006a91   Thumb Code    14  handlers.o(i.__scatterload_zeroinit)
    __set_errno                              0x08006aa1   Thumb Code     6  errno.o(i.__set_errno)
    acosf                                    0x08007361   Thumb Code   242  acosf.o(i.acosf)
    atan2f                                   0x0800747d   Thumb Code   528  atan2f.o(i.atan2f)
    cosf                                     0x080076d9   Thumb Code   328  cosf.o(i.cosf)
    dmp_enable_6x_lp_quat                    0x080078b9   Thumb Code    60  inv_mpu_dmp_motion_driver.o(i.dmp_enable_6x_lp_quat)
    dmp_enable_feature                       0x080078f5   Thumb Code   530  inv_mpu_dmp_motion_driver.o(i.dmp_enable_feature)
    dmp_enable_gyro_cal                      0x08007b11   Thumb Code    62  inv_mpu_dmp_motion_driver.o(i.dmp_enable_gyro_cal)
    dmp_enable_lp_quat                       0x08007b69   Thumb Code    60  inv_mpu_dmp_motion_driver.o(i.dmp_enable_lp_quat)
    dmp_load_motion_driver_firmware          0x08007ba5   Thumb Code    20  inv_mpu_dmp_motion_driver.o(i.dmp_load_motion_driver_firmware)
    dmp_read_fifo                            0x08007bbd   Thumb Code   456  inv_mpu_dmp_motion_driver.o(i.dmp_read_fifo)
    dmp_set_fifo_rate                        0x08007d89   Thumb Code    96  inv_mpu_dmp_motion_driver.o(i.dmp_set_fifo_rate)
    dmp_set_orientation                      0x08007df9   Thumb Code   290  inv_mpu_dmp_motion_driver.o(i.dmp_set_orientation)
    dmp_set_shake_reject_thresh              0x08007f31   Thumb Code    56  inv_mpu_dmp_motion_driver.o(i.dmp_set_shake_reject_thresh)
    dmp_set_shake_reject_time                0x08007f69   Thumb Code    38  inv_mpu_dmp_motion_driver.o(i.dmp_set_shake_reject_time)
    dmp_set_shake_reject_timeout             0x08007f8f   Thumb Code    38  inv_mpu_dmp_motion_driver.o(i.dmp_set_shake_reject_timeout)
    dmp_set_tap_axes                         0x08007fb5   Thumb Code    70  inv_mpu_dmp_motion_driver.o(i.dmp_set_tap_axes)
    dmp_set_tap_count                        0x08007ffb   Thumb Code    38  inv_mpu_dmp_motion_driver.o(i.dmp_set_tap_count)
    dmp_set_tap_thresh                       0x08008021   Thumb Code   396  inv_mpu_dmp_motion_driver.o(i.dmp_set_tap_thresh)
    dmp_set_tap_time                         0x080081c1   Thumb Code    38  inv_mpu_dmp_motion_driver.o(i.dmp_set_tap_time)
    dmp_set_tap_time_multi                   0x080081e7   Thumb Code    38  inv_mpu_dmp_motion_driver.o(i.dmp_set_tap_time_multi)
    fputc                                    0x0800820d   Thumb Code    18  fputc.o(i.fputc)
    free                                     0x08008221   Thumb Code    76  malloc.o(i.free)
    get_tick_count                           0x08008271   Thumb Code    12  bsp_systick.o(i.get_tick_count)
    i2c_Ack                                  0x08008281   Thumb Code    52  bsp_soft_i2c.o(i.i2c_Ack)
    i2c_GPIO_Config                          0x080082c9   Thumb Code    44  bsp_soft_i2c.o(i.i2c_GPIO_Config)
    i2c_NAck                                 0x080082f9   Thumb Code    42  bsp_soft_i2c.o(i.i2c_NAck)
    i2c_ReadByte                             0x08008329   Thumb Code    80  bsp_soft_i2c.o(i.i2c_ReadByte)
    i2c_SendByte                             0x0800837d   Thumb Code    88  bsp_soft_i2c.o(i.i2c_SendByte)
    i2c_Start                                0x080083d9   Thumb Code    48  bsp_soft_i2c.o(i.i2c_Start)
    i2c_Stop                                 0x0800840d   Thumb Code    32  bsp_soft_i2c.o(i.i2c_Stop)
    i2c_WaitAck                              0x08008431   Thumb Code    62  bsp_soft_i2c.o(i.i2c_WaitAck)
    inv_apply_calibration                    0x08008475   Thumb Code   106  data_builder.o(i.inv_apply_calibration)
    inv_biquad_filter_process                0x080084df   Thumb Code   104  ml_math_func.o(i.inv_biquad_filter_process)
    inv_build_accel                          0x08008549   Thumb Code   128  data_builder.o(i.inv_build_accel)
    inv_build_gyro                           0x080085d5   Thumb Code    46  data_builder.o(i.inv_build_gyro)
    inv_build_quat                           0x0800860d   Thumb Code    56  data_builder.o(i.inv_build_quat)
    inv_build_temp                           0x0800864d   Thumb Code    38  data_builder.o(i.inv_build_temp)
    inv_calc_state_to_match_output           0x08008679   Thumb Code    50  ml_math_func.o(i.inv_calc_state_to_match_output)
    inv_compass_angle                        0x080086ab   Thumb Code   162  ml_math_func.o(i.inv_compass_angle)
    inv_convert_to_body_with_scale           0x0800874d   Thumb Code   114  ml_math_func.o(i.inv_convert_to_body_with_scale)
    inv_disable_compass_soft_iron_matrix     0x08008829   Thumb Code    10  data_builder.o(i.inv_disable_compass_soft_iron_matrix)
    inv_enable_eMPL_outputs                  0x08008839   Thumb Code    22  empl_outputs.o(i.inv_enable_eMPL_outputs)
    inv_enable_hal_outputs                   0x08008855   Thumb Code    18  hal_outputs.o(i.inv_enable_hal_outputs)
    inv_enable_results_holder                0x0800886d   Thumb Code    26  results_holder.o(i.inv_enable_results_holder)
    inv_execute_mpl_start_notification       0x0800888d   Thumb Code    40  start_manager.o(i.inv_execute_mpl_start_notification)
    inv_execute_on_data                      0x080088b9   Thumb Code   152  data_builder.o(i.inv_execute_on_data)
    inv_generate_hal_outputs                 0x08008a49   Thumb Code   494  hal_outputs.o(i.inv_generate_hal_outputs)
    inv_generate_results                     0x08008c3d   Thumb Code    12  results_holder.o(i.inv_generate_results)
    inv_get_6axis_quaternion                 0x08008c4d   Thumb Code    18  results_holder.o(i.inv_get_6axis_quaternion)
    inv_get_acc_state                        0x08008c65   Thumb Code     6  results_holder.o(i.inv_get_acc_state)
    inv_get_accel_accuracy                   0x08008c71   Thumb Code     6  data_builder.o(i.inv_get_accel_accuracy)
    inv_get_accel_on                         0x08008c7d   Thumb Code    12  data_builder.o(i.inv_get_accel_on)
    inv_get_accel_set                        0x08008c8d   Thumb Code    40  data_builder.o(i.inv_get_accel_set)
    inv_get_compass_correction               0x08008cb9   Thumb Code    20  results_holder.o(i.inv_get_compass_correction)
    inv_get_compass_on                       0x08008cd1   Thumb Code    12  data_builder.o(i.inv_get_compass_on)
    inv_get_compass_set                      0x08008ce1   Thumb Code    58  data_builder.o(i.inv_get_compass_set)
    inv_get_gravity                          0x08008d25   Thumb Code    90  results_holder.o(i.inv_get_gravity)
    inv_get_gyro                             0x08008d85   Thumb Code    12  data_builder.o(i.inv_get_gyro)
    inv_get_gyro_accuracy                    0x08008d95   Thumb Code     6  data_builder.o(i.inv_get_gyro_accuracy)
    inv_get_gyro_bias                        0x08008da1   Thumb Code    32  data_builder.o(i.inv_get_gyro_bias)
    inv_get_gyro_bias_tc_set                 0x08008dc5   Thumb Code    26  data_builder.o(i.inv_get_gyro_bias_tc_set)
    inv_get_gyro_on                          0x08008de5   Thumb Code    10  data_builder.o(i.inv_get_gyro_on)
    inv_get_gyro_set                         0x08008df5   Thumb Code    34  data_builder.o(i.inv_get_gyro_set)
    inv_get_gyro_sum_of_sqr                  0x08008e1d   Thumb Code    28  ml_math_func.o(i.inv_get_gyro_sum_of_sqr)
    inv_get_last_timestamp                   0x08008e39   Thumb Code    98  data_builder.o(i.inv_get_last_timestamp)
    inv_get_linear_accel                     0x08008ea1   Thumb Code    60  results_holder.o(i.inv_get_linear_accel)
    inv_get_local_field                      0x08008edd   Thumb Code    12  results_holder.o(i.inv_get_local_field)
    inv_get_mag_accuracy                     0x08008eed   Thumb Code    20  data_builder.o(i.inv_get_mag_accuracy)
    inv_get_motion_state                     0x08008f09   Thumb Code    16  results_holder.o(i.inv_get_motion_state)
    inv_get_quaternion                       0x08008f1d   Thumb Code    54  results_holder.o(i.inv_get_quaternion)
    inv_get_quaternion_set                   0x08008f59   Thumb Code    68  results_holder.o(i.inv_get_quaternion_set)
    inv_get_sensor_type_accel                0x08008f9d   Thumb Code    36  empl_outputs.o(i.inv_get_sensor_type_accel)
    inv_get_sensor_type_euler                0x08008fc5   Thumb Code   536  empl_outputs.o(i.inv_get_sensor_type_euler)
    inv_get_sensor_type_gyro                 0x080091f5   Thumb Code    36  empl_outputs.o(i.inv_get_sensor_type_gyro)
    inv_got_compass_bias                     0x0800921d   Thumb Code     6  results_holder.o(i.inv_got_compass_bias)
    inv_init_biquad_filter                   0x08009229   Thumb Code    34  ml_math_func.o(i.inv_init_biquad_filter)
    inv_init_data_builder                    0x0800924d   Thumb Code    42  data_builder.o(i.inv_init_data_builder)
    inv_init_hal_outputs                     0x0800929d   Thumb Code    46  hal_outputs.o(i.inv_init_hal_outputs)
    inv_init_mpl                             0x080092d5   Thumb Code   106  mpl.o(i.inv_init_mpl)
    inv_init_results_holder                  0x08009375   Thumb Code    46  results_holder.o(i.inv_init_results_holder)
    inv_init_start_manager                   0x080093ad   Thumb Code    14  start_manager.o(i.inv_init_start_manager)
    inv_init_storage_manager                 0x080093c1   Thumb Code    20  storage_manager.o(i.inv_init_storage_manager)
    inv_orientation_matrix_to_scalar         0x080093d9   Thumb Code    40  ml_math_func.o(i.inv_orientation_matrix_to_scalar)
    inv_q29_mult                             0x08009401   Thumb Code    18  ml_math_func.o(i.inv_q29_mult)
    inv_q30_mult                             0x08009413   Thumb Code    18  ml_math_func.o(i.inv_q30_mult)
    inv_q_add                                0x0800943b   Thumb Code    36  ml_math_func.o(i.inv_q_add)
    inv_q_addf                               0x0800945f   Thumb Code    50  ml_math_func.o(i.inv_q_addf)
    inv_q_invert                             0x08009491   Thumb Code    24  ml_math_func.o(i.inv_q_invert)
    inv_q_invertf                            0x080094a9   Thumb Code    30  ml_math_func.o(i.inv_q_invertf)
    inv_q_mult                               0x080094c7   Thumb Code   178  ml_math_func.o(i.inv_q_mult)
    inv_q_multf                              0x08009579   Thumb Code   270  ml_math_func.o(i.inv_q_multf)
    inv_q_norm4                              0x08009687   Thumb Code   146  ml_math_func.o(i.inv_q_norm4)
    inv_q_normalizef                         0x08009719   Thumb Code   366  ml_math_func.o(i.inv_q_normalizef)
    inv_q_rotate                             0x08009887   Thumb Code    66  ml_math_func.o(i.inv_q_rotate)
    inv_quaternion_to_rotation               0x080098c9   Thumb Code   218  ml_math_func.o(i.inv_quaternion_to_rotation)
    inv_register_data_cb                     0x080099a5   Thumb Code   234  data_builder.o(i.inv_register_data_cb)
    inv_register_load_store                  0x08009a9d   Thumb Code   138  storage_manager.o(i.inv_register_load_store)
    inv_register_mpl_start_notification      0x08009b2d   Thumb Code    38  start_manager.o(i.inv_register_mpl_start_notification)
    inv_reset_compass_soft_iron_matrix       0x08009b59   Thumb Code    70  data_builder.o(i.inv_reset_compass_soft_iron_matrix)
    inv_set_accel_orientation_and_scale      0x08009bf5   Thumb Code    18  data_builder.o(i.inv_set_accel_orientation_and_scale)
    inv_set_accel_sample_rate                0x08009c0d   Thumb Code    36  data_builder.o(i.inv_set_accel_sample_rate)
    inv_set_compass_bias_found               0x08009c39   Thumb Code     6  results_holder.o(i.inv_set_compass_bias_found)
    inv_set_compass_correction               0x08009c45   Thumb Code    30  results_holder.o(i.inv_set_compass_correction)
    inv_set_compass_disturbance              0x08009c69   Thumb Code     8  data_builder.o(i.inv_set_compass_disturbance)
    inv_set_gyro_bias                        0x08009d95   Thumb Code   102  data_builder.o(i.inv_set_gyro_bias)
    inv_set_gyro_orientation_and_scale       0x08009e09   Thumb Code    18  data_builder.o(i.inv_set_gyro_orientation_and_scale)
    inv_set_gyro_sample_rate                 0x08009e21   Thumb Code    32  data_builder.o(i.inv_set_gyro_sample_rate)
    inv_set_message                          0x08009e49   Thumb Code    24  message_layer.o(i.inv_set_message)
    inv_set_motion_state                     0x08009e65   Thumb Code    74  results_holder.o(i.inv_set_motion_state)
    inv_start_eMPL_outputs                   0x08009eb5   Thumb Code    16  empl_outputs.o(i.inv_start_eMPL_outputs)
    inv_start_hal_outputs                    0x08009ec9   Thumb Code    20  hal_outputs.o(i.inv_start_hal_outputs)
    inv_start_mpl                            0x08009ee1   Thumb Code    38  mpl.o(i.inv_start_mpl)
    inv_start_results_holder                 0x08009f3d   Thumb Code    18  results_holder.o(i.inv_start_results_holder)
    inv_store_gaming_quaternion              0x08009f55   Thumb Code    30  results_holder.o(i.inv_store_gaming_quaternion)
    inv_unregister_data_cb                   0x08009f79   Thumb Code    96  data_builder.o(i.inv_unregister_data_cb)
    inv_unregister_mpl_start_notification    0x08009fdd   Thumb Code    92  start_manager.o(i.inv_unregister_mpl_start_notification)
    main                                     0x0800a03d   Thumb Code   136  main.o(i.main)
    malloc                                   0x0800a0e5   Thumb Code    92  malloc.o(i.malloc)
    mpu_configure_fifo                       0x0800a151   Thumb Code   106  inv_mpu.o(i.mpu_configure_fifo)
    mpu_get_accel_fsr                        0x0800a1c1   Thumb Code    72  inv_mpu.o(i.mpu_get_accel_fsr)
    mpu_get_gyro_fsr                         0x0800a20d   Thumb Code    64  inv_mpu.o(i.mpu_get_gyro_fsr)
    mpu_get_sample_rate                      0x0800a251   Thumb Code    26  inv_mpu.o(i.mpu_get_sample_rate)
    mpu_get_temperature                      0x0800a271   Thumb Code   150  inv_mpu.o(i.mpu_get_temperature)
    mpu_init                                 0x0800a311   Thumb Code   248  inv_mpu.o(i.mpu_init)
    mpu_load_firmware                        0x0800a40d   Thumb Code   180  inv_mpu.o(i.mpu_load_firmware)
    mpu_lp_accel_mode                        0x0800a4c5   Thumb Code   218  inv_mpu.o(i.mpu_lp_accel_mode)
    mpu_read_fifo_stream                     0x0800a5a5   Thumb Code   268  inv_mpu.o(i.mpu_read_fifo_stream)
    mpu_read_mem                             0x0800a6b5   Thumb Code   122  inv_mpu.o(i.mpu_read_mem)
    mpu_reset_fifo                           0x0800a735   Thumb Code   450  inv_mpu.o(i.mpu_reset_fifo)
    mpu_set_accel_fsr                        0x0800a8fd   Thumb Code   126  inv_mpu.o(i.mpu_set_accel_fsr)
    mpu_set_bypass                           0x0800a981   Thumb Code   328  inv_mpu.o(i.mpu_set_bypass)
    mpu_set_dmp_state                        0x0800aacd   Thumb Code   138  inv_mpu.o(i.mpu_set_dmp_state)
    mpu_set_gyro_fsr                         0x0800ab5d   Thumb Code   132  inv_mpu.o(i.mpu_set_gyro_fsr)
    mpu_set_int_latched                      0x0800abe5   Thumb Code   102  inv_mpu.o(i.mpu_set_int_latched)
    mpu_set_lpf                              0x0800ac51   Thumb Code   126  inv_mpu.o(i.mpu_set_lpf)
    mpu_set_sample_rate                      0x0800acd5   Thumb Code   152  inv_mpu.o(i.mpu_set_sample_rate)
    mpu_set_sensors                          0x0800ad71   Thumb Code   202  inv_mpu.o(i.mpu_set_sensors)
    mpu_write_mem                            0x0800ae41   Thumb Code   122  inv_mpu.o(i.mpu_write_mem)
    pwm_limit_abs                            0x0800aec1   Thumb Code    52  bsp_control.o(i.pwm_limit_abs)
    set_sensor_orientation_and_scale         0x0800af89   Thumb Code     6  data_builder.o(i.set_sensor_orientation_and_scale)
    sinf                                     0x0800af91   Thumb Code   338  sinf.o(i.sinf)
    sqrtf                                    0x0800b119   Thumb Code    44  sqrtf.o(i.sqrtf)
    vUSART1_IRQHandler                       0x0800b145   Thumb Code   204  bsp_usart.o(i.vUSART1_IRQHandler)
    vUSART2_IRQHandler                       0x0800b221   Thumb Code   170  bsp_usart.o(i.vUSART2_IRQHandler)
    NRFTX_TX_ADDRESS                         0x0800b2d8   Data           5  nrf24l01p.o(.constdata)
    NRFTX_RX_ADDRESS_0                       0x0800b2dd   Data           5  nrf24l01p.o(.constdata)
    NRFTX_RX_ADDRESS_1                       0x0800b2e2   Data           5  nrf24l01p.o(.constdata)
    NRFRX_TX_ADDRESS                         0x0800b2e7   Data           5  nrf24l01p.o(.constdata)
    NRFRX_RX_ADDRESS_0                       0x0800b2ec   Data           5  nrf24l01p.o(.constdata)
    NRFRX_RX_ADDRESS_1                       0x0800b2f1   Data           5  nrf24l01p.o(.constdata)
    reg                                      0x0800b320   Data          30  inv_mpu.o(.constdata)
    hw                                       0x0800b33e   Data          12  inv_mpu.o(.constdata)
    test                                     0x0800b34c   Data          40  inv_mpu.o(.constdata)
    ml_ver                                   0x0800bf6a   Data          20  mpl.o(.constdata)
    Region$$Table$$Base                      0x0800c00c   Number         0  anon$$obj.o(Region$$Table)
    Region$$Table$$Limit                     0x0800c02c   Number         0  anon$$obj.o(Region$$Table)
    SystemCoreClock                          0x20000000   Data           4  system_stm32f10x.o(.data)
    AHBPrescTable                            0x20000004   Data          16  system_stm32f10x.o(.data)
    Registered_LED_Count                     0x20000028   Data           1  bsp_led.o(.data)
    LED_NUM_List                             0x20000029   Data           5  bsp_led.o(.data)
    LED_Trigger_Level_List                   0x2000002e   Data           5  bsp_led.o(.data)
    USART_RX_STA1                            0x20000034   Data           2  bsp_usart.o(.data)
    USART_RX_STA2                            0x20000036   Data           2  bsp_usart.o(.data)
    g_ul_ms_ticks                            0x20000038   Data           4  bsp_systick.o(.data)
    G_BSPCTRL_TargetSpeed                    0x2000005c   Data           4  bsp_control.o(.data)
    G_BSPCTRL_TurnSpeed                      0x20000060   Data           4  bsp_control.o(.data)
    G_NRF_HardStruct_ForEXTI0                0x20000078   Data           4  nrf24l01p.o(.data)
    mpl_key                                  0x200000a8   Data           4  mpu6050_sl.o(.data)
    gyro_pdata                               0x200000ac   Data           9  mpu6050_sl.o(.data)
    compass_low_pass_filter_coeff            0x200000b8   Data          20  hal_outputs.o(.data)
    __stdout                                 0x200000d0   Data           4  stdout.o(.data)
    __microlib_freelist                      0x200000d4   Data           4  mvars.o(.data)
    __microlib_freelist_initialised          0x200000d8   Data           4  mvars.o(.data)
    LED_GPIO_POTRx_List                      0x200000e0   Data          20  bsp_led.o(.bss)
    LED_GPIO_PINx_List                       0x200000f4   Data          10  bsp_led.o(.bss)
    USART_RX_BUF1                            0x200000fe   Data         200  bsp_usart.o(.bss)
    USART_RX_BUF2                            0x200001c6   Data         200  bsp_usart.o(.bss)
    G_Euler_RPY                              0x200002d0   Data          12  mpu6050.o(.bss)
    G_GYRO_XYZ                               0x200002dc   Data          12  mpu6050.o(.bss)
    G_ACCEL_XYZ                              0x200002e8   Data          12  mpu6050.o(.bss)
    hal                                      0x20000304   Data          36  mpu6050_sl.o(.bss)
    sensors                                  0x20000468   Data         408  data_builder.o(.bss)
    fnm                                      0x20000960   Data         608  fast_no_motion.o(.bss)
    s9axis                                   0x20000c00   Data         312  fusion_9axis.o(.bss)
    mag_disturb                              0x20000f68   Data         184  mag_disturb.o(.bss)
    __heap_base                              0x20001020   Data           0  startup_stm32f10x_md.o(HEAP)
    __heap_limit                             0x20001220   Data           0  startup_stm32f10x_md.o(HEAP)
    __initial_sp                             0x20001620   Data           0  startup_stm32f10x_md.o(STACK)



==============================================================================

Memory Map of the image

  Image Entry point : 0x080000ed

  Load Region LR_IROM1 (Base: 0x08000000, Size: 0x0000c10c, Max: 0x00010000, ABSOLUTE)

    Execution Region ER_IROM1 (Exec base: 0x08000000, Load base: 0x08000000, Size: 0x0000c02c, Max: 0x00010000, ABSOLUTE)

    Exec Addr    Load Addr    Size         Type   Attr      Idx    E Section Name        Object

    0x08000000   0x08000000   0x000000ec   Data   RO         4556    RESET               startup_stm32f10x_md.o
    0x080000ec   0x080000ec   0x00000000   Code   RO         6758  * .ARM.Collect$$$$00000000  mc_w.l(entry.o)
    0x080000ec   0x080000ec   0x00000004   Code   RO         7151    .ARM.Collect$$$$00000001  mc_w.l(entry2.o)
    0x080000f0   0x080000f0   0x00000004   Code   RO         7154    .ARM.Collect$$$$00000004  mc_w.l(entry5.o)
    0x080000f4   0x080000f4   0x00000000   Code   RO         7156    .ARM.Collect$$$$00000008  mc_w.l(entry7b.o)
    0x080000f4   0x080000f4   0x00000000   Code   RO         7158    .ARM.Collect$$$$0000000A  mc_w.l(entry8b.o)
    0x080000f4   0x080000f4   0x00000008   Code   RO         7159    .ARM.Collect$$$$0000000B  mc_w.l(entry9a.o)
    0x080000fc   0x080000fc   0x00000000   Code   RO         7161    .ARM.Collect$$$$0000000D  mc_w.l(entry10a.o)
    0x080000fc   0x080000fc   0x00000000   Code   RO         7163    .ARM.Collect$$$$0000000F  mc_w.l(entry11a.o)
    0x080000fc   0x080000fc   0x00000004   Code   RO         7152    .ARM.Collect$$$$00002712  mc_w.l(entry2.o)
    0x08000100   0x08000100   0x00000024   Code   RO         4557    .text               startup_stm32f10x_md.o
    0x08000124   0x08000124   0x000009f4   Code   RO         6515    .text               libmpllib.lib(fast_no_motion.o)
    0x08000b18   0x08000b18   0x0000065c   Code   RO         6606    .text               libmpllib.lib(fusion_9axis.o)
    0x08001174   0x08001174   0x000004bc   Code   RO         6631    .text               libmpllib.lib(gyro_tc.o)
    0x08001630   0x08001630   0x00000940   Code   RO         6652    .text               libmpllib.lib(quaternion_supervisor.o)
    0x08001f70   0x08001f70   0x00000550   Code   RO         6670    .text               libmpllib.lib(mag_disturb.o)
    0x080024c0   0x080024c0   0x00000062   Code   RO         6761    .text               mc_w.l(ldiv.o)
    0x08002522   0x08002522   0x0000001e   Code   RO         6763    .text               mc_w.l(llshl.o)
    0x08002540   0x08002540   0x00000024   Code   RO         6765    .text               mc_w.l(llsshr.o)
    0x08002564   0x08002564   0x00000040   Code   RO         6769    .text               mc_w.l(memmovea.o)
    0x080025a4   0x080025a4   0x00000024   Code   RO         6771    .text               mc_w.l(memseta.o)
    0x080025c8   0x080025c8   0x0000001a   Code   RO         6773    .text               mc_w.l(memcmp.o)
    0x080025e2   0x080025e2   0x000000b0   Code   RO         7068    .text               mf_w.l(fadd.o)
    0x08002692   0x08002692   0x00000064   Code   RO         7070    .text               mf_w.l(fmul.o)
    0x080026f6   0x080026f6   0x0000007c   Code   RO         7072    .text               mf_w.l(fdiv.o)
    0x08002772   0x08002772   0x00000018   Code   RO         7074    .text               mf_w.l(fscalb.o)
    0x0800278a   0x0800278a   0x0000014e   Code   RO         7076    .text               mf_w.l(dadd.o)
    0x080028d8   0x080028d8   0x000000e4   Code   RO         7078    .text               mf_w.l(dmul.o)
    0x080029bc   0x080029bc   0x000000de   Code   RO         7080    .text               mf_w.l(ddiv.o)
    0x08002a9a   0x08002a9a   0x0000002e   Code   RO         7082    .text               mf_w.l(dscalb.o)
    0x08002ac8   0x08002ac8   0x00000012   Code   RO         7084    .text               mf_w.l(fflti.o)
    0x08002ada   0x08002ada   0x0000000a   Code   RO         7086    .text               mf_w.l(ffltui.o)
    0x08002ae4   0x08002ae4   0x0000002c   Code   RO         7088    .text               mf_w.l(ffltl.o)
    0x08002b10   0x08002b10   0x00000022   Code   RO         7090    .text               mf_w.l(dflti.o)
    0x08002b32   0x08002b32   0x00000032   Code   RO         7094    .text               mf_w.l(ffixi.o)
    0x08002b64   0x08002b64   0x00000028   Code   RO         7096    .text               mf_w.l(ffixui.o)
    0x08002b8c   0x08002b8c   0x00000042   Code   RO         7098    .text               mf_w.l(ffixl.o)
    0x08002bce   0x08002bce   0x0000003e   Code   RO         7100    .text               mf_w.l(dfixi.o)
    0x08002c0c   0x08002c0c   0x00000026   Code   RO         7104    .text               mf_w.l(f2d.o)
    0x08002c32   0x08002c32   0x00000002   PAD
    0x08002c34   0x08002c34   0x00000030   Code   RO         7108    .text               mf_w.l(cdrcmple.o)
    0x08002c64   0x08002c64   0x00000038   Code   RO         7110    .text               mf_w.l(d2f.o)
    0x08002c9c   0x08002c9c   0x00000014   Code   RO         7112    .text               mf_w.l(cfcmple.o)
    0x08002cb0   0x08002cb0   0x00000014   Code   RO         7114    .text               mf_w.l(cfrcmple.o)
    0x08002cc4   0x08002cc4   0x0000002c   Code   RO         7168    .text               mc_w.l(uidiv.o)
    0x08002cf0   0x08002cf0   0x00000062   Code   RO         7170    .text               mc_w.l(uldiv.o)
    0x08002d52   0x08002d52   0x00000020   Code   RO         7172    .text               mc_w.l(llushr.o)
    0x08002d72   0x08002d72   0x00000000   Code   RO         7183    .text               mc_w.l(iusefp.o)
    0x08002d72   0x08002d72   0x0000006e   Code   RO         7184    .text               mf_w.l(fepilogue.o)
    0x08002de0   0x08002de0   0x0000005e   Code   RO         7186    .text               mf_w.l(fsqrt.o)
    0x08002e3e   0x08002e3e   0x0000003c   Code   RO         7188    .text               mf_w.l(frnd.o)
    0x08002e7a   0x08002e7a   0x000000ba   Code   RO         7190    .text               mf_w.l(depilogue.o)
    0x08002f34   0x08002f34   0x00000030   Code   RO         7194    .text               mf_w.l(dfixul.o)
    0x08002f64   0x08002f64   0x00000024   Code   RO         7196    .text               mc_w.l(init.o)
    0x08002f88   0x08002f88   0x00000000   Code   RO         7198    .text               mc_w.l(semi.o)
    0x08002f88   0x08002f88   0x00000000   Code   RO         7199    .text               mc_w.l(iusesemip.o)
    0x08002f88   0x08002f88   0x0000003a   Code   RO         4068    i.BSP_520Motor_Config  bsp_520motor.o
    0x08002fc2   0x08002fc2   0x00000002   PAD
    0x08002fc4   0x08002fc4   0x000000e4   Code   RO         4069    i.BSP_520Motor_Rotation  bsp_520motor.o
    0x080030a8   0x080030a8   0x00000090   Code   RO         4092    i.BSP_GPIO_Config   bsp_gpio.o
    0x08003138   0x08003138   0x00000046   Code   RO         3656    i.BSP_SPIxStructInit  bsp_spi.o
    0x0800317e   0x0800317e   0x00000002   PAD
    0x08003180   0x08003180   0x0000017c   Code   RO         3657    i.BSP_SPIx_Init     bsp_spi.o
    0x080032fc   0x080032fc   0x00000026   Code   RO         3596    i.BSP_USARTxStructInit  bsp_usart.o
    0x08003322   0x08003322   0x00000002   PAD
    0x08003324   0x08003324   0x000000fc   Code   RO         3597    i.BSP_USARTx_Init   bsp_usart.o
    0x08003420   0x08003420   0x00000004   Code   RO         3295    i.BusFault_Handler  stm32f10x_it.o
    0x08003424   0x08003424   0x00000002   Code   RO         3101    i.C8_6T6_Test       main.o
    0x08003426   0x08003426   0x00000002   PAD
    0x08003428   0x08003428   0x00000148   Code   RO         4211    i.CTRL_S_DECODE_CopeKeyFIFO  controller_decode.o
    0x08003570   0x08003570   0x000002c0   Code   RO         4128    i.Control_Car_IRQHandler  bsp_control.o
    0x08003830   0x08003830   0x000000c4   Code   RO         4129    i.Control_PWM       bsp_control.o
    0x080038f4   0x080038f4   0x00000002   Code   RO         3296    i.DMA1_Channel2_IRQHandler  stm32f10x_it.o
    0x080038f6   0x080038f6   0x00000002   Code   RO         3297    i.DMA1_Channel3_IRQHandler  stm32f10x_it.o
    0x080038f8   0x080038f8   0x00000002   Code   RO         3298    i.DebugMon_Handler  stm32f10x_it.o
    0x080038fa   0x080038fa   0x00000002   PAD
    0x080038fc   0x080038fc   0x00000010   Code   RO         3299    i.EXTI0_IRQHandler  stm32f10x_it.o
    0x0800390c   0x0800390c   0x0000001e   Code   RO         3300    i.EXTI15_10_IRQHandler  stm32f10x_it.o
    0x0800392a   0x0800392a   0x00000002   Code   RO         3301    i.EXTI2_IRQHandler  stm32f10x_it.o
    0x0800392c   0x0800392c   0x00000002   Code   RO         3302    i.EXTI9_5_IRQHandler  stm32f10x_it.o
    0x0800392e   0x0800392e   0x00000002   PAD
    0x08003930   0x08003930   0x0000000c   Code   RO          932    i.EXTI_ClearITPendingBit  stm32f10x_exti.o
    0x0800393c   0x0800393c   0x00000028   Code   RO          936    i.EXTI_GetITStatus  stm32f10x_exti.o
    0x08003964   0x08003964   0x00000094   Code   RO          937    i.EXTI_Init         stm32f10x_exti.o
    0x080039f8   0x080039f8   0x00000040   Code   RO         1282    i.GPIO_EXTILineConfig  stm32f10x_gpio.o
    0x08003a38   0x08003a38   0x00000116   Code   RO         1285    i.GPIO_Init         stm32f10x_gpio.o
    0x08003b4e   0x08003b4e   0x00000002   PAD
    0x08003b50   0x08003b50   0x00000090   Code   RO         1287    i.GPIO_PinRemapConfig  stm32f10x_gpio.o
    0x08003be0   0x08003be0   0x00000004   Code   RO         1292    i.GPIO_ResetBits    stm32f10x_gpio.o
    0x08003be4   0x08003be4   0x00000004   Code   RO         1293    i.GPIO_SetBits      stm32f10x_gpio.o
    0x08003be8   0x08003be8   0x00000018   Code   RO         4105    i.Get_Encoder_Count  bsp_encoder.o
    0x08003c00   0x08003c00   0x00000004   Code   RO         3303    i.HardFault_Handler  stm32f10x_it.o
    0x08003c04   0x08003c04   0x000001a8   Code   RO         3102    i.Hardware_Init     main.o
    0x08003dac   0x08003dac   0x00000012   Code   RO         4561    i.I2Cx_Error        mpu6050.o
    0x08003dbe   0x08003dbe   0x000000c2   Code   RO         3686    i.KEY_EXTI_Register  bsp_exti.o
    0x08003e80   0x08003e80   0x00000074   Code   RO         3412    i.LED_NEW_STA       bsp_led.o
    0x08003ef4   0x08003ef4   0x0000000e   Code   RO         3413    i.LED_OFF           bsp_led.o
    0x08003f02   0x08003f02   0x0000000e   Code   RO         3414    i.LED_ON            bsp_led.o
    0x08003f10   0x08003f10   0x00000068   Code   RO         3415    i.LED_Register      bsp_led.o
    0x08003f78   0x08003f78   0x0000002a   Code   RO         4564    i.MPU6050ReadID     mpu6050.o
    0x08003fa2   0x08003fa2   0x00000002   PAD
    0x08003fa4   0x08003fa4   0x00000074   Code   RO         4566    i.MPU6050_Init      mpu6050.o
    0x08004018   0x08004018   0x0000007c   Code   RO         4567    i.MPU6050_ReadData  mpu6050.o
    0x08004094   0x08004094   0x00000064   Code   RO         4569    i.MPU6050_WriteReg  mpu6050.o
    0x080040f8   0x080040f8   0x00000160   Code   RO         5160    i.MPU6050_config    mpu6050_sl.o
    0x08004258   0x08004258   0x0000000c   Code   RO         5161    i.MPU6050_data_ready_cb  mpu6050_sl.o
    0x08004264   0x08004264   0x00000012   Code   RO         5163    i.MPU6050_mpl_init  mpu6050_sl.o
    0x08004276   0x08004276   0x00000014   Code   RO         5164    i.MPU6050_mpu_init  mpu6050_sl.o
    0x0800428a   0x0800428a   0x00000002   PAD
    0x0800428c   0x0800428c   0x00000054   Code   RO         4571    i.MPU_INT_Init      mpu6050.o
    0x080042e0   0x080042e0   0x00000004   Code   RO         3304    i.MemManage_Handler  stm32f10x_it.o
    0x080042e4   0x080042e4   0x00000080   Code   RO         3416    i.Modify_LED_List   bsp_led.o
    0x08004364   0x08004364   0x00000002   Code   RO         3305    i.NMI_Handler       stm32f10x_it.o
    0x08004366   0x08004366   0x00000002   PAD
    0x08004368   0x08004368   0x00000120   Code   RO         4300    i.NRF24L01P_Init    nrf24l01p.o
    0x08004488   0x08004488   0x00000100   Code   RO         4302    i.NRF24L01_Check    nrf24l01p.o
    0x08004588   0x08004588   0x0000000c   Code   RO         4303    i.NRF24L01_GetTime  nrf24l01p.o
    0x08004594   0x08004594   0x0000002c   Code   RO         4304    i.NRF24L01_IRQ_Handler  nrf24l01p.o
    0x080045c0   0x080045c0   0x000000cc   Code   RO         4305    i.NRF24L01_RX_ModeConfig  nrf24l01p.o
    0x0800468c   0x0800468c   0x00000130   Code   RO         4307    i.NRF24L01_RxPacket  nrf24l01p.o
    0x080047bc   0x080047bc   0x000000cc   Code   RO         4310    i.NRF24L01_TX_ModeConfig  nrf24l01p.o
    0x08004888   0x08004888   0x0000000c   Code   RO         4238    i.NRFCTR_GetTime    nrf_controller.o
    0x08004894   0x08004894   0x00000144   Code   RO         4240    i.NRF_CTRL_PrintMsg  nrf_controller.o
    0x080049d8   0x080049d8   0x00000038   Code   RO         4241    i.NRF_CTRL_RecvMsg  nrf_controller.o
    0x08004a10   0x08004a10   0x00000094   Code   RO         4243    i.NRF_Controller_Config  nrf_controller.o
    0x08004aa4   0x08004aa4   0x00000034   Code   RO         4244    i.NRF_Controller_Run  nrf_controller.o
    0x08004ad8   0x08004ad8   0x0000005e   Code   RO         4316    i.NRF_HardStruct_Init  nrf24l01p.o
    0x08004b36   0x08004b36   0x0000003a   Code   RO         4317    i.NRF_R_Reg         nrf24l01p.o
    0x08004b70   0x08004b70   0x00000064   Code   RO         4318    i.NRF_R_nByte       nrf24l01p.o
    0x08004bd4   0x08004bd4   0x0000002e   Code   RO         4321    i.NRF_W_Reg         nrf24l01p.o
    0x08004c02   0x08004c02   0x00000058   Code   RO         4322    i.NRF_W_nByte       nrf24l01p.o
    0x08004c5a   0x08004c5a   0x00000026   Code   RO         4572    i.NVIC_Configuration  mpu6050.o
    0x08004c80   0x08004c80   0x00000070   Code   RO          130    i.NVIC_Init         misc.o
    0x08004cf0   0x08004cf0   0x00000014   Code   RO          131    i.NVIC_PriorityGroupConfig  misc.o
    0x08004d04   0x08004d04   0x0000003e   Code   RO         3945    i.PWM_SetCompare    bsp_pwm.o
    0x08004d42   0x08004d42   0x00000022   Code   RO         3946    i.PWM_SetSta        bsp_pwm.o
    0x08004d64   0x08004d64   0x00000002   Code   RO         3306    i.PendSV_Handler    stm32f10x_it.o
    0x08004d66   0x08004d66   0x00000002   PAD
    0x08004d68   0x08004d68   0x00000020   Code   RO         1701    i.RCC_APB1PeriphClockCmd  stm32f10x_rcc.o
    0x08004d88   0x08004d88   0x00000020   Code   RO         1702    i.RCC_APB1PeriphResetCmd  stm32f10x_rcc.o
    0x08004da8   0x08004da8   0x00000020   Code   RO         1703    i.RCC_APB2PeriphClockCmd  stm32f10x_rcc.o
    0x08004dc8   0x08004dc8   0x00000020   Code   RO         1704    i.RCC_APB2PeriphResetCmd  stm32f10x_rcc.o
    0x08004de8   0x08004de8   0x000000d4   Code   RO         1711    i.RCC_GetClocksFreq  stm32f10x_rcc.o
    0x08004ebc   0x08004ebc   0x0000001c   Code   RO         2178    i.SPI_BiDirectionalLineConfig  stm32f10x_spi.o
    0x08004ed8   0x08004ed8   0x00000018   Code   RO         2180    i.SPI_Cmd           stm32f10x_spi.o
    0x08004ef0   0x08004ef0   0x00000012   Code   RO         2188    i.SPI_I2S_GetFlagStatus  stm32f10x_spi.o
    0x08004f02   0x08004f02   0x00000006   Code   RO         2191    i.SPI_I2S_ReceiveData  stm32f10x_spi.o
    0x08004f08   0x08004f08   0x00000004   Code   RO         2192    i.SPI_I2S_SendData  stm32f10x_spi.o
    0x08004f0c   0x08004f0c   0x0000003c   Code   RO         2193    i.SPI_Init          stm32f10x_spi.o
    0x08004f48   0x08004f48   0x0000006e   Code   RO         3659    i.SPIx_2Line_RWBytes  bsp_spi.o
    0x08004fb6   0x08004fb6   0x00000002   Code   RO         3307    i.SVC_Handler       stm32f10x_it.o
    0x08004fb8   0x08004fb8   0x00000008   Code   RO           17    i.SetSysClock       system_stm32f10x.o
    0x08004fc0   0x08004fc0   0x000000e0   Code   RO           18    i.SetSysClockTo72   system_stm32f10x.o
    0x080050a0   0x080050a0   0x0000000c   Code   RO         3308    i.SysTick_Handler   stm32f10x_it.o
    0x080050ac   0x080050ac   0x00000078   Code   RO         3769    i.SysTick_Init      bsp_systick.o
    0x08005124   0x08005124   0x00000014   Code   RO         3770    i.SysTick_delay     bsp_systick.o
    0x08005138   0x08005138   0x00000060   Code   RO           20    i.SystemInit        system_stm32f10x.o
    0x08005198   0x08005198   0x00000080   Code   RO         2319    i.TI1_Config        stm32f10x_tim.o
    0x08005218   0x08005218   0x00000098   Code   RO         2320    i.TI2_Config        stm32f10x_tim.o
    0x080052b0   0x080052b0   0x00000090   Code   RO         2321    i.TI3_Config        stm32f10x_tim.o
    0x08005340   0x08005340   0x00000098   Code   RO         2322    i.TI4_Config        stm32f10x_tim.o
    0x080053d8   0x080053d8   0x00000002   Code   RO         3309    i.TIM3_IRQHandler   stm32f10x_it.o
    0x080053da   0x080053da   0x00000018   Code   RO         2323    i.TIM_ARRPreloadConfig  stm32f10x_tim.o
    0x080053f2   0x080053f2   0x0000001e   Code   RO         2327    i.TIM_CCxCmd        stm32f10x_tim.o
    0x08005410   0x08005410   0x00000018   Code   RO         2335    i.TIM_Cmd           stm32f10x_tim.o
    0x08005428   0x08005428   0x0000001e   Code   RO         2337    i.TIM_CtrlPWMOutputs  stm32f10x_tim.o
    0x08005446   0x08005446   0x00000002   PAD
    0x08005448   0x08005448   0x000001e8   Code   RO         2340    i.TIM_DeInit        stm32f10x_tim.o
    0x08005630   0x08005630   0x00000042   Code   RO         2344    i.TIM_EncoderInterfaceConfig  stm32f10x_tim.o
    0x08005672   0x08005672   0x00000006   Code   RO         2354    i.TIM_GetCounter    stm32f10x_tim.o
    0x08005678   0x08005678   0x000000ac   Code   RO         2358    i.TIM_ICInit        stm32f10x_tim.o
    0x08005724   0x08005724   0x00000012   Code   RO         2359    i.TIM_ICStructInit  stm32f10x_tim.o
    0x08005736   0x08005736   0x00000002   PAD
    0x08005738   0x08005738   0x00000098   Code   RO         2364    i.TIM_OC1Init       stm32f10x_tim.o
    0x080057d0   0x080057d0   0x00000012   Code   RO         2367    i.TIM_OC1PreloadConfig  stm32f10x_tim.o
    0x080057e2   0x080057e2   0x00000002   PAD
    0x080057e4   0x080057e4   0x000000a4   Code   RO         2369    i.TIM_OC2Init       stm32f10x_tim.o
    0x08005888   0x08005888   0x0000001a   Code   RO         2372    i.TIM_OC2PreloadConfig  stm32f10x_tim.o
    0x080058a2   0x080058a2   0x00000002   PAD
    0x080058a4   0x080058a4   0x000000a0   Code   RO         2374    i.TIM_OC3Init       stm32f10x_tim.o
    0x08005944   0x08005944   0x00000012   Code   RO         2377    i.TIM_OC3PreloadConfig  stm32f10x_tim.o
    0x08005956   0x08005956   0x00000002   PAD
    0x08005958   0x08005958   0x0000007c   Code   RO         2379    i.TIM_OC4Init       stm32f10x_tim.o
    0x080059d4   0x080059d4   0x0000001a   Code   RO         2381    i.TIM_OC4PreloadConfig  stm32f10x_tim.o
    0x080059ee   0x080059ee   0x00000014   Code   RO         2382    i.TIM_OCStructInit  stm32f10x_tim.o
    0x08005a02   0x08005a02   0x00000004   Code   RO         2396    i.TIM_SetCompare1   stm32f10x_tim.o
    0x08005a06   0x08005a06   0x00000004   Code   RO         2397    i.TIM_SetCompare2   stm32f10x_tim.o
    0x08005a0a   0x08005a0a   0x00000004   Code   RO         2398    i.TIM_SetCompare3   stm32f10x_tim.o
    0x08005a0e   0x08005a0e   0x00000006   Code   RO         2399    i.TIM_SetCompare4   stm32f10x_tim.o
    0x08005a14   0x08005a14   0x00000004   Code   RO         2400    i.TIM_SetCounter    stm32f10x_tim.o
    0x08005a18   0x08005a18   0x00000012   Code   RO         2401    i.TIM_SetIC1Prescaler  stm32f10x_tim.o
    0x08005a2a   0x08005a2a   0x0000001a   Code   RO         2402    i.TIM_SetIC2Prescaler  stm32f10x_tim.o
    0x08005a44   0x08005a44   0x00000012   Code   RO         2403    i.TIM_SetIC3Prescaler  stm32f10x_tim.o
    0x08005a56   0x08005a56   0x0000001a   Code   RO         2404    i.TIM_SetIC4Prescaler  stm32f10x_tim.o
    0x08005a70   0x08005a70   0x000000a4   Code   RO         2406    i.TIM_TimeBaseInit  stm32f10x_tim.o
    0x08005b14   0x08005b14   0x00000012   Code   RO         2407    i.TIM_TimeBaseStructInit  stm32f10x_tim.o
    0x08005b26   0x08005b26   0x00000002   PAD
    0x08005b28   0x08005b28   0x000003a4   Code   RO         4106    i.TIMx_CHx_ENCODER_Init  bsp_encoder.o
    0x08005ecc   0x08005ecc   0x00000264   Code   RO         3948    i.TIMx_CHx_PWM_IO_Config  bsp_pwm.o
    0x08006130   0x08006130   0x00000054   Code   RO         3949    i.TIMx_CHx_PWM_Init  bsp_pwm.o
    0x08006184   0x08006184   0x00000140   Code   RO         3950    i.TIMx_CHx_PWM_OCx_Config  bsp_pwm.o
    0x080062c4   0x080062c4   0x00000036   Code   RO         3951    i.TIMx_CHx_PWM_TIMEBASE_Config  bsp_pwm.o
    0x080062fa   0x080062fa   0x00000002   PAD
    0x080062fc   0x080062fc   0x00000010   Code   RO         3771    i.TimeStamp_Increment  bsp_systick.o
    0x0800630c   0x0800630c   0x00000018   Code   RO         3772    i.TimingDelay_Decrement  bsp_systick.o
    0x08006324   0x08006324   0x00000040   Code   RO         4130    i.Turn_Loop         bsp_control.o
    0x08006364   0x08006364   0x00000008   Code   RO         3310    i.USART1_IRQHandler  stm32f10x_it.o
    0x0800636c   0x0800636c   0x00000008   Code   RO         3311    i.USART2_IRQHandler  stm32f10x_it.o
    0x08006374   0x08006374   0x00000018   Code   RO         2871    i.USART_Cmd         stm32f10x_usart.o
    0x0800638c   0x0800638c   0x0000001a   Code   RO         2874    i.USART_GetFlagStatus  stm32f10x_usart.o
    0x080063a6   0x080063a6   0x00000054   Code   RO         2875    i.USART_GetITStatus  stm32f10x_usart.o
    0x080063fa   0x080063fa   0x0000004a   Code   RO         2877    i.USART_ITConfig    stm32f10x_usart.o
    0x08006444   0x08006444   0x000000d8   Code   RO         2878    i.USART_Init        stm32f10x_usart.o
    0x0800651c   0x0800651c   0x0000000a   Code   RO         2885    i.USART_ReceiveData  stm32f10x_usart.o
    0x08006526   0x08006526   0x00000008   Code   RO         2888    i.USART_SendData    stm32f10x_usart.o
    0x0800652e   0x0800652e   0x00000004   Code   RO         3312    i.UsageFault_Handler  stm32f10x_it.o
    0x08006532   0x08006532   0x00000048   Code   RO         3598    i.UsartPrintf       bsp_usart.o
    0x0800657a   0x0800657a   0x00000002   PAD
    0x0800657c   0x0800657c   0x00000078   Code   RO         3599    i.UsartRecv         bsp_usart.o
    0x080065f4   0x080065f4   0x00000032   Code   RO         3600    i.UsartSend         bsp_usart.o
    0x08006626   0x08006626   0x00000002   PAD
    0x08006628   0x08006628   0x000000dc   Code   RO         4131    i.Velocity_Loop     bsp_control.o
    0x08006704   0x08006704   0x00000064   Code   RO         4132    i.Vertical_Loop     bsp_control.o
    0x08006768   0x08006768   0x000000d0   Code   RO         5133    i._MLPrintLog       log_stm32.o
    0x08006838   0x08006838   0x00000020   Code   RO         7012    i.__0printf         mc_w.l(printfa.o)
    0x08006858   0x08006858   0x00000024   Code   RO         7017    i.__0vsnprintf      mc_w.l(printfa.o)
    0x0800687c   0x0800687c   0x00000024   Code   RO         7018    i.__0vsprintf       mc_w.l(printfa.o)
    0x080068a0   0x080068a0   0x00000026   Code   RO         7130    i.__ARM_fpclassifyf  m_ws.l(fpclassifyf.o)
    0x080068c6   0x080068c6   0x00000006   Code   RO         7133    i.__mathlib_flt_infnan  m_ws.l(funder.o)
    0x080068cc   0x080068cc   0x00000004   Code   RO         7134    i.__mathlib_flt_infnan2  m_ws.l(funder.o)
    0x080068d0   0x080068d0   0x00000008   Code   RO         7135    i.__mathlib_flt_invalid  m_ws.l(funder.o)
    0x080068d8   0x080068d8   0x0000000a   Code   RO         7138    i.__mathlib_flt_underflow  m_ws.l(funder.o)
    0x080068e2   0x080068e2   0x00000002   PAD
    0x080068e4   0x080068e4   0x00000168   Code   RO         7148    i.__mathlib_rredf2  m_ws.l(rredf.o)
    0x08006a4c   0x08006a4c   0x00000034   Code   RO         5755    i.__print_result_location  mpl.o
    0x08006a80   0x08006a80   0x0000000e   Code   RO         7202    i.__scatterload_copy  mc_w.l(handlers.o)
    0x08006a8e   0x08006a8e   0x00000002   Code   RO         7203    i.__scatterload_null  mc_w.l(handlers.o)
    0x08006a90   0x08006a90   0x0000000e   Code   RO         7204    i.__scatterload_zeroinit  mc_w.l(handlers.o)
    0x08006a9e   0x08006a9e   0x00000002   PAD
    0x08006aa0   0x08006aa0   0x0000000c   Code   RO         7178    i.__set_errno       mc_w.l(errno.o)
    0x08006aac   0x08006aac   0x00000164   Code   RO         7019    i._fp_digits        mc_w.l(printfa.o)
    0x08006c10   0x08006c10   0x000006dc   Code   RO         7020    i._printf_core      mc_w.l(printfa.o)
    0x080072ec   0x080072ec   0x00000024   Code   RO         7021    i._printf_post_padding  mc_w.l(printfa.o)
    0x08007310   0x08007310   0x0000002e   Code   RO         7022    i._printf_pre_padding  mc_w.l(printfa.o)
    0x0800733e   0x0800733e   0x00000016   Code   RO         7023    i._snputc           mc_w.l(printfa.o)
    0x08007354   0x08007354   0x0000000a   Code   RO         7024    i._sputc            mc_w.l(printfa.o)
    0x0800735e   0x0800735e   0x00000002   PAD
    0x08007360   0x08007360   0x0000011c   Code   RO         6703    i.acosf             m_ws.l(acosf.o)
    0x0800747c   0x0800747c   0x0000025c   Code   RO         6719    i.atan2f            m_ws.l(atan2f.o)
    0x080076d8   0x080076d8   0x0000017c   Code   RO         6727    i.cosf              m_ws.l(cosf.o)
    0x08007854   0x08007854   0x00000064   Code   RO         4951    i.decode_gesture    inv_mpu_dmp_motion_driver.o
    0x080078b8   0x080078b8   0x0000003c   Code   RO         4952    i.dmp_enable_6x_lp_quat  inv_mpu_dmp_motion_driver.o
    0x080078f4   0x080078f4   0x0000021c   Code   RO         4953    i.dmp_enable_feature  inv_mpu_dmp_motion_driver.o
    0x08007b10   0x08007b10   0x00000058   Code   RO         4954    i.dmp_enable_gyro_cal  inv_mpu_dmp_motion_driver.o
    0x08007b68   0x08007b68   0x0000003c   Code   RO         4955    i.dmp_enable_lp_quat  inv_mpu_dmp_motion_driver.o
    0x08007ba4   0x08007ba4   0x00000018   Code   RO         4960    i.dmp_load_motion_driver_firmware  inv_mpu_dmp_motion_driver.o
    0x08007bbc   0x08007bbc   0x000001cc   Code   RO         4961    i.dmp_read_fifo     inv_mpu_dmp_motion_driver.o
    0x08007d88   0x08007d88   0x00000070   Code   RO         4965    i.dmp_set_fifo_rate  inv_mpu_dmp_motion_driver.o
    0x08007df8   0x08007df8   0x00000138   Code   RO         4968    i.dmp_set_orientation  inv_mpu_dmp_motion_driver.o
    0x08007f30   0x08007f30   0x00000038   Code   RO         4971    i.dmp_set_shake_reject_thresh  inv_mpu_dmp_motion_driver.o
    0x08007f68   0x08007f68   0x00000026   Code   RO         4972    i.dmp_set_shake_reject_time  inv_mpu_dmp_motion_driver.o
    0x08007f8e   0x08007f8e   0x00000026   Code   RO         4973    i.dmp_set_shake_reject_timeout  inv_mpu_dmp_motion_driver.o
    0x08007fb4   0x08007fb4   0x00000046   Code   RO         4974    i.dmp_set_tap_axes  inv_mpu_dmp_motion_driver.o
    0x08007ffa   0x08007ffa   0x00000026   Code   RO         4975    i.dmp_set_tap_count  inv_mpu_dmp_motion_driver.o
    0x08008020   0x08008020   0x000001a0   Code   RO         4976    i.dmp_set_tap_thresh  inv_mpu_dmp_motion_driver.o
    0x080081c0   0x080081c0   0x00000026   Code   RO         4977    i.dmp_set_tap_time  inv_mpu_dmp_motion_driver.o
    0x080081e6   0x080081e6   0x00000026   Code   RO         4978    i.dmp_set_tap_time_multi  inv_mpu_dmp_motion_driver.o
    0x0800820c   0x0800820c   0x00000012   Code   RO         7165    i.fputc             mc_w.l(fputc.o)
    0x0800821e   0x0800821e   0x00000002   PAD
    0x08008220   0x08008220   0x00000050   Code   RO         7040    i.free              mc_w.l(malloc.o)
    0x08008270   0x08008270   0x00000010   Code   RO         3774    i.get_tick_count    bsp_systick.o
    0x08008280   0x08008280   0x00000038   Code   RO         3701    i.i2c_Ack           bsp_soft_i2c.o
    0x080082b8   0x080082b8   0x0000000e   Code   RO         3703    i.i2c_Delay         bsp_soft_i2c.o
    0x080082c6   0x080082c6   0x00000002   PAD
    0x080082c8   0x080082c8   0x00000030   Code   RO         3704    i.i2c_GPIO_Config   bsp_soft_i2c.o
    0x080082f8   0x080082f8   0x00000030   Code   RO         3705    i.i2c_NAck          bsp_soft_i2c.o
    0x08008328   0x08008328   0x00000054   Code   RO         3706    i.i2c_ReadByte      bsp_soft_i2c.o
    0x0800837c   0x0800837c   0x0000005c   Code   RO         3707    i.i2c_SendByte      bsp_soft_i2c.o
    0x080083d8   0x080083d8   0x00000034   Code   RO         3708    i.i2c_Start         bsp_soft_i2c.o
    0x0800840c   0x0800840c   0x00000024   Code   RO         3709    i.i2c_Stop          bsp_soft_i2c.o
    0x08008430   0x08008430   0x00000044   Code   RO         3710    i.i2c_WaitAck       bsp_soft_i2c.o
    0x08008474   0x08008474   0x0000006a   Code   RO         5227    i.inv_apply_calibration  data_builder.o
    0x080084de   0x080084de   0x00000068   Code   RO         5897    i.inv_biquad_filter_process  ml_math_func.o
    0x08008546   0x08008546   0x00000002   PAD
    0x08008548   0x08008548   0x0000008c   Code   RO         5228    i.inv_build_accel   data_builder.o
    0x080085d4   0x080085d4   0x00000038   Code   RO         5230    i.inv_build_gyro    data_builder.o
    0x0800860c   0x0800860c   0x00000040   Code   RO         5231    i.inv_build_quat    data_builder.o
    0x0800864c   0x0800864c   0x0000002c   Code   RO         5232    i.inv_build_temp    data_builder.o
    0x08008678   0x08008678   0x00000032   Code   RO         5898    i.inv_calc_state_to_match_output  ml_math_func.o
    0x080086aa   0x080086aa   0x000000a2   Code   RO         5900    i.inv_compass_angle  ml_math_func.o
    0x0800874c   0x0800874c   0x00000072   Code   RO         5902    i.inv_convert_to_body_with_scale  ml_math_func.o
    0x080087be   0x080087be   0x00000002   PAD
    0x080087c0   0x080087c0   0x00000050   Code   RO         5234    i.inv_db_load_func  data_builder.o
    0x08008810   0x08008810   0x00000018   Code   RO         5235    i.inv_db_save_func  data_builder.o
    0x08008828   0x08008828   0x00000010   Code   RO         5236    i.inv_disable_compass_soft_iron_matrix  data_builder.o
    0x08008838   0x08008838   0x0000001c   Code   RO         5672    i.inv_enable_eMPL_outputs  empl_outputs.o
    0x08008854   0x08008854   0x00000018   Code   RO         5792    i.inv_enable_hal_outputs  hal_outputs.o
    0x0800886c   0x0800886c   0x00000020   Code   RO         6228    i.inv_enable_results_holder  results_holder.o
    0x0800888c   0x0800888c   0x0000002c   Code   RO         6483    i.inv_execute_mpl_start_notification  start_manager.o
    0x080088b8   0x080088b8   0x000000a0   Code   RO         5238    i.inv_execute_on_data  data_builder.o
    0x08008958   0x08008958   0x000000f0   Code   RO         5673    i.inv_generate_eMPL_outputs  empl_outputs.o
    0x08008a48   0x08008a48   0x000001f4   Code   RO         5793    i.inv_generate_hal_outputs  hal_outputs.o
    0x08008c3c   0x08008c3c   0x00000010   Code   RO         6229    i.inv_generate_results  results_holder.o
    0x08008c4c   0x08008c4c   0x00000018   Code   RO         6230    i.inv_get_6axis_quaternion  results_holder.o
    0x08008c64   0x08008c64   0x0000000c   Code   RO         6231    i.inv_get_acc_state  results_holder.o
    0x08008c70   0x08008c70   0x0000000c   Code   RO         5239    i.inv_get_accel_accuracy  data_builder.o
    0x08008c7c   0x08008c7c   0x00000010   Code   RO         5241    i.inv_get_accel_on  data_builder.o
    0x08008c8c   0x08008c8c   0x0000002c   Code   RO         5245    i.inv_get_accel_set  data_builder.o
    0x08008cb8   0x08008cb8   0x00000018   Code   RO         6235    i.inv_get_compass_correction  results_holder.o
    0x08008cd0   0x08008cd0   0x00000010   Code   RO         5248    i.inv_get_compass_on  data_builder.o
    0x08008ce0   0x08008ce0   0x00000044   Code   RO         5251    i.inv_get_compass_set  data_builder.o
    0x08008d24   0x08008d24   0x00000060   Code   RO         6237    i.inv_get_gravity   results_holder.o
    0x08008d84   0x08008d84   0x00000010   Code   RO         5256    i.inv_get_gyro      data_builder.o
    0x08008d94   0x08008d94   0x0000000c   Code   RO         5257    i.inv_get_gyro_accuracy  data_builder.o
    0x08008da0   0x08008da0   0x00000024   Code   RO         5258    i.inv_get_gyro_bias  data_builder.o
    0x08008dc4   0x08008dc4   0x00000020   Code   RO         5259    i.inv_get_gyro_bias_tc_set  data_builder.o
    0x08008de4   0x08008de4   0x00000010   Code   RO         5260    i.inv_get_gyro_on   data_builder.o
    0x08008df4   0x08008df4   0x00000028   Code   RO         5264    i.inv_get_gyro_set  data_builder.o
    0x08008e1c   0x08008e1c   0x0000001c   Code   RO         5906    i.inv_get_gyro_sum_of_sqr  ml_math_func.o
    0x08008e38   0x08008e38   0x00000068   Code   RO         5266    i.inv_get_last_timestamp  data_builder.o
    0x08008ea0   0x08008ea0   0x0000003c   Code   RO         6241    i.inv_get_linear_accel  results_holder.o
    0x08008edc   0x08008edc   0x00000010   Code   RO         6243    i.inv_get_local_field  results_holder.o
    0x08008eec   0x08008eec   0x0000001c   Code   RO         5267    i.inv_get_mag_accuracy  data_builder.o
    0x08008f08   0x08008f08   0x00000014   Code   RO         6245    i.inv_get_motion_state  results_holder.o
    0x08008f1c   0x08008f1c   0x0000003c   Code   RO         6246    i.inv_get_quaternion  results_holder.o
    0x08008f58   0x08008f58   0x00000044   Code   RO         6248    i.inv_get_quaternion_set  results_holder.o
    0x08008f9c   0x08008f9c   0x00000028   Code   RO         5674    i.inv_get_sensor_type_accel  empl_outputs.o
    0x08008fc4   0x08008fc4   0x00000230   Code   RO         5676    i.inv_get_sensor_type_euler  empl_outputs.o
    0x080091f4   0x080091f4   0x00000028   Code   RO         5677    i.inv_get_sensor_type_gyro  empl_outputs.o
    0x0800921c   0x0800921c   0x0000000c   Code   RO         6250    i.inv_got_compass_bias  results_holder.o
    0x08009228   0x08009228   0x00000022   Code   RO         5907    i.inv_init_biquad_filter  ml_math_func.o
    0x0800924a   0x0800924a   0x00000002   PAD
    0x0800924c   0x0800924c   0x0000003c   Code   RO         5270    i.inv_init_data_builder  data_builder.o
    0x08009288   0x08009288   0x00000014   Code   RO         5681    i.inv_init_eMPL_outputs  empl_outputs.o
    0x0800929c   0x0800929c   0x00000038   Code   RO         5803    i.inv_init_hal_outputs  hal_outputs.o
    0x080092d4   0x080092d4   0x000000a0   Code   RO         5757    i.inv_init_mpl      mpl.o
    0x08009374   0x08009374   0x00000038   Code   RO         6251    i.inv_init_results_holder  results_holder.o
    0x080093ac   0x080093ac   0x00000014   Code   RO         6484    i.inv_init_start_manager  start_manager.o
    0x080093c0   0x080093c0   0x00000018   Code   RO         6187    i.inv_init_storage_manager  storage_manager.o
    0x080093d8   0x080093d8   0x00000028   Code   RO         5915    i.inv_orientation_matrix_to_scalar  ml_math_func.o
    0x08009400   0x08009400   0x00000012   Code   RO         5916    i.inv_q29_mult      ml_math_func.o
    0x08009412   0x08009412   0x00000012   Code   RO         5918    i.inv_q30_mult      ml_math_func.o
    0x08009424   0x08009424   0x00000016   Code   RO         5920    i.inv_q30_to_float  ml_math_func.o
    0x0800943a   0x0800943a   0x00000024   Code   RO         5921    i.inv_q_add         ml_math_func.o
    0x0800945e   0x0800945e   0x00000032   Code   RO         5922    i.inv_q_addf        ml_math_func.o
    0x08009490   0x08009490   0x00000018   Code   RO         5923    i.inv_q_invert      ml_math_func.o
    0x080094a8   0x080094a8   0x0000001e   Code   RO         5924    i.inv_q_invertf     ml_math_func.o
    0x080094c6   0x080094c6   0x000000b2   Code   RO         5925    i.inv_q_mult        ml_math_func.o
    0x08009578   0x08009578   0x0000010e   Code   RO         5926    i.inv_q_multf       ml_math_func.o
    0x08009686   0x08009686   0x00000092   Code   RO         5927    i.inv_q_norm4       ml_math_func.o
    0x08009718   0x08009718   0x0000016e   Code   RO         5929    i.inv_q_normalizef  ml_math_func.o
    0x08009886   0x08009886   0x00000042   Code   RO         5930    i.inv_q_rotate      ml_math_func.o
    0x080098c8   0x080098c8   0x000000da   Code   RO         5932    i.inv_quaternion_to_rotation  ml_math_func.o
    0x080099a2   0x080099a2   0x00000002   PAD
    0x080099a4   0x080099a4   0x000000f8   Code   RO         5273    i.inv_register_data_cb  data_builder.o
    0x08009a9c   0x08009a9c   0x00000090   Code   RO         6189    i.inv_register_load_store  storage_manager.o
    0x08009b2c   0x08009b2c   0x0000002c   Code   RO         6485    i.inv_register_mpl_start_notification  start_manager.o
    0x08009b58   0x08009b58   0x0000004c   Code   RO         5274    i.inv_reset_compass_soft_iron_matrix  data_builder.o
    0x08009ba4   0x08009ba4   0x0000004e   Code   RO         5934    i.inv_row_2_scale   ml_math_func.o
    0x08009bf2   0x08009bf2   0x00000002   PAD
    0x08009bf4   0x08009bf4   0x00000018   Code   RO         5279    i.inv_set_accel_orientation_and_scale  data_builder.o
    0x08009c0c   0x08009c0c   0x0000002c   Code   RO         5280    i.inv_set_accel_sample_rate  data_builder.o
    0x08009c38   0x08009c38   0x0000000c   Code   RO         6256    i.inv_set_compass_bias_found  results_holder.o
    0x08009c44   0x08009c44   0x00000024   Code   RO         6257    i.inv_set_compass_correction  results_holder.o
    0x08009c68   0x08009c68   0x0000000c   Code   RO         5283    i.inv_set_compass_disturbance  data_builder.o
    0x08009c74   0x08009c74   0x00000120   Code   RO         5289    i.inv_set_contiguous  data_builder.o
    0x08009d94   0x08009d94   0x00000074   Code   RO         5291    i.inv_set_gyro_bias  data_builder.o
    0x08009e08   0x08009e08   0x00000018   Code   RO         5292    i.inv_set_gyro_orientation_and_scale  data_builder.o
    0x08009e20   0x08009e20   0x00000028   Code   RO         5293    i.inv_set_gyro_sample_rate  data_builder.o
    0x08009e48   0x08009e48   0x0000001c   Code   RO         6464    i.inv_set_message   message_layer.o
    0x08009e64   0x08009e64   0x00000050   Code   RO         6263    i.inv_set_motion_state  results_holder.o
    0x08009eb4   0x08009eb4   0x00000014   Code   RO         5682    i.inv_start_eMPL_outputs  empl_outputs.o
    0x08009ec8   0x08009ec8   0x00000018   Code   RO         5804    i.inv_start_hal_outputs  hal_outputs.o
    0x08009ee0   0x08009ee0   0x0000005c   Code   RO         5758    i.inv_start_mpl     mpl.o
    0x08009f3c   0x08009f3c   0x00000018   Code   RO         6264    i.inv_start_results_holder  results_holder.o
    0x08009f54   0x08009f54   0x00000024   Code   RO         6265    i.inv_store_gaming_quaternion  results_holder.o
    0x08009f78   0x08009f78   0x00000064   Code   RO         5296    i.inv_unregister_data_cb  data_builder.o
    0x08009fdc   0x08009fdc   0x00000060   Code   RO         6486    i.inv_unregister_mpl_start_notification  start_manager.o
    0x0800a03c   0x0800a03c   0x000000a8   Code   RO         3103    i.main              main.o
    0x0800a0e4   0x0800a0e4   0x0000006c   Code   RO         7041    i.malloc            mc_w.l(malloc.o)
    0x0800a150   0x0800a150   0x00000070   Code   RO         4647    i.mpu_configure_fifo  inv_mpu.o
    0x0800a1c0   0x0800a1c0   0x0000004c   Code   RO         4648    i.mpu_get_accel_fsr  inv_mpu.o
    0x0800a20c   0x0800a20c   0x00000044   Code   RO         4656    i.mpu_get_gyro_fsr  inv_mpu.o
    0x0800a250   0x0800a250   0x00000020   Code   RO         4662    i.mpu_get_sample_rate  inv_mpu.o
    0x0800a270   0x0800a270   0x000000a0   Code   RO         4663    i.mpu_get_temperature  inv_mpu.o
    0x0800a310   0x0800a310   0x000000fc   Code   RO         4664    i.mpu_init          inv_mpu.o
    0x0800a40c   0x0800a40c   0x000000b8   Code   RO         4665    i.mpu_load_firmware  inv_mpu.o
    0x0800a4c4   0x0800a4c4   0x000000e0   Code   RO         4666    i.mpu_lp_accel_mode  inv_mpu.o
    0x0800a5a4   0x0800a5a4   0x00000110   Code   RO         4672    i.mpu_read_fifo_stream  inv_mpu.o
    0x0800a6b4   0x0800a6b4   0x00000080   Code   RO         4673    i.mpu_read_mem      inv_mpu.o
    0x0800a734   0x0800a734   0x000001c8   Code   RO         4676    i.mpu_reset_fifo    inv_mpu.o
    0x0800a8fc   0x0800a8fc   0x00000084   Code   RO         4680    i.mpu_set_accel_fsr  inv_mpu.o
    0x0800a980   0x0800a980   0x0000014c   Code   RO         4681    i.mpu_set_bypass    inv_mpu.o
    0x0800aacc   0x0800aacc   0x00000090   Code   RO         4683    i.mpu_set_dmp_state  inv_mpu.o
    0x0800ab5c   0x0800ab5c   0x00000088   Code   RO         4685    i.mpu_set_gyro_fsr  inv_mpu.o
    0x0800abe4   0x0800abe4   0x0000006c   Code   RO         4686    i.mpu_set_int_latched  inv_mpu.o
    0x0800ac50   0x0800ac50   0x00000084   Code   RO         4688    i.mpu_set_lpf       inv_mpu.o
    0x0800acd4   0x0800acd4   0x0000009c   Code   RO         4689    i.mpu_set_sample_rate  inv_mpu.o
    0x0800ad70   0x0800ad70   0x000000d0   Code   RO         4690    i.mpu_set_sensors   inv_mpu.o
    0x0800ae40   0x0800ae40   0x00000080   Code   RO         4691    i.mpu_write_mem     inv_mpu.o
    0x0800aec0   0x0800aec0   0x00000038   Code   RO         4133    i.pwm_limit_abs     bsp_control.o
    0x0800aef8   0x0800aef8   0x00000090   Code   RO         4692    i.set_int_enable    inv_mpu.o
    0x0800af88   0x0800af88   0x00000006   Code   RO         5297    i.set_sensor_orientation_and_scale  data_builder.o
    0x0800af8e   0x0800af8e   0x00000002   PAD
    0x0800af90   0x0800af90   0x00000188   Code   RO         6735    i.sinf              m_ws.l(sinf.o)
    0x0800b118   0x0800b118   0x0000002c   Code   RO         6751    i.sqrtf             m_ws.l(sqrtf.o)
    0x0800b144   0x0800b144   0x000000dc   Code   RO         3601    i.vUSART1_IRQHandler  bsp_usart.o
    0x0800b220   0x0800b220   0x000000b8   Code   RO         3602    i.vUSART2_IRQHandler  bsp_usart.o
    0x0800b2d8   0x0800b2d8   0x00000048   Data   RO         4323    .constdata          nrf24l01p.o
    0x0800b320   0x0800b320   0x00000054   Data   RO         4693    .constdata          inv_mpu.o
    0x0800b374   0x0800b374   0x00000bf6   Data   RO         4980    .constdata          inv_mpu_dmp_motion_driver.o
    0x0800bf6a   0x0800bf6a   0x0000002f   Data   RO         5759    .constdata          mpl.o
    0x0800bf99   0x0800bf99   0x00000003   PAD
    0x0800bf9c   0x0800bf9c   0x00000020   Data   RO         7149    .constdata          m_ws.l(rredf.o)
    0x0800bfbc   0x0800bfbc   0x00000009   Data   RO         5167    .conststring        mpu6050_sl.o
    0x0800bfc5   0x0800bfc5   0x00000003   PAD
    0x0800bfc8   0x0800bfc8   0x00000044   Data   RO         5299    .conststring        data_builder.o
    0x0800c00c   0x0800c00c   0x00000020   Data   RO         7200    Region$$Table       anon$$obj.o


    Execution Region RW_IRAM1 (Exec base: 0x20000000, Load base: 0x0800c02c, Size: 0x00001620, Max: 0x00005000, ABSOLUTE)

    Exec Addr    Load Addr    Size         Type   Attr      Idx    E Section Name        Object

    0x20000000   0x0800c02c   0x00000014   Data   RW           21    .data               system_stm32f10x.o
    0x20000014   0x0800c040   0x00000014   Data   RW         1731    .data               stm32f10x_rcc.o
    0x20000028   0x0800c054   0x0000000b   Data   RW         3418    .data               bsp_led.o
    0x20000033   0x0800c05f   0x00000001   PAD
    0x20000034   0x0800c060   0x00000004   Data   RW         3604    .data               bsp_usart.o
    0x20000038   0x0800c064   0x00000008   Data   RW         3775    .data               bsp_systick.o
    0x20000040   0x0800c06c   0x00000034   Data   RW         4134    .data               bsp_control.o
    0x20000074   0x0800c0a0   0x00000004   Data   RW         4247    .data               nrf_controller.o
    0x20000078   0x0800c0a4   0x00000004   Data   RW         4324    .data               nrf24l01p.o
    0x2000007c   0x0800c0a8   0x0000002c   Data   RW         4694    .data               inv_mpu.o
    0x200000a8   0x0800c0d4   0x0000000d   Data   RW         5168    .data               mpu6050_sl.o
    0x200000b5   0x0800c0e1   0x00000003   PAD
    0x200000b8   0x0800c0e4   0x00000014   Data   RW         5807    .data               hal_outputs.o
    0x200000cc   0x0800c0f8   0x00000004   Data   RW         6465    .data               message_layer.o
    0x200000d0   0x0800c0fc   0x00000004   Data   RW         7167    .data               mc_w.l(stdout.o)
    0x200000d4   0x0800c100   0x00000004   Data   RW         7174    .data               mc_w.l(mvars.o)
    0x200000d8   0x0800c104   0x00000004   Data   RW         7175    .data               mc_w.l(mvars.o)
    0x200000dc   0x0800c108   0x00000004   Data   RW         7179    .data               mc_w.l(errno.o)
    0x200000e0        -       0x0000001e   Zero   RW         3417    .bss                bsp_led.o
    0x200000fe        -       0x00000190   Zero   RW         3603    .bss                bsp_usart.o
    0x2000028e   0x0800c10c   0x00000002   PAD
    0x20000290        -       0x00000040   Zero   RW         4246    .bss                nrf_controller.o
    0x200002d0        -       0x00000024   Zero   RW         4573    .bss                mpu6050.o
    0x200002f4        -       0x00000010   Zero   RW         4979    .bss                inv_mpu_dmp_motion_driver.o
    0x20000304        -       0x00000024   Zero   RW         5166    .bss                mpu6050_sl.o
    0x20000328        -       0x000002d8   Zero   RW         5298    .bss                data_builder.o
    0x20000600        -       0x00000028   Zero   RW         5684    .bss                empl_outputs.o
    0x20000628        -       0x000000c4   Zero   RW         5806    .bss                hal_outputs.o
    0x200006ec        -       0x00000198   Zero   RW         6191    .bss                storage_manager.o
    0x20000884        -       0x00000088   Zero   RW         6266    .bss                results_holder.o
    0x2000090c        -       0x00000054   Zero   RW         6487    .bss                start_manager.o
    0x20000960        -       0x000002a0   Zero   RW         6516    .bss                libmpllib.lib(fast_no_motion.o)
    0x20000c00        -       0x00000138   Zero   RW         6607    .bss                libmpllib.lib(fusion_9axis.o)
    0x20000d38        -       0x000001c4   Zero   RW         6632    .bss                libmpllib.lib(gyro_tc.o)
    0x20000efc        -       0x0000006c   Zero   RW         6653    .bss                libmpllib.lib(quaternion_supervisor.o)
    0x20000f68        -       0x000000b8   Zero   RW         6671    .bss                libmpllib.lib(mag_disturb.o)
    0x20001020        -       0x00000200   Zero   RW         4555    HEAP                startup_stm32f10x_md.o
    0x20001220        -       0x00000400   Zero   RW         4554    STACK               startup_stm32f10x_md.o


==============================================================================

Image component sizes


      Code (inc. data)   RO Data    RW Data    ZI Data      Debug   Object Name

       286         12          0          0          0       1918   bsp_520motor.o
      1340        106          0         52          0       5183   bsp_control.o
       956        110          0          0          0       3104   bsp_encoder.o
       194          0          0          0          0       1500   bsp_exti.o
       144         12          0          0          0       1130   bsp_gpio.o
       376         42          0         11         30       3962   bsp_led.o
      1166        108          0          0          0       5352   bsp_pwm.o
       498         36          0          0          0       4510   bsp_soft_i2c.o
       560         24          0          0          0       3006   bsp_spi.o
       196         30          0          8          0      18425   bsp_systick.o
       936         82          0          4        400       6059   bsp_usart.o
       328        154          0          0          0       1472   controller_decode.o
         0          0          0          0          0       4536   core_cm3.o
      2168        234         68          0        728      22458   data_builder.o
       948         52          0          0         40       6074   empl_outputs.o
       604         26          0         20        196       4107   hal_outputs.o
      3584        114         84         44          0      20404   inv_mpu.o
      2488        108       3062          0         16      19353   inv_mpu_dmp_motion_driver.o
       208         16          0          0          0       1094   log_stm32.o
       594        186          0          0          0      17881   main.o
        28          4          0          4          0       1402   message_layer.o
       132         22          0          0          0       1603   misc.o
      2052          0          0          0          0      16026   ml_math_func.o
       304        132         47          0          0       2688   mpl.o
       522         14          0          0         36       5021   mpu6050.o
       402         94          9         13         36       4336   mpu6050_sl.o
      1698        272         72          4          0      12894   nrf24l01p.o
       592        272          0          4         64       4153   nrf_controller.o
       684         92          0          0        136      12258   results_holder.o
       204         20          0          0         84       3488   start_manager.o
        36          8        236          0       1536        820   startup_stm32f10x_md.o
       200         18          0          0          0       2152   stm32f10x_exti.o
       494         10          0          0          0       4492   stm32f10x_gpio.o
       108          4          0          0          0       7652   stm32f10x_it.o
       340         44          0         20          0       5580   stm32f10x_rcc.o
       140          0          0          0          0       4392   stm32f10x_spi.o
      2434        264          0          0          0      20394   stm32f10x_tim.o
       442          6          0          0          0       6101   stm32f10x_usart.o
       168         10          0          0        408       2633   storage_manager.o
       328         28          0         20          0     258281   system_stm32f10x.o

    ----------------------------------------------------------------------
     28936       2766       3616        208       3712     527894   Object Totals
         0          0         32          0          0          0   (incl. Generated)
        54          0          6          4          2          0   (incl. Padding)

    ----------------------------------------------------------------------

      Code (inc. data)   RO Data    RW Data    ZI Data      Debug   Library Member Name

      2548         42          0          0        672      19752   fast_no_motion.o
      1628         54          0          0        312       5308   fusion_9axis.o
      1212         30          0          0        452       5515   gyro_tc.o
      1360         46          0          0        184       7270   mag_disturb.o
      2368        102          0          0        108       5409   quaternion_supervisor.o
       284         42          0          0          0        120   acosf.o
       604         76          0          0          0        116   atan2f.o
       380         52          0          0          0        124   cosf.o
        38          0          0          0          0         68   fpclassifyf.o
        28          0          0          0          0        272   funder.o
       360         16         32          0          0         88   rredf.o
       392         54          0          0          0        124   sinf.o
        44          0          0          0          0         80   sqrtf.o
         0          0          0          0          0          0   entry.o
         0          0          0          0          0          0   entry10a.o
         0          0          0          0          0          0   entry11a.o
         8          4          0          0          0          0   entry2.o
         4          0          0          0          0          0   entry5.o
         0          0          0          0          0          0   entry7b.o
         0          0          0          0          0          0   entry8b.o
         8          4          0          0          0          0   entry9a.o
        12          6          0          4          0         68   errno.o
        18          0          0          0          0         80   fputc.o
        30          0          0          0          0          0   handlers.o
        36          8          0          0          0         68   init.o
         0          0          0          0          0          0   iusefp.o
         0          0          0          0          0          0   iusesemip.o
        98          0          0          0          0         84   ldiv.o
        30          0          0          0          0         68   llshl.o
        36          0          0          0          0         68   llsshr.o
        32          0          0          0          0         68   llushr.o
       188         20          0          0          0        160   malloc.o
        26          0          0          0          0         80   memcmp.o
        64          0          0          0          0         76   memmovea.o
        36          0          0          0          0        108   memseta.o
         0          0          0          8          0          0   mvars.o
      2330        100          0          0          0        740   printfa.o
         0          0          0          0          0          0   semi.o
         0          0          0          4          0          0   stdout.o
        44          0          0          0          0         80   uidiv.o
        98          0          0          0          0         92   uldiv.o
        48          0          0          0          0         68   cdrcmple.o
        20          0          0          0          0         68   cfcmple.o
        20          0          0          0          0         68   cfrcmple.o
        56          0          0          0          0         88   d2f.o
       334          0          0          0          0        148   dadd.o
       222          0          0          0          0        100   ddiv.o
       186          0          0          0          0        176   depilogue.o
        62          0          0          0          0         80   dfixi.o
        48          0          0          0          0         68   dfixul.o
        34          0          0          0          0         76   dflti.o
       228          0          0          0          0         96   dmul.o
        46          0          0          0          0         80   dscalb.o
        38          0          0          0          0         68   f2d.o
       176          0          0          0          0        140   fadd.o
       124          0          0          0          0         88   fdiv.o
       110          0          0          0          0        168   fepilogue.o
        50          0          0          0          0         68   ffixi.o
        66          0          0          0          0         76   ffixl.o
        40          0          0          0          0         68   ffixui.o
        18          0          0          0          0         68   fflti.o
        44          0          0          0          0         92   ffltl.o
        10          0          0          0          0         68   ffltui.o
       100          0          0          0          0         76   fmul.o
        60          0          0          0          0         76   frnd.o
        24          0          0          0          0         68   fscalb.o
        94          0          0          0          0         96   fsqrt.o

    ----------------------------------------------------------------------
     16612        656         32         16       1728      48422   Library Totals
        10          0          0          0          0          0   (incl. Padding)

    ----------------------------------------------------------------------

      Code (inc. data)   RO Data    RW Data    ZI Data      Debug   Library Name

      9116        274          0          0       1728      43254   libmpllib.lib
      2130        240         32          0          0        992   m_ws.l
      3098        142          0         16          0       1840   mc_w.l
      2258          0          0          0          0       2336   mf_w.l

    ----------------------------------------------------------------------
     16612        656         32         16       1728      48422   Library Totals

    ----------------------------------------------------------------------

==============================================================================


      Code (inc. data)   RO Data    RW Data    ZI Data      Debug   

     45548       3422       3648        224       5440     557644   Grand Totals
     45548       3422       3648        224       5440     557644   ELF Image Totals
     45548       3422       3648        224          0          0   ROM Totals

==============================================================================

    Total RO  Size (Code + RO Data)                49196 (  48.04kB)
    Total RW  Size (RW Data + ZI Data)              5664 (   5.53kB)
    Total ROM Size (Code + RO Data + RW Data)      49420 (  48.26kB)

==============================================================================

