<html>
<body>
<pre>
<h1>µVision Build Log</h1>
<h2>Tool Versions:</h2>
IDE-Version: ¦ÌVision V5.29.0.0
Copyright (C) 2019 ARM Ltd and ARM Germany GmbH. All rights reserved.
License Information: Y Hades, DHU, LIC=WHYH9-4LE7C-74SS0-BSQWY-SB4K0-3NENI
 
Tool Versions:
Toolchain:       MDK-ARM Plus  Version: 5.15.0
Toolchain Path:  C:\Keil_v5\ARM\ARMCC\Bin
C Compiler:      Armcc.exe V5.05 update 2 (build 169)
Assembler:       Armasm.exe V5.05 update 2 (build 169)
Linker/Locator:  ArmLink.exe V5.05 update 2 (build 169)
Library Manager: ArmAr.exe V5.05 update 2 (build 169)
Hex Converter:   FromElf.exe V5.05 update 2 (build 169)
CPU DLL:         SARMCM3.DLL V5.15.0
Dialog DLL:      DARMSTM.DLL V1.65.0.0
Target DLL:      STLink\ST-LINKIII-KEIL_SWO.dll V2.0.15.0_KEIL
Dialog DLL:      TARMSTM.DLL V1.64.0.0
 
<h2>Project:</h2>
E:\WorkFile\STM32Work\C6_8T6\BALANCE_CAR\Project\PROJECT.uvprojx
Project File Date:  03/09/2026

<h2>Output:</h2>
*** Using Compiler 'V5.05 update 2 (build 169)', folder: 'C:\Keil_v5\ARM\ARMCC\Bin'
Rebuild target 'Target 1'
compiling core_cm3.c...
compiling stm32f10x_can.c...
compiling misc.c...
compiling system_stm32f10x.c...
compiling stm32f10x_exti.c...
compiling stm32f10x_crc.c...
compiling stm32f10x_dbgmcu.c...
compiling stm32f10x_bkp.c...
compiling stm32f10x_dac.c...
compiling stm32f10x_cec.c...
compiling stm32f10x_i2c.c...
compiling stm32f10x_usart.c...
compiling stm32f10x_iwdg.c...
compiling stm32f10x_tim.c...
compiling stm32f10x_rcc.c...
compiling stm32f10x_spi.c...
compiling stm32f10x_flash.c...
compiling stm32f10x_sdio.c...
compiling stm32f10x_adc.c...
compiling stm32f10x_gpio.c...
compiling stm32f10x_fsmc.c...
compiling stm32f10x_dma.c...
compiling stm32f10x_pwr.c...
compiling stm32f10x_wwdg.c...
compiling stm32f10x_rtc.c...
compiling main.c...
compiling stm32f10x_it.c...
compiling bsp_520Motor.c...
compiling bsp_soft_i2c.c...
compiling bsp_spi.c...
compiling bsp_gpio.c...
compiling oled.c...
compiling bsp_tim.c...
compiling bsp_SysTick.c...
compiling bsp_key.c...
compiling bsp_usart.c...
compiling bsp_control.c...
compiling bsp_iic.c...
compiling bsp_encoder.c...
compiling bsp_led.c...
compiling bsp_pwm.c...
compiling bsp_exti.c...
compiling bsp_hc_sr04.c...
..\Libraries\HC_SR04\bsp_hc_sr04.c(152): warning:  #1215-D: #warning directive: There are undefined actual parameters: HC_SR04_TIME_BSPTIMxStruct
  			#warning There are undefined actual parameters: HC_SR04_TIME_BSPTIMxStruct
..\Libraries\HC_SR04\bsp_hc_sr04.c(163): warning:  #1215-D: #warning directive: There are undefined actual parameters: HC_SR04_TIME_BSPTIMxStruct
  			#warning There are undefined actual parameters: HC_SR04_TIME_BSPTIMxStruct
..\Libraries\HC_SR04\bsp_hc_sr04.c: 2 warnings, 0 errors
compiling bsp_TFT_Font.c...
compiling data_builder.c...
compiling mpl.c...
assembling startup_stm32f10x_md.s...
compiling nrf_controller.c...
compiling controller_decode.c...
compiling eMPL_outputs.c...
compiling bsp_hard_i2c.c...
compiling bsp_adc.c...
compiling ml_math_func.c...
compiling mpu6050.c...
compiling results_holder.c...
compiling start_manager.c...
compiling storage_manager.c...
compiling inv_mpu.c...
compiling inv_mpu_dmp_motion_driver.c...
compiling log_stm32.c...
compiling nrf24l01p.c...
compiling mpu6050_SL.c...
compiling bsp_time.c...
compiling message_layer.c...
compiling hal_outputs.c...
linking...
Program Size: Code=12504 RO-data=416 RW-data=104 ZI-data=2064  
".\Objects\PROJECT.axf" - 0 Error(s), 2 Warning(s).

<h2>Software Packages used:</h2>

Package Vendor: Keil
                http://www.keil.com/pack/Keil.STM32F1xx_DFP.2.0.0.pack
                Keil.STM32F1xx_DFP.2.0.0
                STMicroelectronics STM32F1 Series Device Support, Drivers and Examples

<h2>Collection of Component include folders:</h2>
  .\RTE\_Target_1
  C:\Keil_v5\ARM\PACK\Keil\STM32F1xx_DFP\2.0.0\Device\Include

<h2>Collection of Component Files used:</h2>
Build Time Elapsed:  00:00:03
</pre>
</body>
</html>
